Component: ARM Compiler 5.06 update 6 (build 750) Tool: armlink [4d35ed]

==============================================================================

Section Cross References

    main.o(i.main) refers to ht32f5xxxx_ckcu.o(i.CKCU_PeripClockConfig) for CKCU_PeripClockConfig
    main.o(i.main) refers to ht32f5xxxx_pwrcu.o(i.PWRCU_CheckReadyAccessed) for PWRCU_CheckReadyAccessed
    main.o(i.main) refers to ht32f5xxxx_rtc.o(i.RTC_LSILoadTrimData) for RTC_LSILoadTrimData
    main.o(i.main) refers to ht32f5xxxx_rtc.o(i.RTC_DeInit) for RTC_DeInit
    main.o(i.main) refers to delay.o(i.delay_init) for delay_init
    main.o(i.main) refers to ht32f5xxxx_gpio.o(i.GPIO_DisableDebugPort) for GPIO_DisableDebugPort
    main.o(i.main) refers to flashprot.o(i.CheckForFlashLock) for CheckForFlashLock
    main.o(i.main) refers to mcubeattimer.o(i.EnableHBTimer) for EnableHBTimer
    main.o(i.main) refers to ledmgmt.o(i.LED_Init) for LED_Init
    main.o(i.main) refers to pwmdim.o(i.PWMTimerInit) for PWMTimerInit
    main.o(i.main) refers to adc.o(i.InternalADC_Init) for InternalADC_Init
    main.o(i.main) refers to sidekey.o(i.SideKeyInit) for SideKeyInit
    main.o(i.main) refers to fan.o(i.FanOutputInit) for FanOutputInit
    main.o(i.main) refers to modelogic.o(i.LightLogicSetup) for LightLogicSetup
    main.o(i.main) refers to battmonitor.o(i.CellCountDetectHandler) for CellCountDetectHandler
    main.o(i.main) refers to pwmdim.o(i.GenerateStrobeAfterPOST) for GenerateStrobeAfterPOST
    main.o(i.main) refers to sidekey.o(i.SideKey_LogicHandler) for SideKey_LogicHandler
    main.o(i.main) refers to battmonitor.o(i.BatteryMonitorHandler) for BatteryMonitorHandler
    main.o(i.main) refers to modelogic.o(i.LightModeStateMachine) for LightModeStateMachine
    main.o(i.main) refers to tempcontrol.o(i.PIDStepdownCalc) for PIDStepdownCalc
    main.o(i.main) refers to modelogic.o(i.ControlMainLEDHandler) for ControlMainLEDHandler
    main.o(i.main) refers to fan.o(i.FanSpeedControlHandler) for FanSpeedControlHandler
    main.o(i.main) refers to battmonitor.o(i.BatteryLPFHandler) for BatteryLPFHandler
    main.o(i.main) refers to tempcontrol.o(i.OverHeatProtectionHandler) for OverHeatProtectionHandler
    main.o(i.main) refers to ledmgmt.o(i.LEDMgmt_CallBack) for LEDMgmt_CallBack
    main.o(i.main) refers to modelogic.o(i.ReverseModeCycleOpHandler) for ReverseModeCycleOpHandler
    main.o(i.main) refers to modelogic.o(i.LowVoltageAlertHandler) for LowVoltageAlertHandler
    main.o(i.main) refers to main.o(.data) for .data
    ht32f5xxxx_01_it.o(i.ADC_IRQHandler) refers to ht32f5xxxx_adc.o(i.ADC_GetIntStatus) for ADC_GetIntStatus
    ht32f5xxxx_01_it.o(i.ADC_IRQHandler) refers to adc.o(i.ADC_EOC_interrupt_Callback) for ADC_EOC_interrupt_Callback
    ht32f5xxxx_01_it.o(i.EXTI4_15_IRQHandler) refers to ht32f5xxxx_exti.o(i.EXTI_GetEdgeFlag) for EXTI_GetEdgeFlag
    ht32f5xxxx_01_it.o(i.EXTI4_15_IRQHandler) refers to ht32f5xxxx_exti.o(i.EXTI_ClearEdgeFlag) for EXTI_ClearEdgeFlag
    ht32f5xxxx_01_it.o(i.EXTI4_15_IRQHandler) refers to sidekey.o(i.SideKey_Callback) for SideKey_Callback
    ht32f5xxxx_01_it.o(i.GPTM0_IRQHandler) refers to ht32f5xxxx_tm.o(i.TM_GetFlagStatus) for TM_GetFlagStatus
    ht32f5xxxx_01_it.o(i.GPTM0_IRQHandler) refers to ht32f5xxxx_tm.o(i.TM_ClearFlag) for TM_ClearFlag
    ht32f5xxxx_01_it.o(i.GPTM0_IRQHandler) refers to ledmgmt.o(i.LEDMgmt_CallBack) for LEDMgmt_CallBack
    ht32f5xxxx_01_it.o(i.GPTM0_IRQHandler) refers to sidekey.o(i.SideKey_TIM_Callback) for SideKey_TIM_Callback
    ht32f5xxxx_01_it.o(i.GPTM0_IRQHandler) refers to main.o(.data) for EnteredMainApp
    ht32f5xxxx_01_it.o(i.GPTM0_IRQHandler) refers to deepsleep.o(.data) for DeepSleepTimerFlag
    ht32f5xxxx_01_it.o(i.GPTM1_IRQHandler) refers to ht32f5xxxx_tm.o(i.TM_GetFlagStatus) for TM_GetFlagStatus
    ht32f5xxxx_01_it.o(i.GPTM1_IRQHandler) refers to ht32f5xxxx_tm.o(i.TM_ClearFlag) for TM_ClearFlag
    ht32f5xxxx_01_it.o(i.GPTM1_IRQHandler) refers to modelogic.o(i.RampAdjustHandler) for RampAdjustHandler
    ht32f5xxxx_01_it.o(i.GPTM1_IRQHandler) refers to modelogic.o(.data) for LightMode
    ht32f5xxxx_01_it.o(i.HardFault_Handler) refers to ht32f5xxxx_01_it.o(.data) for .data
    ht32f5xxxx_01_it.o(i.RTC_IRQHandler) refers to ht32f5xxxx_rtc.o(i.RTC_GetFlagStatus) for RTC_GetFlagStatus
    ht32f5xxxx_01_it.o(i.RTC_IRQHandler) refers to autolockrtc.o(i.RTCCMIntHandler) for RTCCMIntHandler
    ht32f5xxxx_01_it.o(i.SysTick_Handler) refers to delay.o(.data) for DelaySeconds
    delay.o(i.delay_Second) refers to ht32_cm0plus_misc.o(i.SYSTICK_IntConfig) for SYSTICK_IntConfig
    delay.o(i.delay_Second) refers to delay.o(.data) for DelaySeconds
    delay.o(i.delay_init) refers to ht32_cm0plus_misc.o(i.SYSTICK_ClockSourceConfig) for SYSTICK_ClockSourceConfig
    delay.o(i.delay_init) refers to ht32_cm0plus_misc.o(i.SYSTICK_IntConfig) for SYSTICK_IntConfig
[...]
    i.DisableHBTimer                         0x00002158   Section        0  mcubeattimer.o(i.DisableHBTimer)
    i.DisplayBatteryVoltage                  0x00002194   Section        0  battmonitor.o(i.DisplayBatteryVoltage)
    i.DisplaySystemTemp                      0x0000228c   Section        0  tempcontrol.o(i.DisplaySystemTemp)
    i.DisplayTemp                            0x00002480   Section        0  tempcontrol.o(i.DisplayTemp)
    i.EXTI4_15_IRQHandler                    0x000024d8   Section        0  ht32f5xxxx_01_it.o(i.EXTI4_15_IRQHandler)
    i.EXTI_ClearEdgeFlag                     0x000024f0   Section        0  ht32f5xxxx_exti.o(i.EXTI_ClearEdgeFlag)
    i.EXTI_GetEdgeFlag                       0x00002500   Section        0  ht32f5xxxx_exti.o(i.EXTI_GetEdgeFlag)
    i.EXTI_Init                              0x00002518   Section        0  ht32f5xxxx_exti.o(i.EXTI_Init)
    i.EXTI_IntConfig                         0x00002538   Section        0  ht32f5xxxx_exti.o(i.EXTI_IntConfig)
    i.EnableHBTimer                          0x00002554   Section        0  mcubeattimer.o(i.EnableHBTimer)
    i.EnteredLowPowerMode                    0x000025b8   Section        0  deepsleep.o(i.EnteredLowPowerMode)
    i.ExitLowPowerMode                       0x00002678   Section        0  deepsleep.o(i.ExitLowPowerMode)
    i.FLASH_EraseOptionByte                  0x00002758   Section        0  ht32f5xxxx_flash.o(i.FLASH_EraseOptionByte)
    i.FLASH_ErasePage                        0x00002774   Section        0  ht32f5xxxx_flash.o(i.FLASH_ErasePage)
    i.FLASH_GetOptionByteStatus              0x00002788   Section        0  ht32f5xxxx_flash.o(i.FLASH_GetOptionByteStatus)
    i.FLASH_ProgramOptionByte                0x000027bc   Section        0  ht32f5xxxx_flash.o(i.FLASH_ProgramOptionByte)
    i.FLASH_ProgramWordData                  0x00002828   Section        0  ht32f5xxxx_flash.o(i.FLASH_ProgramWordData)
    i.FLASH_WaitForOperationEnd              0x00002840   Section        0  ht32f5xxxx_flash.o(i.FLASH_WaitForOperationEnd)
    i.FanOutputInit                          0x00002898   Section        0  fan.o(i.FanOutputInit)
    i.FanSpeedControlHandler                 0x00002934   Section        0  fan.o(i.FanSpeedControlHandler)
    i.FillThermalFilterBuf                   0x00002a34   Section        0  tempcontrol.o(i.FillThermalFilterBuf)
    i.ForceDisableFan                        0x00002a50   Section        0  fan.o(i.ForceDisableFan)
    i.GPIO_ClearOutBits                      0x00002a74   Section        0  ht32f5xxxx_gpio.o(i.GPIO_ClearOutBits)
    i.GPIO_DirectionConfig                   0x00002a78   Section        0  ht32f5xxxx_gpio.o(i.GPIO_DirectionConfig)
    i.GPIO_DisableDebugPort                  0x00002a88   Section        0  ht32f5xxxx_gpio.o(i.GPIO_DisableDebugPort)
    i.GPIO_DriveConfig                       0x00002ac0   Section        0  ht32f5xxxx_gpio.o(i.GPIO_DriveConfig)
    i.GPIO_InputConfig                       0x00002af8   Section        0  ht32f5xxxx_gpio.o(i.GPIO_InputConfig)
    i.GPIO_ReadInBit                         0x00002b08   Section        0  ht32f5xxxx_gpio.o(i.GPIO_ReadInBit)
    i.GPIO_ReadOutBit                        0x00002b12   Section        0  ht32f5xxxx_gpio.o(i.GPIO_ReadOutBit)
    i.GPIO_SetOutBits                        0x00002b1c   Section        0  ht32f5xxxx_gpio.o(i.GPIO_SetOutBits)
    i.GPTM0_IRQHandler                       0x00002b20   Section        0  ht32f5xxxx_01_it.o(i.GPTM0_IRQHandler)
    i.GPTM1_IRQHandler                       0x00002b68   Section        0  ht32f5xxxx_01_it.o(i.GPTM1_IRQHandler)
    i.GenerateStrobeAfterPOST                0x00002ba4   Section        0  pwmdim.o(i.GenerateStrobeAfterPOST)
    i.HardFault_Handler                      0x00002c0c   Section        0  ht32f5xxxx_01_it.o(i.HardFault_Handler)
    i.InternalADC_Init                       0x00002c58   Section        0  adc.o(i.InternalADC_Init)
    i.LEDFilter                              0x00002d44   Section        0  tempcontrol.o(i.LEDFilter)
    i.LEDMgmt_CallBack                       0x00002df0   Section        0  ledmgmt.o(i.LEDMgmt_CallBack)
    i.LED_AddStrobe                          0x00002f28   Section        0  ledmgmt.o(i.LED_AddStrobe)
    i.LED_Init                               0x00002f74   Section        0  ledmgmt.o(i.LED_Init)
    i.LED_Reset                              0x00002fdc   Section        0  ledmgmt.o(i.LED_Reset)
    i.LED_ShowLoopOperationOnce              0x00003000   Section        0  ledmgmt.o(i.LED_ShowLoopOperationOnce)
    i.LightLogicSetup                        0x00003050   Section        0  modelogic.o(i.LightLogicSetup)
    i.LightModeStateMachine                  0x000030c0   Section        0  modelogic.o(i.LightModeStateMachine)
    i.LowVoltageAlertHandler                 0x00003454   Section        0  modelogic.o(i.LowVoltageAlertHandler)
    i.MCTM_CHBRKCTRConfig                    0x00003488   Section        0  ht32f5xxxx_mctm.o(i.MCTM_CHBRKCTRConfig)
    i.MCTM_CHMOECmd                          0x000034ba   Section        0  ht32f5xxxx_mctm.o(i.MCTM_CHMOECmd)
    i.MainProgramRegionCRC                   0x000034cc   Section        0  flashprot.o(i.MainProgramRegionCRC)
    i.NMI_Handler                            0x00003548   Section        0  ht32f5xxxx_01_it.o(i.NMI_Handler)
    i.OverHeatProtectionHandler              0x0000354c   Section        0  tempcontrol.o(i.OverHeatProtectionHandler)
    i.PIDStepdownCalc                        0x000035c8   Section        0  tempcontrol.o(i.PIDStepdownCalc)
    i.PWMTimerInit                           0x00003810   Section        0  pwmdim.o(i.PWMTimerInit)
    i.PWRCU_CheckReadyAccessed               0x00003910   Section        0  ht32f5xxxx_pwrcu.o(i.PWRCU_CheckReadyAccessed)
    i.PendSV_Handler                         0x00003930   Section        0  ht32f5xxxx_01_it.o(i.PendSV_Handler)
    i.PowerOffProcess                        0x00003934   Section        0  modelogic.o(i.PowerOffProcess)
    PowerOffProcess                          0x00003935   Thumb Code    54  modelogic.o(i.PowerOffProcess)
    i.RSTCU_PeripReset                       0x0000397c   Section        0  ht32f5xxxx_rstcu.o(i.RSTCU_PeripReset)
    i.RTCCMIntHandler                        0x000039a4   Section        0  autolockrtc.o(i.RTCCMIntHandler)
    i.RTC_DeInit                             0x000039e4   Section        0  ht32f5xxxx_rtc.o(i.RTC_DeInit)
    i.RTC_GetFlagStatus                      0x00003a10   Section        0  ht32f5xxxx_rtc.o(i.RTC_GetFlagStatus)
    i.RTC_IRQHandler                         0x00003a1c   Section        0  ht32f5xxxx_01_it.o(i.RTC_IRQHandler)
    i.RTC_LSILoadTrimData                    0x00003a3c   Section        0  ht32f5xxxx_rtc.o(i.RTC_LSILoadTrimData)
    i.RampAdjustHandler                      0x00003a78   Section        0  modelogic.o(i.RampAdjustHandler)
    i.RestartRTCTimer                        0x00003b34   Section        0  autolockrtc.o(i.RestartRTCTimer)
    i.ReverseModeCycleOpHandler              0x00003b48   Section        0  modelogic.o(i.ReverseModeCycleOpHandler)
    i.SVC_Handler                            0x00003bb0   Section        0  ht32f5xxxx_01_it.o(i.SVC_Handler)
    i.SYSTICK_ClockSourceConfig              0x00003bb4   Section        0  ht32_cm0plus_misc.o(i.SYSTICK_ClockSourceConfig)
    i.SYSTICK_CounterCmd                     0x00003bcc   Section        0  ht32_cm0plus_misc.o(i.SYSTICK_CounterCmd)
    i.SYSTICK_IntConfig                      0x00003bf0   Section        0  ht32_cm0plus_misc.o(i.SYSTICK_IntConfig)
    i.SetPWMDuty                             0x00003c08   Section        0  pwmdim.o(i.SetPWMDuty)
    i.SetupRTCForCounter                     0x00003c5c   Section        0  autolockrtc.o(i.SetupRTCForCounter)
    i.SideKeyInit                            0x00003c60   Section        0  sidekey.o(i.SideKeyInit)
    i.SideKey_Callback                       0x00003ce4   Section        0  sidekey.o(i.SideKey_Callback)
    i.SideKey_LogicHandler                   0x00003d8c   Section        0  sidekey.o(i.SideKey_LogicHandler)
    i.SideKey_TIM_Callback                   0x00003e30   Section        0  sidekey.o(i.SideKey_TIM_Callback)
    i.SysTick_Handler                        0x00003e74   Section        0  ht32f5xxxx_01_it.o(i.SysTick_Handler)
    i.SystemInit                             0x00003e88   Section        0  system_ht32f5xxxx_01.o(i.SystemInit)
    i.TM_ClearFlag                           0x00003f94   Section        0  ht32f5xxxx_tm.o(i.TM_ClearFlag)
    i.TM_Cmd                                 0x00003f9e   Section        0  ht32f5xxxx_tm.o(i.TM_Cmd)
    i.TM_GetFlagStatus                       0x00003fb2   Section        0  ht32f5xxxx_tm.o(i.TM_GetFlagStatus)
    i.TM_IntConfig                           0x00003fbc   Section        0  ht32f5xxxx_tm.o(i.TM_IntConfig)
    i.TM_OutputInit                          0x00003fcc   Section        0  ht32f5xxxx_tm.o(i.TM_OutputInit)
    i.TM_SetCounterReload                    0x00004078   Section        0  ht32f5xxxx_tm.o(i.TM_SetCounterReload)
    i.TM_TimeBaseInit                        0x00004080   Section        0  ht32f5xxxx_tm.o(i.TM_TimeBaseInit)
    i.__ARM_fpclassify                       0x000040c0   Section        0  fpclassify.o(i.__ARM_fpclassify)
    i.__kernel_poly                          0x000040ec   Section        0  poly.o(i.__kernel_poly)
    i.__mathlib_dbl_divzero                  0x00004198   Section        0  dunder.o(i.__mathlib_dbl_divzero)
    i.__mathlib_dbl_infnan                   0x000041ac   Section        0  dunder.o(i.__mathlib_dbl_infnan)
    i.__mathlib_dbl_infnan2                  0x000041b6   Section        0  dunder.o(i.__mathlib_dbl_infnan2)
    i.__mathlib_dbl_invalid                  0x000041be   Section        0  dunder.o(i.__mathlib_dbl_invalid)
    i.__mathlib_dbl_overflow                 0x000041d0   Section        0  dunder.o(i.__mathlib_dbl_overflow)
    i.__mathlib_dbl_underflow                0x000041e4   Section        0  dunder.o(i.__mathlib_dbl_underflow)
    i.delay_init                             0x000041f8   Section        0  delay.o(i.delay_init)
    i.delay_ms                               0x00004224   Section        0  delay.o(i.delay_ms)
    i.delay_us                               0x00004270   Section        0  delay.o(i.delay_us)
    i.fmaxf                                  0x000042bc   Section        0  fmaxf.o(i.fmaxf)
    i.fminf                                  0x000042e2   Section        0  fminf.o(i.fminf)
    i.getSideKeyAnyHoldEvent                 0x00004308   Section        0  sidekey.o(i.getSideKeyAnyHoldEvent)
    i.getSideKeyClickAndHoldEvent            0x00004330   Section        0  sidekey.o(i.getSideKeyClickAndHoldEvent)
    i.getSideKeyDoubleClickAndHoldEvent      0x0000433c   Section        0  sidekey.o(i.getSideKeyDoubleClickAndHoldEvent)
    i.getSideKeyHoldEvent                    0x00004348   Section        0  sidekey.o(i.getSideKeyHoldEvent)
    i.getSideKeyLongPressEvent               0x00004354   Section        0  sidekey.o(i.getSideKeyLongPressEvent)
    i.getSideKeyQuadClickAndHoldEvent        0x0000436c   Section        0  sidekey.o(i.getSideKeyQuadClickAndHoldEvent)
    i.getSideKeyShortPressCount              0x00004378   Section        0  sidekey.o(i.getSideKeyShortPressCount)
    i.getSideKeyTripleClickAndHoldEvent      0x000043a0   Section        0  sidekey.o(i.getSideKeyTripleClickAndHoldEvent)
    i.iroundf                                0x000043ac   Section        0  lineartabop.o(i.iroundf)
    i.log                                    0x000043dc   Section        0  log.o(i.log)
    i.main                                   0x00004730   Section        0  main.o(i.main)
    i.pow                                    0x000047c4   Section        0  pow.o(i.pow)
    i.sqrt                                   0x000051c0   Section        0  sqrt.o(i.sqrt)
    x$fpl$deqf                               0x00005208   Section      100  deqf.o(x$fpl$deqf)
    x$fpl$dleqf                              0x0000526c   Section      100  dlef.o(x$fpl$dleqf)
    x$fpl$drleqf                             0x000052d0   Section      104  drlef.o(x$fpl$drleqf)
    x$fpl$fadd                               0x00005338   Section      140  faddsub.o(x$fpl$fadd)
    _fadd1                                   0x00005345   Thumb Code     0  faddsub.o(x$fpl$fadd)
    x$fpl$fmul                               0x000053c4   Section      176  fmul.o(x$fpl$fmul)
    x$fpl$frleqf                             0x00005474   Section       88  frlef.o(x$fpl$frleqf)
    x$fpl$frsb                               0x000054cc   Section       24  faddsub.o(x$fpl$frsb)
    x$fpl$fsub                               0x000054e4   Section      208  faddsub.o(x$fpl$fsub)
    _fsub1                                   0x000054f1   Thumb Code     0  faddsub.o(x$fpl$fsub)
    .constdata                               0x000055b4   Section       20  modelogic.o(.constdata)
    x$fpl$usenofp                            0x000055b4   Section        0  usenofp.o(x$fpl$usenofp)
    .constdata                               0x000055c8   Section      128  ddiv.o(.constdata)
    ddiv_reciptbl                            0x000055c8   Data         128  ddiv.o(.constdata)
    .constdata                               0x00005648   Section       64  fdiv.o(.constdata)
    fdiv_tab                                 0x00005648   Data          64  fdiv.o(.constdata)
    .constdata                               0x00005688   Section       56  log.o(.constdata)
    Lg2                                      0x00005688   Data          24  log.o(.constdata)
    Lg                                       0x000056a0   Data          32  log.o(.constdata)
    .constdata                               0x000056c0   Section      136  pow.o(.constdata)
    bp                                       0x000056c0   Data          16  pow.o(.constdata)
    dp_h                                     0x000056d0   Data          16  pow.o(.constdata)
    dp_l                                     0x000056e0   Data          16  pow.o(.constdata)
    L                                        0x000056f0   Data          48  pow.o(.constdata)
    P                                        0x00005720   Data          40  pow.o(.constdata)
    .constdata                               0x00005748   Section        8  qnan.o(.constdata)
    .conststring                             0x00005750   Section      255  ledmgmt.o(.conststring)
    .data                                    0x20000000   Section        2  main.o(.data)
    .data                                    0x20000004   Section        4  ht32f5xxxx_01_it.o(.data)
    LEDTimer                                 0x20000004   Data           4  ht32f5xxxx_01_it.o(.data)
    .data                                    0x20000008   Section        1  delay.o(.data)
    .data                                    0x20000009   Section        1  adc.o(.data)
    ADCEOCFlag                               0x20000009   Data           1  adc.o(.data)
    .data                                    0x2000000c   Section      152  ledmgmt.o(.data)
    IsLEDInitOK                              0x2000000c   Data           1  ledmgmt.o(.data)
    LEDDelayTimer                            0x2000000e   Data           2  ledmgmt.o(.data)
    LastExtLEDIdx                            0x20000014   Data           4  ledmgmt.o(.data)
    ConstReadPtr                             0x20000018   Data           4  ledmgmt.o(.data)
    LastLEDIndex                             0x2000001c   Data           4  ledmgmt.o(.data)
    .data                                    0x200000a4   Section        3  sidekey.o(.data)
    IsKeyPressed                             0x200000a4   Data           1  sidekey.o(.data)
    KeyTimer                                 0x200000a5   Data           2  sidekey.o(.data)
    .data                                    0x200000a7   Section        1  fan.o(.data)
    .data                                    0x200000a8   Section       24  modelogic.o(.data)
    IsKeyStillPressed                        0x200000a8   Data           1  modelogic.o(.data)
    AdjustDir                                0x200000a9   Data           1  modelogic.o(.data)
    TacticalMode                             0x200000aa   Data           1  modelogic.o(.data)
    LVAlertTimer                             0x200000ab   Data           1  modelogic.o(.data)
    IsKeyPressed                             0x200000ad   Data           1  modelogic.o(.data)
    MinMaxBrightNessStrobeTimer              0x200000ae   Data           1  modelogic.o(.data)
    IsEnabledLimitTimer                      0x200000af   Data           1  modelogic.o(.data)
    DimmingRatio                             0x200000b4   Data           4  modelogic.o(.data)
    .data                                    0x200000c0   Section        8  deepsleep.o(.data)
    .data                                    0x200000c8   Section       12  battmonitor.o(.data)
    BatteryVolt                              0x200000d0   Data           4  battmonitor.o(.data)
    .data                                    0x200000d4   Section       16  tempcontrol.o(.data)
    TempControlEnabled                       0x200000d5   Data           1  tempcontrol.o(.data)
    IsOHAlertAsserted                        0x200000d6   Data           1  tempcontrol.o(.data)
    err_last_temp                            0x200000d8   Data           4  tempcontrol.o(.data)
    integral_temp                            0x200000dc   Data           4  tempcontrol.o(.data)
    PIDAdjustVal                             0x200000e0   Data           4  tempcontrol.o(.data)
    .bss                                     0x200000e4   Section       64  ledmgmt.o(.bss)
    .bss                                     0x20000124   Section       10  sidekey.o(.bss)
    Keyevent                                 0x20000124   Data          10  sidekey.o(.bss)
    .bss                                     0x20000130   Section      128  fan.o(.bss)
    FanTempFilter                            0x20000130   Data         128  fan.o(.bss)
    .bss                                     0x200001b0   Section      128  battmonitor.o(.bss)
    VbattFilter                              0x200001b0   Data         128  battmonitor.o(.bss)
    .bss                                     0x20000230   Section       96  tempcontrol.o(.bss)
    .bss                                     0x20000290   Section       96  libspace.o(.bss)
    HEAP                                     0x200002f0   Section        0  startup_ht32f5xxxx_01.o(HEAP)
    STACK                                    0x200002f0   Section     3072  startup_ht32f5xxxx_01.o(STACK)
    Heap_Mem                                 0x200002f0   Data           0  startup_ht32f5xxxx_01.o(HEAP)
    Stack_Mem                                0x200002f0   Data        3072  startup_ht32f5xxxx_01.o(STACK)
    __initial_sp                             0x20000ef0   Data           0  startup_ht32f5xxxx_01.o(STACK)

    Global Symbols

    Symbol Name                              Value     Ov Type        Size  Object(Section)

    BuildAttributes$$THM_ISAv3M$S$PE$A:L22$X:L11$S22$IEEE1$IW$USESV6$~STKCKD$USESV7$~SHL$OTIME$ROPI$IEEEX$EBA8$UX$STANDARDLIB$REQ8$PRES8$EABIv2 0x00000000   Number         0  anon$$obj.o ABSOLUTE
    __ARM_use_no_argv                        0x00000000   Number         0  main.o ABSOLUTE
    __Vectors                                0x00000000   Data           0  startup_ht32f5xxxx_01.o(RESET)
    __ARM_exceptions_init                     - Undefined Weak Reference
    __alloca_initialize                       - Undefined Weak Reference
    __arm_preinit_                            - Undefined Weak Reference
    __cpp_initialize__aeabi_                  - Undefined Weak Reference
    __cxa_finalize                            - Undefined Weak Reference
    __rt_locale                               - Undefined Weak Reference
    __sigvec_lookup                           - Undefined Weak Reference
    _atexit_init                              - Undefined Weak Reference
    _call_atexit_fns                          - Undefined Weak Reference
    _clock_init                               - Undefined Weak Reference
    _fp_trap_init                             - Undefined Weak Reference
    _fp_trap_shutdown                         - Undefined Weak Reference
    _get_lc_collate                           - Undefined Weak Reference
    _get_lc_ctype                             - Undefined Weak Reference
    _get_lc_monetary                          - Undefined Weak Reference
    _get_lc_numeric                           - Undefined Weak Reference
    _get_lc_time                              - Undefined Weak Reference
    _getenv_init                              - Undefined Weak Reference
    _handle_redirection                       - Undefined Weak Reference
    _init_alloc                               - Undefined Weak Reference
    _init_user_alloc                          - Undefined Weak Reference
    _initio                                   - Undefined Weak Reference
    _rand_init                                - Undefined Weak Reference
    _signal_finish                            - Undefined Weak Reference
    _signal_init                              - Undefined Weak Reference
    _terminate_alloc                          - Undefined Weak Reference
    _terminate_user_alloc                     - Undefined Weak Reference
    _terminateio                              - Undefined Weak Reference
    Reset_Handler                            0x000000c1   Thumb Code    12  startup_ht32f5xxxx_01.o(RESET)
    AES_IRQHandler                           0x00000135   Thumb Code     0  startup_ht32f5xxxx_01.o(RESET)
    BFTM0_IRQHandler                         0x00000135   Thumb Code     0  startup_ht32f5xxxx_01.o(RESET)
    BFTM1_IRQHandler                         0x00000135   Thumb Code     0  startup_ht32f5xxxx_01.o(RESET)
    COMP_IRQHandler                          0x00000135   Thumb Code     0  startup_ht32f5xxxx_01.o(RESET)
    EVWUP_IRQHandler                         0x00000135   Thumb Code     0  startup_ht32f5xxxx_01.o(RESET)
    EXTI0_1_IRQHandler                       0x00000135   Thumb Code     0  startup_ht32f5xxxx_01.o(RESET)
    EXTI2_3_IRQHandler                       0x00000135   Thumb Code     0  startup_ht32f5xxxx_01.o(RESET)
    FLASH_IRQHandler                         0x00000135   Thumb Code     0  startup_ht32f5xxxx_01.o(RESET)
    I2C0_IRQHandler                          0x00000135   Thumb Code     0  startup_ht32f5xxxx_01.o(RESET)
    I2C1_IRQHandler                          0x00000135   Thumb Code     0  startup_ht32f5xxxx_01.o(RESET)
    I2C2_IRQHandler                          0x00000135   Thumb Code     0  startup_ht32f5xxxx_01.o(RESET)
    I2S_IRQHandler                           0x00000135   Thumb Code     0  startup_ht32f5xxxx_01.o(RESET)
    LVD_BOD_IRQHandler                       0x00000135   Thumb Code     0  startup_ht32f5xxxx_01.o(RESET)
    MCTM0_IRQHandler                         0x00000135   Thumb Code     0  startup_ht32f5xxxx_01.o(RESET)
    MIDI_IRQHandler                          0x00000135   Thumb Code     0  startup_ht32f5xxxx_01.o(RESET)
    PDMA_CH0_1_IRQHandler                    0x00000135   Thumb Code     0  startup_ht32f5xxxx_01.o(RESET)
    PDMA_CH2_5_IRQHandler                    0x00000135   Thumb Code     0  startup_ht32f5xxxx_01.o(RESET)
    PWM0_IRQHandler                          0x00000135   Thumb Code     0  startup_ht32f5xxxx_01.o(RESET)
    PWM1_IRQHandler                          0x00000135   Thumb Code     0  startup_ht32f5xxxx_01.o(RESET)
    QSPI_IRQHandler                          0x00000135   Thumb Code     0  startup_ht32f5xxxx_01.o(RESET)
    SCI_IRQHandler                           0x00000135   Thumb Code     0  startup_ht32f5xxxx_01.o(RESET)
    SCTM0_IRQHandler                         0x00000135   Thumb Code     0  startup_ht32f5xxxx_01.o(RESET)
    SCTM1_IRQHandler                         0x00000135   Thumb Code     0  startup_ht32f5xxxx_01.o(RESET)
    SCTM2_IRQHandler                         0x00000135   Thumb Code     0  startup_ht32f5xxxx_01.o(RESET)
    SCTM3_IRQHandler                         0x00000135   Thumb Code     0  startup_ht32f5xxxx_01.o(RESET)
    SPI0_IRQHandler                          0x00000135   Thumb Code     0  startup_ht32f5xxxx_01.o(RESET)
    SPI1_IRQHandler                          0x00000135   Thumb Code     0  startup_ht32f5xxxx_01.o(RESET)
    UART0_IRQHandler                         0x00000135   Thumb Code     0  startup_ht32f5xxxx_01.o(RESET)
    UART1_IRQHandler                         0x00000135   Thumb Code     0  startup_ht32f5xxxx_01.o(RESET)
    UART2_IRQHandler                         0x00000135   Thumb Code     0  startup_ht32f5xxxx_01.o(RESET)
    UART3_IRQHandler                         0x00000135   Thumb Code     0  startup_ht32f5xxxx_01.o(RESET)
    USART0_IRQHandler                        0x00000135   Thumb Code     0  startup_ht32f5xxxx_01.o(RESET)
    USART1_IRQHandler                        0x00000135   Thumb Code     0  startup_ht32f5xxxx_01.o(RESET)
    USB_IRQHandler                           0x00000135   Thumb Code     0  startup_ht32f5xxxx_01.o(RESET)
    __user_initial_stackheap                 0x00000139   Thumb Code     0  startup_ht32f5xxxx_01.o(RESET)
    __main                                   0x0000017d   Thumb Code     8  __main.o(!!!main)
    __scatterload                            0x00000185   Thumb Code     0  __scatter.o(!!!scatter)
    __scatterload_rt2                        0x00000185   Thumb Code    52  __scatter.o(!!!scatter)
    __scatterload_rt2_thumb_only             0x00000185   Thumb Code     0  __scatter.o(!!!scatter)
    __scatterload_null                       0x00000195   Thumb Code     0  __scatter.o(!!!scatter)
    __scatterload_copy                       0x000001c1   Thumb Code    26  __scatter_copy.o(!!handler_copy)
    __scatterload_zeroinit                   0x000001dd   Thumb Code    28  __scatter_zi.o(!!handler_zi)
    __rt_lib_init                            0x000001f9   Thumb Code     0  libinit.o(.ARM.Collect$$libinit$$00000000)
    __rt_lib_init_alloca_1                   0x000001fb   Thumb Code     0  libinit2.o(.ARM.Collect$$libinit$$0000002E)
    __rt_lib_init_argv_1                     0x000001fb   Thumb Code     0  libinit2.o(.ARM.Collect$$libinit$$0000002C)
    __rt_lib_init_atexit_1                   0x000001fb   Thumb Code     0  libinit2.o(.ARM.Collect$$libinit$$0000001B)
    __rt_lib_init_clock_1                    0x000001fb   Thumb Code     0  libinit2.o(.ARM.Collect$$libinit$$00000021)
    __rt_lib_init_cpp_1                      0x000001fb   Thumb Code     0  libinit2.o(.ARM.Collect$$libinit$$00000032)
    __rt_lib_init_exceptions_1               0x000001fb   Thumb Code     0  libinit2.o(.ARM.Collect$$libinit$$00000030)
    __rt_lib_init_fp_1                       0x000001fb   Thumb Code     0  libinit2.o(.ARM.Collect$$libinit$$00000002)
    __rt_lib_init_fp_trap_1                  0x000001fb   Thumb Code     0  libinit2.o(.ARM.Collect$$libinit$$0000001F)
    __rt_lib_init_getenv_1                   0x000001fb   Thumb Code     0  libinit2.o(.ARM.Collect$$libinit$$00000023)
    __rt_lib_init_heap_1                     0x000001fb   Thumb Code     0  libinit2.o(.ARM.Collect$$libinit$$0000000A)
    __rt_lib_init_lc_collate_1               0x000001fb   Thumb Code     0  libinit2.o(.ARM.Collect$$libinit$$00000011)
    __rt_lib_init_lc_ctype_1                 0x000001fb   Thumb Code     0  libinit2.o(.ARM.Collect$$libinit$$00000013)
    __rt_lib_init_lc_monetary_1              0x000001fb   Thumb Code     0  libinit2.o(.ARM.Collect$$libinit$$00000015)
    __rt_lib_init_lc_numeric_1               0x000001fb   Thumb Code     0  libinit2.o(.ARM.Collect$$libinit$$00000017)
    __rt_lib_init_lc_time_1                  0x000001fb   Thumb Code     0  libinit2.o(.ARM.Collect$$libinit$$00000019)
    __rt_lib_init_preinit_1                  0x000001fb   Thumb Code     0  libinit2.o(.ARM.Collect$$libinit$$00000004)
    __rt_lib_init_rand_1                     0x000001fb   Thumb Code     0  libinit2.o(.ARM.Collect$$libinit$$0000000E)
    __rt_lib_init_return                     0x000001fb   Thumb Code     0  libinit2.o(.ARM.Collect$$libinit$$00000033)
    __rt_lib_init_signal_1                   0x000001fb   Thumb Code     0  libinit2.o(.ARM.Collect$$libinit$$0000001D)
    __rt_lib_init_stdio_1                    0x000001fb   Thumb Code     0  libinit2.o(.ARM.Collect$$libinit$$00000025)
    __rt_lib_init_user_alloc_1               0x000001fb   Thumb Code     0  libinit2.o(.ARM.Collect$$libinit$$0000000C)
    __rt_lib_shutdown                        0x000001fd   Thumb Code     0  libshutdown.o(.ARM.Collect$$libshutdown$$00000000)
    __rt_lib_shutdown_cpp_1                  0x000001ff   Thumb Code     0  libshutdown2.o(.ARM.Collect$$libshutdown$$00000002)
    __rt_lib_shutdown_fp_trap_1              0x000001ff   Thumb Code     0  libshutdown2.o(.ARM.Collect$$libshutdown$$00000007)
    __rt_lib_shutdown_heap_1                 0x000001ff   Thumb Code     0  libshutdown2.o(.ARM.Collect$$libshutdown$$0000000F)
    __rt_lib_shutdown_return                 0x000001ff   Thumb Code     0  libshutdown2.o(.ARM.Collect$$libshutdown$$00000010)
    __rt_lib_shutdown_signal_1               0x000001ff   Thumb Code     0  libshutdown2.o(.ARM.Collect$$libshutdown$$0000000A)
    __rt_lib_shutdown_stdio_1                0x000001ff   Thumb Code     0  libshutdown2.o(.ARM.Collect$$libshutdown$$00000004)
    __rt_lib_shutdown_user_alloc_1           0x000001ff   Thumb Code     0  libshutdown2.o(.ARM.Collect$$libshutdown$$0000000C)
    __rt_entry                               0x00000201   Thumb Code     0  __rtentry.o(.ARM.Collect$$rtentry$$00000000)
    __rt_entry_presh_1                       0x00000201   Thumb Code     0  __rtentry2.o(.ARM.Collect$$rtentry$$00000002)
    __rt_entry_sh                            0x00000201   Thumb Code     0  __rtentry4.o(.ARM.Collect$$rtentry$$00000004)
    __rt_entry_li                            0x00000207   Thumb Code     0  __rtentry2.o(.ARM.Collect$$rtentry$$0000000A)
    __rt_entry_postsh_1                      0x00000207   Thumb Code     0  __rtentry2.o(.ARM.Collect$$rtentry$$00000009)
    __rt_entry_main                          0x0000020b   Thumb Code     0  __rtentry2.o(.ARM.Collect$$rtentry$$0000000D)
    __rt_entry_postli_1                      0x0000020b   Thumb Code     0  __rtentry2.o(.ARM.Collect$$rtentry$$0000000C)
    __rt_exit                                0x00000213   Thumb Code     0  rtexit.o(.ARM.Collect$$rtexit$$00000000)
    __rt_exit_ls                             0x00000215   Thumb Code     0  rtexit2.o(.ARM.Collect$$rtexit$$00000003)
    __rt_exit_prels_1                        0x00000215   Thumb Code     0  rtexit2.o(.ARM.Collect$$rtexit$$00000002)
    __rt_exit_exit                           0x00000219   Thumb Code     0  rtexit2.o(.ARM.Collect$$rtexit$$00000004)
    strncat                                  0x0000021f   Thumb Code    36  strncat.o(.text)
    _memset_w                                0x00000243   Thumb Code    26  rt_memclr.o(.text)
    _memset                                  0x0000025d   Thumb Code    30  rt_memclr.o(.text)
    __aeabi_memclr                           0x0000027b   Thumb Code     4  rt_memclr.o(.text)
    __rt_memclr                              0x0000027b   Thumb Code     0  rt_memclr.o(.text)
    __aeabi_memclr4                          0x0000027f   Thumb Code     0  rt_memclr.o(.text)
    __aeabi_memclr8                          0x0000027f   Thumb Code     0  rt_memclr.o(.text)
    __rt_memclr_w                            0x0000027f   Thumb Code     4  rt_memclr.o(.text)
    __aeabi_uidiv                            0x00000283   Thumb Code     0  aeabi_sdivfast.o(.text)
    __aeabi_uidivmod                         0x00000283   Thumb Code    28  aeabi_sdivfast.o(.text)
    __aeabi_idiv                             0x0000029f   Thumb Code     0  aeabi_sdivfast.o(.text)
    __aeabi_idivmod                          0x0000029f   Thumb Code   460  aeabi_sdivfast.o(.text)
    __use_two_region_memory                  0x0000046b   Thumb Code     2  heapauxi.o(.text)
    __rt_heap_escrow$2region                 0x0000046d   Thumb Code     2  heapauxi.o(.text)
    __rt_heap_expand$2region                 0x0000046f   Thumb Code     2  heapauxi.o(.text)
    __aeabi_d2f                              0x00000471   Thumb Code     0  d2f.o(.text)
    _d2f                                     0x00000471   Thumb Code   120  d2f.o(.text)
    __aeabi_dadd                             0x000007e5   Thumb Code     0  daddsub.o(.text)
    _dadd                                    0x000007e5   Thumb Code    26  daddsub.o(.text)
    __aeabi_dsub                             0x000007ff   Thumb Code     0  daddsub.o(.text)
    _dsub                                    0x000007ff   Thumb Code    22  daddsub.o(.text)
    __aeabi_drsub                            0x00000815   Thumb Code     0  daddsub.o(.text)
    _drsb                                    0x00000815   Thumb Code    28  daddsub.o(.text)
    __aeabi_ddiv                             0x00000845   Thumb Code     0  ddiv.o(.text)
    _ddiv                                    0x00000845   Thumb Code  1072  ddiv.o(.text)
    _drdiv                                   0x00000c75   Thumb Code    20  ddiv.o(.text)
    __aeabi_dmul                             0x00000c8d   Thumb Code     0  dmul.o(.text)
    _dmul                                    0x00000c8d   Thumb Code   558  dmul.o(.text)
    __aeabi_f2d                              0x00000ed5   Thumb Code     0  f2d.o(.text)
    _f2d                                     0x00000ed5   Thumb Code    80  f2d.o(.text)
    __aeabi_fdiv                             0x00000f29   Thumb Code     0  fdiv.o(.text)
    _fdiv                                    0x00000f29   Thumb Code   334  fdiv.o(.text)
    _frdiv                                   0x00001077   Thumb Code     8  fdiv.o(.text)
    __aeabi_f2iz                             0x00001089   Thumb Code     0  ffixi.o(.text)
    _ffix                                    0x00001089   Thumb Code    76  ffixi.o(.text)
    __aeabi_f2uiz                            0x000010d5   Thumb Code     0  ffixui.o(.text)
    _ffixu                                   0x000010d5   Thumb Code    48  ffixui.o(.text)
    __aeabi_i2f_normalise                    0x00001105   Thumb Code    72  fflti.o(.text)
    __aeabi_i2f                              0x0000114d   Thumb Code    16  fflti.o(.text)
    _fflt                                    0x0000114d   Thumb Code     0  fflti.o(.text)
    __aeabi_ui2f                             0x0000115d   Thumb Code     6  fflti.o(.text)
    _ffltu                                   0x0000115d   Thumb Code     0  fflti.o(.text)
    __ARM_scalbnf                            0x00001165   Thumb Code    64  fscalbn.o(.text)
    __read_errno                             0x000011a9   Thumb Code    10  _rserrno.o(.text)
    __set_errno                              0x000011b3   Thumb Code    12  _rserrno.o(.text)
    __fpl_dcmp_InfNaN                        0x000011c1   Thumb Code   140  dcmpin.o(.text)
    __aeabi_i2d_normalise                    0x00001251   Thumb Code    66  dflti.o(.text)
    __aeabi_i2d                              0x00001293   Thumb Code    16  dflti.o(.text)
    _dflt                                    0x00001293   Thumb Code     0  dflti.o(.text)
    __aeabi_ui2d                             0x000012a3   Thumb Code     6  dflti.o(.text)
    _dfltu                                   0x000012a3   Thumb Code     0  dflti.o(.text)
    __ARM_scalbn                             0x000012a9   Thumb Code    84  dscalbn.o(.text)
    __ARM_fcmp4                              0x00001309   Thumb Code     0  fcmp4.o(.text)
    _fcmp4                                   0x00001309   Thumb Code   170  fcmp4.o(.text)
    __fpl_fcmp_InfNaN                        0x000013b9   Thumb Code    96  fcmpin.o(.text)
    __aeabi_errno_addr                       0x0000141d   Thumb Code     8  rt_errno_addr_intlibspace.o(.text)
    __errno$intlibspace                      0x0000141d   Thumb Code     0  rt_errno_addr_intlibspace.o(.text)
    __rt_errno_addr$intlibspace              0x0000141d   Thumb Code     0  rt_errno_addr_intlibspace.o(.text)
    __fpl_cmpreturn                          0x00001425   Thumb Code    46  cmpret.o(.text)
    __fpl_dcheck_NaN2                        0x00001455   Thumb Code    14  dnan2.o(.text)
    _dsqrt                                   0x00001469   Thumb Code   248  dsqrt.o(.text)
    __fpl_fcheck_NaN2                        0x00001569   Thumb Code    10  fnan2.o(.text)
    __user_libspace                          0x00001579   Thumb Code     8  libspace.o(.text)
    __user_perproc_libspace                  0x00001579   Thumb Code     0  libspace.o(.text)
    __user_perthread_libspace                0x00001579   Thumb Code     0  libspace.o(.text)
    __user_setup_stackheap                   0x00001581   Thumb Code    62  sys_stackheap_outer.o(.text)
    exit                                     0x000015bf   Thumb Code    16  exit.o(.text)
    __fpl_return_NaN                         0x000015cf   Thumb Code    94  retnan.o(.text)
    _sys_exit                                0x0000162d   Thumb Code     8  sys_exit.o(.text)
    __I$use$semihosting                      0x00001639   Thumb Code     0  use_no_semi.o(.text)
    __use_no_semihosting_swi                 0x00001639   Thumb Code     2  use_no_semi.o(.text)
    ADC_ClearIntPendingBit                   0x0000163b   Thumb Code     6  ht32f5xxxx_adc.o(i.ADC_ClearIntPendingBit)
    __semihosting_library_function           0x0000163b   Thumb Code     0  indicate_semi.o(.text)
    ADC_Cmd                                  0x00001641   Thumb Code    18  ht32f5xxxx_adc.o(i.ADC_Cmd)
    ADC_DeInit                               0x00001653   Thumb Code    18  ht32f5xxxx_adc.o(i.ADC_DeInit)
    ADC_EOC_interrupt_Callback               0x00001665   Thumb Code    18  adc.o(i.ADC_EOC_interrupt_Callback)
    ADC_GetIntStatus                         0x00001681   Thumb Code    12  ht32f5xxxx_adc.o(i.ADC_GetIntStatus)
    ADC_GetResult                            0x0000168d   Thumb Code   544  adc.o(i.ADC_GetResult)
    ADC_IRQHandler                           0x000018e5   Thumb Code    20  ht32f5xxxx_01_it.o(i.ADC_IRQHandler)
    ADC_IntConfig                            0x000018fd   Thumb Code    18  ht32f5xxxx_adc.o(i.ADC_IntConfig)
    ADC_RegularChannelConfig                 0x0000190f   Thumb Code    30  ht32f5xxxx_adc.o(i.ADC_RegularChannelConfig)
    ADC_RegularGroupConfig                   0x0000192d   Thumb Code    26  ht32f5xxxx_adc.o(i.ADC_RegularGroupConfig)
    ADC_RegularTrigConfig                    0x00001947   Thumb Code    14  ht32f5xxxx_adc.o(i.ADC_RegularTrigConfig)
    ADC_SamplingTimeConfig                   0x00001955   Thumb Code     4  ht32f5xxxx_adc.o(i.ADC_SamplingTimeConfig)
    ADC_SoftwareStartConvCmd                 0x00001959   Thumb Code    20  ht32f5xxxx_adc.o(i.ADC_SoftwareStartConvCmd)
    AFIO_EXTISourceConfig                    0x0000196d   Thumb Code    38  ht32f5xxxx_gpio.o(i.AFIO_EXTISourceConfig)
    AFIO_GPxConfig                           0x00001999   Thumb Code   222  ht32f5xxxx_gpio.o(i.AFIO_GPxConfig)
    BatteryAlertResetDetect                  0x00001a7d   Thumb Code    30  battmonitor.o(i.BatteryAlertResetDetect)
    BatteryLPFHandler                        0x00001aa5   Thumb Code    32  battmonitor.o(i.BatteryLPFHandler)
    BatteryMonitorHandler                    0x00001acd   Thumb Code   308  battmonitor.o(i.BatteryMonitorHandler)
    CKCU_GetClockReadyStatus                 0x00001c41   Thumb Code    16  ht32f5xxxx_ckcu.o(i.CKCU_GetClockReadyStatus)
    CKCU_HSICmd                              0x00001c55   Thumb Code    18  ht32f5xxxx_ckcu.o(i.CKCU_HSICmd)
    CKCU_PeripClockConfig                    0x00001c6d   Thumb Code    36  ht32f5xxxx_ckcu.o(i.CKCU_PeripClockConfig)
    CKCU_SetADCnPrescaler                    0x00001c95   Thumb Code    22  ht32f5xxxx_ckcu.o(i.CKCU_SetADCnPrescaler)
    CRC_DeInit                               0x00001cb1   Thumb Code    16  ht32f5xxxx_crc.o(i.CRC_DeInit)
    CalculateInputTemp                       0x00001cc1   Thumb Code   122  tempcontrol.o(i.CalculateInputTemp)
    CellCountDetectHandler                   0x00001d51   Thumb Code   316  battmonitor.o(i.CellCountDetectHandler)
    CheckForFlashLock                        0x00001ecd   Thumb Code   166  flashprot.o(i.CheckForFlashLock)
    ControlMainLEDHandler                    0x00001f81   Thumb Code   388  modelogic.o(i.ControlMainLEDHandler)
    DeepSleepTimerCallBack                   0x00002131   Thumb Code    32  deepsleep.o(i.DeepSleepTimerCallBack)
    DisableHBTimer                           0x00002159   Thumb Code    52  mcubeattimer.o(i.DisableHBTimer)
    DisplayBatteryVoltage                    0x00002195   Thumb Code   194  battmonitor.o(i.DisplayBatteryVoltage)
    DisplaySystemTemp                        0x0000228d   Thumb Code   418  tempcontrol.o(i.DisplaySystemTemp)
    DisplayTemp                              0x00002481   Thumb Code    60  tempcontrol.o(i.DisplayTemp)
    EXTI4_15_IRQHandler                      0x000024d9   Thumb Code    24  ht32f5xxxx_01_it.o(i.EXTI4_15_IRQHandler)
    EXTI_ClearEdgeFlag                       0x000024f1   Thumb Code    12  ht32f5xxxx_exti.o(i.EXTI_ClearEdgeFlag)
    EXTI_GetEdgeFlag                         0x00002501   Thumb Code    20  ht32f5xxxx_exti.o(i.EXTI_GetEdgeFlag)
    EXTI_Init                                0x00002519   Thumb Code    26  ht32f5xxxx_exti.o(i.EXTI_Init)
    EXTI_IntConfig                           0x00002539   Thumb Code    22  ht32f5xxxx_exti.o(i.EXTI_IntConfig)
    EnableHBTimer                            0x00002555   Thumb Code    86  mcubeattimer.o(i.EnableHBTimer)
    EnteredLowPowerMode                      0x000025b9   Thumb Code   172  deepsleep.o(i.EnteredLowPowerMode)
    ExitLowPowerMode                         0x00002679   Thumb Code   202  deepsleep.o(i.ExitLowPowerMode)
    FLASH_EraseOptionByte                    0x00002759   Thumb Code    18  ht32f5xxxx_flash.o(i.FLASH_EraseOptionByte)
    FLASH_ErasePage                          0x00002775   Thumb Code    16  ht32f5xxxx_flash.o(i.FLASH_ErasePage)
    FLASH_GetOptionByteStatus                0x00002789   Thumb Code    48  ht32f5xxxx_flash.o(i.FLASH_GetOptionByteStatus)
    FLASH_ProgramOptionByte                  0x000027bd   Thumb Code    92  ht32f5xxxx_flash.o(i.FLASH_ProgramOptionByte)
    FLASH_ProgramWordData                    0x00002829   Thumb Code    18  ht32f5xxxx_flash.o(i.FLASH_ProgramWordData)
    FLASH_WaitForOperationEnd                0x00002841   Thumb Code    78  ht32f5xxxx_flash.o(i.FLASH_WaitForOperationEnd)
    FanOutputInit                            0x00002899   Thumb Code   142  fan.o(i.FanOutputInit)
    FanSpeedControlHandler                   0x00002935   Thumb Code   204  fan.o(i.FanSpeedControlHandler)
    FillThermalFilterBuf                     0x00002a35   Thumb Code    22  tempcontrol.o(i.FillThermalFilterBuf)
    ForceDisableFan                          0x00002a51   Thumb Code    28  fan.o(i.ForceDisableFan)
    GPIO_ClearOutBits                        0x00002a75   Thumb Code     4  ht32f5xxxx_gpio.o(i.GPIO_ClearOutBits)
    GPIO_DirectionConfig                     0x00002a79   Thumb Code    16  ht32f5xxxx_gpio.o(i.GPIO_DirectionConfig)
    GPIO_DisableDebugPort                    0x00002a89   Thumb Code    52  ht32f5xxxx_gpio.o(i.GPIO_DisableDebugPort)
    GPIO_DriveConfig                         0x00002ac1   Thumb Code    56  ht32f5xxxx_gpio.o(i.GPIO_DriveConfig)
    GPIO_InputConfig                         0x00002af9   Thumb Code    16  ht32f5xxxx_gpio.o(i.GPIO_InputConfig)
    GPIO_ReadInBit                           0x00002b09   Thumb Code    10  ht32f5xxxx_gpio.o(i.GPIO_ReadInBit)
    GPIO_ReadOutBit                          0x00002b13   Thumb Code    10  ht32f5xxxx_gpio.o(i.GPIO_ReadOutBit)
    GPIO_SetOutBits                          0x00002b1d   Thumb Code     4  ht32f5xxxx_gpio.o(i.GPIO_SetOutBits)
    GPTM0_IRQHandler                         0x00002b21   Thumb Code    56  ht32f5xxxx_01_it.o(i.GPTM0_IRQHandler)
    GPTM1_IRQHandler                         0x00002b69   Thumb Code    50  ht32f5xxxx_01_it.o(i.GPTM1_IRQHandler)
    GenerateStrobeAfterPOST                  0x00002ba5   Thumb Code    96  pwmdim.o(i.GenerateStrobeAfterPOST)
    HardFault_Handler                        0x00002c0d   Thumb Code    60  ht32f5xxxx_01_it.o(i.HardFault_Handler)
    InternalADC_Init                         0x00002c59   Thumb Code   222  adc.o(i.InternalADC_Init)
    LEDFilter                                0x00002d45   Thumb Code   164  tempcontrol.o(i.LEDFilter)
    LEDMgmt_CallBack                         0x00002df1   Thumb Code   300  ledmgmt.o(i.LEDMgmt_CallBack)
    LED_AddStrobe                            0x00002f29   Thumb Code    68  ledmgmt.o(i.LED_AddStrobe)
    LED_Init                                 0x00002f75   Thumb Code    96  ledmgmt.o(i.LED_Init)
    LED_Reset                                0x00002fdd   Thumb Code    28  ledmgmt.o(i.LED_Reset)
    LED_ShowLoopOperationOnce                0x00003001   Thumb Code    70  ledmgmt.o(i.LED_ShowLoopOperationOnce)
    LightLogicSetup                          0x00003051   Thumb Code    84  modelogic.o(i.LightLogicSetup)
    LightModeStateMachine                    0x000030c1   Thumb Code   876  modelogic.o(i.LightModeStateMachine)
    LowVoltageAlertHandler                   0x00003455   Thumb Code    40  modelogic.o(i.LowVoltageAlertHandler)
    MCTM_CHBRKCTRConfig                      0x00003489   Thumb Code    50  ht32f5xxxx_mctm.o(i.MCTM_CHBRKCTRConfig)
    MCTM_CHMOECmd                            0x000034bb   Thumb Code    18  ht32f5xxxx_mctm.o(i.MCTM_CHMOECmd)
    MainProgramRegionCRC                     0x000034cd   Thumb Code   106  flashprot.o(i.MainProgramRegionCRC)
    NMI_Handler                              0x00003549   Thumb Code     2  ht32f5xxxx_01_it.o(i.NMI_Handler)
    OverHeatProtectionHandler                0x0000354d   Thumb Code   102  tempcontrol.o(i.OverHeatProtectionHandler)
    PIDStepdownCalc                          0x000035c9   Thumb Code   512  tempcontrol.o(i.PIDStepdownCalc)
    PWMTimerInit                             0x00003811   Thumb Code   240  pwmdim.o(i.PWMTimerInit)
    PWRCU_CheckReadyAccessed                 0x00003911   Thumb Code    22  ht32f5xxxx_pwrcu.o(i.PWRCU_CheckReadyAccessed)
    PendSV_Handler                           0x00003931   Thumb Code     2  ht32f5xxxx_01_it.o(i.PendSV_Handler)
    RSTCU_PeripReset                         0x0000397d   Thumb Code    36  ht32f5xxxx_rstcu.o(i.RSTCU_PeripReset)
    RTCCMIntHandler                          0x000039a5   Thumb Code    50  autolockrtc.o(i.RTCCMIntHandler)
    RTC_DeInit                               0x000039e5   Thumb Code    34  ht32f5xxxx_rtc.o(i.RTC_DeInit)
    RTC_GetFlagStatus                        0x00003a11   Thumb Code     8  ht32f5xxxx_rtc.o(i.RTC_GetFlagStatus)
    RTC_IRQHandler                           0x00003a1d   Thumb Code    28  ht32f5xxxx_01_it.o(i.RTC_IRQHandler)
    RTC_LSILoadTrimData                      0x00003a3d   Thumb Code    52  ht32f5xxxx_rtc.o(i.RTC_LSILoadTrimData)
    RampAdjustHandler                        0x00003a79   Thumb Code   166  modelogic.o(i.RampAdjustHandler)
    RestartRTCTimer                          0x00003b35   Thumb Code    16  autolockrtc.o(i.RestartRTCTimer)
    ReverseModeCycleOpHandler                0x00003b49   Thumb Code    84  modelogic.o(i.ReverseModeCycleOpHandler)
    SVC_Handler                              0x00003bb1   Thumb Code     2  ht32f5xxxx_01_it.o(i.SVC_Handler)
    SYSTICK_ClockSourceConfig                0x00003bb5   Thumb Code    20  ht32_cm0plus_misc.o(i.SYSTICK_ClockSourceConfig)
    SYSTICK_CounterCmd                       0x00003bcd   Thumb Code    32  ht32_cm0plus_misc.o(i.SYSTICK_CounterCmd)
    SYSTICK_IntConfig                        0x00003bf1   Thumb Code    20  ht32_cm0plus_misc.o(i.SYSTICK_IntConfig)
    SetPWMDuty                               0x00003c09   Thumb Code    72  pwmdim.o(i.SetPWMDuty)
    SetupRTCForCounter                       0x00003c5d   Thumb Code     2  autolockrtc.o(i.SetupRTCForCounter)
    SideKeyInit                              0x00003c61   Thumb Code   120  sidekey.o(i.SideKeyInit)
    SideKey_Callback                         0x00003ce5   Thumb Code   144  sidekey.o(i.SideKey_Callback)
    SideKey_LogicHandler                     0x00003d8d   Thumb Code   152  sidekey.o(i.SideKey_LogicHandler)
    SideKey_TIM_Callback                     0x00003e31   Thumb Code    64  sidekey.o(i.SideKey_TIM_Callback)
    SysTick_Handler                          0x00003e75   Thumb Code    14  ht32f5xxxx_01_it.o(i.SysTick_Handler)
    SystemInit                               0x00003e89   Thumb Code   244  system_ht32f5xxxx_01.o(i.SystemInit)
    TM_ClearFlag                             0x00003f95   Thumb Code    10  ht32f5xxxx_tm.o(i.TM_ClearFlag)
    TM_Cmd                                   0x00003f9f   Thumb Code    20  ht32f5xxxx_tm.o(i.TM_Cmd)
    TM_GetFlagStatus                         0x00003fb3   Thumb Code    10  ht32f5xxxx_tm.o(i.TM_GetFlagStatus)
    TM_IntConfig                             0x00003fbd   Thumb Code    16  ht32f5xxxx_tm.o(i.TM_IntConfig)
    TM_OutputInit                            0x00003fcd   Thumb Code   168  ht32f5xxxx_tm.o(i.TM_OutputInit)
    TM_SetCounterReload                      0x00004079   Thumb Code     6  ht32f5xxxx_tm.o(i.TM_SetCounterReload)
    TM_TimeBaseInit                          0x00004081   Thumb Code    60  ht32f5xxxx_tm.o(i.TM_TimeBaseInit)
    __ARM_fpclassify                         0x000040c1   Thumb Code    40  fpclassify.o(i.__ARM_fpclassify)
    __kernel_poly                            0x000040ed   Thumb Code   172  poly.o(i.__kernel_poly)
    __mathlib_dbl_divzero                    0x00004199   Thumb Code    16  dunder.o(i.__mathlib_dbl_divzero)
    __mathlib_dbl_infnan                     0x000041ad   Thumb Code    10  dunder.o(i.__mathlib_dbl_infnan)
    __mathlib_dbl_infnan2                    0x000041b7   Thumb Code     8  dunder.o(i.__mathlib_dbl_infnan2)
    __mathlib_dbl_invalid                    0x000041bf   Thumb Code    16  dunder.o(i.__mathlib_dbl_invalid)
    __mathlib_dbl_overflow                   0x000041d1   Thumb Code    16  dunder.o(i.__mathlib_dbl_overflow)
    __mathlib_dbl_underflow                  0x000041e5   Thumb Code    14  dunder.o(i.__mathlib_dbl_underflow)
    delay_init                               0x000041f9   Thumb Code    38  delay.o(i.delay_init)
    delay_ms                                 0x00004225   Thumb Code    68  delay.o(i.delay_ms)
    delay_us                                 0x00004271   Thumb Code    72  delay.o(i.delay_us)
    fmaxf                                    0x000042bd   Thumb Code    38  fmaxf.o(i.fmaxf)
    fminf                                    0x000042e3   Thumb Code    38  fminf.o(i.fminf)
    getSideKeyAnyHoldEvent                   0x00004309   Thumb Code    36  sidekey.o(i.getSideKeyAnyHoldEvent)
    getSideKeyClickAndHoldEvent              0x00004331   Thumb Code     6  sidekey.o(i.getSideKeyClickAndHoldEvent)
    getSideKeyDoubleClickAndHoldEvent        0x0000433d   Thumb Code     6  sidekey.o(i.getSideKeyDoubleClickAndHoldEvent)
    getSideKeyHoldEvent                      0x00004349   Thumb Code     6  sidekey.o(i.getSideKeyHoldEvent)
    getSideKeyLongPressEvent                 0x00004355   Thumb Code    20  sidekey.o(i.getSideKeyLongPressEvent)
    getSideKeyQuadClickAndHoldEvent          0x0000436d   Thumb Code     6  sidekey.o(i.getSideKeyQuadClickAndHoldEvent)
    getSideKeyShortPressCount                0x00004379   Thumb Code    36  sidekey.o(i.getSideKeyShortPressCount)
    getSideKeyTripleClickAndHoldEvent        0x000043a1   Thumb Code     6  sidekey.o(i.getSideKeyTripleClickAndHoldEvent)
    iroundf                                  0x000043ad   Thumb Code    40  lineartabop.o(i.iroundf)
    log                                      0x000043dd   Thumb Code   790  log.o(i.log)
    main                                     0x00004731   Thumb Code   140  main.o(i.main)
    pow                                      0x000047c5   Thumb Code  2548  pow.o(i.pow)
    sqrt                                     0x000051c1   Thumb Code    66  sqrt.o(i.sqrt)
    __aeabi_cdcmpeq                          0x00005209   Thumb Code     0  deqf.o(x$fpl$deqf)
    _dcmpeq                                  0x00005209   Thumb Code    94  deqf.o(x$fpl$deqf)
    __aeabi_cdcmple                          0x0000526d   Thumb Code     0  dlef.o(x$fpl$dleqf)
    _dcmple                                  0x0000526d   Thumb Code    94  dlef.o(x$fpl$dleqf)
    __aeabi_cdrcmple                         0x000052d1   Thumb Code     0  drlef.o(x$fpl$drleqf)
    _drcmple                                 0x000052d1   Thumb Code   100  drlef.o(x$fpl$drleqf)
    __aeabi_fadd                             0x00005339   Thumb Code     0  faddsub.o(x$fpl$fadd)
    _fadd                                    0x00005339   Thumb Code   134  faddsub.o(x$fpl$fadd)
    __aeabi_fmul                             0x000053c5   Thumb Code     0  fmul.o(x$fpl$fmul)
    _fmul                                    0x000053c5   Thumb Code   172  fmul.o(x$fpl$fmul)
    __aeabi_cfrcmple                         0x00005475   Thumb Code     0  frlef.o(x$fpl$frleqf)
    _frcmple                                 0x00005475   Thumb Code    84  frlef.o(x$fpl$frleqf)
    __aeabi_frsub                            0x000054cd   Thumb Code     0  faddsub.o(x$fpl$frsb)
    _frsb                                    0x000054cd   Thumb Code    24  faddsub.o(x$fpl$frsb)
    __aeabi_fsub                             0x000054e5   Thumb Code     0  faddsub.o(x$fpl$fsub)
    _fsub                                    0x000054e5   Thumb Code   204  faddsub.o(x$fpl$fsub)
    CycleModeRatio                           0x000055b4   Data          20  modelogic.o(.constdata)
    __I$use$fp                               0x000055b4   Number         0  usenofp.o(x$fpl$usenofp)
    __mathlib_zero                           0x00005748   Data           8  qnan.o(.constdata)
    Region$$Table$$Base                      0x00005850   Number         0  anon$$obj.o(Region$$Table)
    Region$$Table$$Limit                     0x00005870   Number         0  anon$$obj.o(Region$$Table)
    SensorRefreshFlag                        0x20000000   Data           1  main.o(.data)
    EnteredMainApp                           0x20000001   Data           1  main.o(.data)
    DelaySeconds                             0x20000008   Data           1  delay.o(.data)
    ExtLEDIndex                              0x20000010   Data           4  ledmgmt.o(.data)
    CurrentLEDIndex                          0x20000020   Data           4  ledmgmt.o(.data)
    LEDPattern                               0x20000024   Data         128  ledmgmt.o(.data)
    IsFanNeedtoSpin                          0x200000a7   Data           1  fan.o(.data)
    IsEnabledLaserOut                        0x200000ac   Data           1  modelogic.o(.data)
    ReverseSwitchDelay                       0x200000b0   Data           4  modelogic.o(.data)
    LightMode                                0x200000b8   Data           8  modelogic.o(.data)
    DeepSleepTimerFlag                       0x200000c0   Data           1  deepsleep.o(.data)
    DeepSleepTimer                           0x200000c4   Data           4  deepsleep.o(.data)
    BattStatus                               0x200000c8   Data           1  battmonitor.o(.data)
    CellCount                                0x200000cc   Data           4  battmonitor.o(.data)
    TempState                                0x200000d4   Data           1  tempcontrol.o(.data)
    LEDModeStr                               0x200000e4   Data          64  ledmgmt.o(.bss)
    ThermalLowPassFilter                     0x20000230   Data          96  tempcontrol.o(.bss)
    __libspace_start                         0x20000290   Data          96  libspace.o(.bss)
    __temporary_stack_top$libspace           0x200002f0   Data           0  libspace.o(.bss)



==============================================================================

Memory Map of the image

  Image Entry point : 0x0000017d

  Load Region LR_IROM1 (Base: 0x00000000, Size: 0x00005954, Max: 0x0001fe00, ABSOLUTE)

    Execution Region ER_IROM1 (Exec base: 0x00000000, Load base: 0x00000000, Size: 0x00005870, Max: 0x0001fe00, ABSOLUTE)

    Exec Addr    Load Addr    Size         Type   Attr      Idx    E Section Name        Object

    0x00000000   0x00000000   0x0000017c   Code   RO          479    RESET               startup_ht32f5xxxx_01.o
    0x0000017c   0x0000017c   0x00000008   Code   RO         3931  * !!!main             c_p.l(__main.o)
    0x00000184   0x00000184   0x0000003c   Code   RO         4221    !!!scatter          c_p.l(__scatter.o)
    0x000001c0   0x000001c0   0x0000001a   Code   RO         4223    !!handler_copy      c_p.l(__scatter_copy.o)
    0x000001da   0x000001da   0x00000002   PAD
    0x000001dc   0x000001dc   0x0000001c   Code   RO         4225    !!handler_zi        c_p.l(__scatter_zi.o)
    0x000001f8   0x000001f8   0x00000002   Code   RO         4091    .ARM.Collect$$libinit$$00000000  c_p.l(libinit.o)
    0x000001fa   0x000001fa   0x00000000   Code   RO         4104    .ARM.Collect$$libinit$$00000002  c_p.l(libinit2.o)
    0x000001fa   0x000001fa   0x00000000   Code   RO         4106    .ARM.Collect$$libinit$$00000004  c_p.l(libinit2.o)
    0x000001fa   0x000001fa   0x00000000   Code   RO         4109    .ARM.Collect$$libinit$$0000000A  c_p.l(libinit2.o)
    0x000001fa   0x000001fa   0x00000000   Code   RO         4111    .ARM.Collect$$libinit$$0000000C  c_p.l(libinit2.o)
    0x000001fa   0x000001fa   0x00000000   Code   RO         4113    .ARM.Collect$$libinit$$0000000E  c_p.l(libinit2.o)
    0x000001fa   0x000001fa   0x00000000   Code   RO         4116    .ARM.Collect$$libinit$$00000011  c_p.l(libinit2.o)
    0x000001fa   0x000001fa   0x00000000   Code   RO         4118    .ARM.Collect$$libinit$$00000013  c_p.l(libinit2.o)
    0x000001fa   0x000001fa   0x00000000   Code   RO         4120    .ARM.Collect$$libinit$$00000015  c_p.l(libinit2.o)
    0x000001fa   0x000001fa   0x00000000   Code   RO         4122    .ARM.Collect$$libinit$$00000017  c_p.l(libinit2.o)
    0x000001fa   0x000001fa   0x00000000   Code   RO         4124    .ARM.Collect$$libinit$$00000019  c_p.l(libinit2.o)
    0x000001fa   0x000001fa   0x00000000   Code   RO         4126    .ARM.Collect$$libinit$$0000001B  c_p.l(libinit2.o)
    0x000001fa   0x000001fa   0x00000000   Code   RO         4128    .ARM.Collect$$libinit$$0000001D  c_p.l(libinit2.o)
    0x000001fa   0x000001fa   0x00000000   Code   RO         4130    .ARM.Collect$$libinit$$0000001F  c_p.l(libinit2.o)
    0x000001fa   0x000001fa   0x00000000   Code   RO         4132    .ARM.Collect$$libinit$$00000021  c_p.l(libinit2.o)
    0x000001fa   0x000001fa   0x00000000   Code   RO         4134    .ARM.Collect$$libinit$$00000023  c_p.l(libinit2.o)
    0x000001fa   0x000001fa   0x00000000   Code   RO         4136    .ARM.Collect$$libinit$$00000025  c_p.l(libinit2.o)
    0x000001fa   0x000001fa   0x00000000   Code   RO         4140    .ARM.Collect$$libinit$$0000002C  c_p.l(libinit2.o)
    0x000001fa   0x000001fa   0x00000000   Code   RO         4142    .ARM.Collect$$libinit$$0000002E  c_p.l(libinit2.o)
    0x000001fa   0x000001fa   0x00000000   Code   RO         4144    .ARM.Collect$$libinit$$00000030  c_p.l(libinit2.o)
    0x000001fa   0x000001fa   0x00000000   Code   RO         4146    .ARM.Collect$$libinit$$00000032  c_p.l(libinit2.o)
    0x000001fa   0x000001fa   0x00000002   Code   RO         4147    .ARM.Collect$$libinit$$00000033  c_p.l(libinit2.o)
    0x000001fc   0x000001fc   0x00000002   Code   RO         4178    .ARM.Collect$$libshutdown$$00000000  c_p.l(libshutdown.o)
    0x000001fe   0x000001fe   0x00000000   Code   RO         4204    .ARM.Collect$$libshutdown$$00000002  c_p.l(libshutdown2.o)
    0x000001fe   0x000001fe   0x00000000   Code   RO         4206    .ARM.Collect$$libshutdown$$00000004  c_p.l(libshutdown2.o)
    0x000001fe   0x000001fe   0x00000000   Code   RO         4209    .ARM.Collect$$libshutdown$$00000007  c_p.l(libshutdown2.o)
    0x000001fe   0x000001fe   0x00000000   Code   RO         4212    .ARM.Collect$$libshutdown$$0000000A  c_p.l(libshutdown2.o)
    0x000001fe   0x000001fe   0x00000000   Code   RO         4214    .ARM.Collect$$libshutdown$$0000000C  c_p.l(libshutdown2.o)
    0x000001fe   0x000001fe   0x00000000   Code   RO         4217    .ARM.Collect$$libshutdown$$0000000F  c_p.l(libshutdown2.o)
    0x000001fe   0x000001fe   0x00000002   Code   RO         4218    .ARM.Collect$$libshutdown$$00000010  c_p.l(libshutdown2.o)
    0x00000200   0x00000200   0x00000000   Code   RO         3997    .ARM.Collect$$rtentry$$00000000  c_p.l(__rtentry.o)
    0x00000200   0x00000200   0x00000000   Code   RO         4045    .ARM.Collect$$rtentry$$00000002  c_p.l(__rtentry2.o)
    0x00000200   0x00000200   0x00000006   Code   RO         4057    .ARM.Collect$$rtentry$$00000004  c_p.l(__rtentry4.o)
    0x00000206   0x00000206   0x00000000   Code   RO         4047    .ARM.Collect$$rtentry$$00000009  c_p.l(__rtentry2.o)
    0x00000206   0x00000206   0x00000004   Code   RO         4048    .ARM.Collect$$rtentry$$0000000A  c_p.l(__rtentry2.o)
    0x0000020a   0x0000020a   0x00000000   Code   RO         4050    .ARM.Collect$$rtentry$$0000000C  c_p.l(__rtentry2.o)
    0x0000020a   0x0000020a   0x00000008   Code   RO         4051    .ARM.Collect$$rtentry$$0000000D  c_p.l(__rtentry2.o)
    0x00000212   0x00000212   0x00000002   Code   RO         4095    .ARM.Collect$$rtexit$$00000000  c_p.l(rtexit.o)
    0x00000214   0x00000214   0x00000000   Code   RO         4151    .ARM.Collect$$rtexit$$00000002  c_p.l(rtexit2.o)
    0x00000214   0x00000214   0x00000004   Code   RO         4152    .ARM.Collect$$rtexit$$00000003  c_p.l(rtexit2.o)
    0x00000218   0x00000218   0x00000006   Code   RO         4153    .ARM.Collect$$rtexit$$00000004  c_p.l(rtexit2.o)
    0x0000021e   0x0000021e   0x00000024   Code   RO         3921    .text               c_p.l(strncat.o)
    0x00000242   0x00000242   0x00000040   Code   RO         3923    .text               c_p.l(rt_memclr.o)
    0x00000282   0x00000282   0x000001e8   Code   RO         3925    .text               c_p.l(aeabi_sdivfast.o)
    0x0000046a   0x0000046a   0x00000006   Code   RO         3929    .text               c_p.l(heapauxi.o)
    0x00000470   0x00000470   0x0000007c   Code   RO         3933    .text               fz_ps.l(d2f.o)
    0x000004ec   0x000004ec   0x00000358   Code   RO         3935    .text               fz_ps.l(daddsub.o)
    0x00000844   0x00000844   0x00000448   Code   RO         3937    .text               fz_ps.l(ddiv.o)
    0x00000c8c   0x00000c8c   0x00000248   Code   RO         3942    .text               fz_ps.l(dmul.o)
    0x00000ed4   0x00000ed4   0x00000054   Code   RO         3946    .text               fz_ps.l(f2d.o)
    0x00000f28   0x00000f28   0x00000160   Code   RO         3954    .text               fz_ps.l(fdiv.o)
    0x00001088   0x00001088   0x0000004c   Code   RO         3959    .text               fz_ps.l(ffixi.o)
    0x000010d4   0x000010d4   0x00000030   Code   RO         3961    .text               fz_ps.l(ffixui.o)
    0x00001104   0x00001104   0x0000005e   Code   RO         3963    .text               fz_ps.l(fflti.o)
    0x00001162   0x00001162   0x00000002   PAD
    0x00001164   0x00001164   0x00000044   Code   RO         3971    .text               fz_ps.l(fscalbn.o)
    0x000011a8   0x000011a8   0x00000016   Code   RO         4002    .text               c_p.l(_rserrno.o)
    0x000011be   0x000011be   0x00000002   PAD
    0x000011c0   0x000011c0   0x00000090   Code   RO         4004    .text               fz_ps.l(dcmpin.o)
    0x00001250   0x00001250   0x00000058   Code   RO         4008    .text               fz_ps.l(dflti.o)
    0x000012a8   0x000012a8   0x00000060   Code   RO         4010    .text               fz_ps.l(dscalbn.o)
    0x00001308   0x00001308   0x000000b0   Code   RO         4012    .text               fz_ps.l(fcmp4.o)
    0x000013b8   0x000013b8   0x00000064   Code   RO         4014    .text               fz_ps.l(fcmpin.o)
    0x0000141c   0x0000141c   0x00000008   Code   RO         4064    .text               c_p.l(rt_errno_addr_intlibspace.o)
    0x00001424   0x00001424   0x0000002e   Code   RO         4066    .text               fz_ps.l(cmpret.o)
    0x00001452   0x00001452   0x00000002   PAD
    0x00001454   0x00001454   0x00000014   Code   RO         4068    .text               fz_ps.l(dnan2.o)
    0x00001468   0x00001468   0x00000100   Code   RO         4070    .text               fz_ps.l(dsqrt.o)
    0x00001568   0x00001568   0x00000010   Code   RO         4072    .text               fz_ps.l(fnan2.o)
    0x00001578   0x00001578   0x00000008   Code   RO         4074    .text               c_p.l(libspace.o)
    0x00001580   0x00001580   0x0000003e   Code   RO         4077    .text               c_p.l(sys_stackheap_outer.o)
    0x000015be   0x000015be   0x00000010   Code   RO         4080    .text               c_p.l(exit.o)
    0x000015ce   0x000015ce   0x0000005e   Code   RO         4092    .text               fz_ps.l(retnan.o)
    0x0000162c   0x0000162c   0x0000000c   Code   RO         4148    .text               c_p.l(sys_exit.o)
    0x00001638   0x00001638   0x00000002   Code   RO         4167    .text               c_p.l(use_no_semi.o)
    0x0000163a   0x0000163a   0x00000000   Code   RO         4169    .text               c_p.l(indicate_semi.o)
    0x0000163a   0x0000163a   0x00000006   Code   RO          581    i.ADC_ClearIntPendingBit  ht32f5xxxx_adc.o
    0x00001640   0x00001640   0x00000012   Code   RO          582    i.ADC_Cmd           ht32f5xxxx_adc.o
    0x00001652   0x00001652   0x00000012   Code   RO          583    i.ADC_DeInit        ht32f5xxxx_adc.o
    0x00001664   0x00001664   0x0000001c   Code   RO         3317    i.ADC_EOC_interrupt_Callback  adc.o
    0x00001680   0x00001680   0x0000000c   Code   RO          586    i.ADC_GetIntStatus  ht32f5xxxx_adc.o
    0x0000168c   0x0000168c   0x00000258   Code   RO         3318    i.ADC_GetResult     adc.o
    0x000018e4   0x000018e4   0x00000018   Code   RO          198    i.ADC_IRQHandler    ht32f5xxxx_01_it.o
    0x000018fc   0x000018fc   0x00000012   Code   RO          587    i.ADC_IntConfig     ht32f5xxxx_adc.o
    0x0000190e   0x0000190e   0x0000001e   Code   RO          589    i.ADC_RegularChannelConfig  ht32f5xxxx_adc.o
    0x0000192c   0x0000192c   0x0000001a   Code   RO          590    i.ADC_RegularGroupConfig  ht32f5xxxx_adc.o
    0x00001946   0x00001946   0x0000000e   Code   RO          591    i.ADC_RegularTrigConfig  ht32f5xxxx_adc.o
    0x00001954   0x00001954   0x00000004   Code   RO          593    i.ADC_SamplingTimeConfig  ht32f5xxxx_adc.o
    0x00001958   0x00001958   0x00000014   Code   RO          594    i.ADC_SoftwareStartConvCmd  ht32f5xxxx_adc.o
    0x0000196c   0x0000196c   0x0000002c   Code   RO         1333    i.AFIO_EXTISourceConfig  ht32f5xxxx_gpio.o
    0x00001998   0x00001998   0x000000e4   Code   RO         1334    i.AFIO_GPxConfig    ht32f5xxxx_gpio.o
    0x00001a7c   0x00001a7c   0x00000028   Code   RO         3803    i.BatteryAlertResetDetect  battmonitor.o
    0x00001aa4   0x00001aa4   0x00000028   Code   RO         3804    i.BatteryLPFHandler  battmonitor.o
    0x00001acc   0x00001acc   0x00000174   Code   RO         3805    i.BatteryMonitorHandler  battmonitor.o
    0x00001c40   0x00001c40   0x00000014   Code   RO          773    i.CKCU_GetClockReadyStatus  ht32f5xxxx_ckcu.o
    0x00001c54   0x00001c54   0x00000018   Code   RO          783    i.CKCU_HSICmd       ht32f5xxxx_ckcu.o
    0x00001c6c   0x00001c6c   0x00000028   Code   RO          792    i.CKCU_PeripClockConfig  ht32f5xxxx_ckcu.o
    0x00001c94   0x00001c94   0x0000001c   Code   RO          793    i.CKCU_SetADCnPrescaler  ht32f5xxxx_ckcu.o
    0x00001cb0   0x00001cb0   0x00000010   Code   RO         1053    i.CRC_DeInit        ht32f5xxxx_crc.o
    0x00001cc0   0x00001cc0   0x00000090   Code   RO         3859    i.CalculateInputTemp  tempcontrol.o
    0x00001d50   0x00001d50   0x0000017c   Code   RO         3806    i.CellCountDetectHandler  battmonitor.o
    0x00001ecc   0x00001ecc   0x000000b4   Code   RO         3543    i.CheckForFlashLock  flashprot.o
    0x00001f80   0x00001f80   0x000001b0   Code   RO         3704    i.ControlMainLEDHandler  modelogic.o
    0x00002130   0x00002130   0x00000028   Code   RO         3767    i.DeepSleepTimerCallBack  deepsleep.o
    0x00002158   0x00002158   0x0000003c   Code   RO          346    i.DisableHBTimer    mcubeattimer.o
    0x00002194   0x00002194   0x000000f8   Code   RO         3807    i.DisplayBatteryVoltage  battmonitor.o
    0x0000228c   0x0000228c   0x000001f4   Code   RO         3860    i.DisplaySystemTemp  tempcontrol.o
    0x00002480   0x00002480   0x00000058   Code   RO         3861    i.DisplayTemp       tempcontrol.o
    0x000024d8   0x000024d8   0x00000018   Code   RO          199    i.EXTI4_15_IRQHandler  ht32f5xxxx_01_it.o
    0x000024f0   0x000024f0   0x00000010   Code   RO         1144    i.EXTI_ClearEdgeFlag  ht32f5xxxx_exti.o
    0x00002500   0x00002500   0x00000018   Code   RO         1147    i.EXTI_GetEdgeFlag  ht32f5xxxx_exti.o
    0x00002518   0x00002518   0x00000020   Code   RO         1151    i.EXTI_Init         ht32f5xxxx_exti.o
    0x00002538   0x00002538   0x0000001c   Code   RO         1152    i.EXTI_IntConfig    ht32f5xxxx_exti.o
    0x00002554   0x00002554   0x00000064   Code   RO          347    i.EnableHBTimer     mcubeattimer.o
    0x000025b8   0x000025b8   0x000000c0   Code   RO         3768    i.EnteredLowPowerMode  deepsleep.o
    0x00002678   0x00002678   0x000000e0   Code   RO         3769    i.ExitLowPowerMode  deepsleep.o
    0x00002758   0x00002758   0x0000001c   Code   RO         1238    i.FLASH_EraseOptionByte  ht32f5xxxx_flash.o
    0x00002774   0x00002774   0x00000014   Code   RO         1239    i.FLASH_ErasePage   ht32f5xxxx_flash.o
    0x00002788   0x00002788   0x00000034   Code   RO         1241    i.FLASH_GetOptionByteStatus  ht32f5xxxx_flash.o
    0x000027bc   0x000027bc   0x0000006c   Code   RO         1245    i.FLASH_ProgramOptionByte  ht32f5xxxx_flash.o
    0x00002828   0x00002828   0x00000018   Code   RO         1246    i.FLASH_ProgramWordData  ht32f5xxxx_flash.o
    0x00002840   0x00002840   0x00000058   Code   RO         1249    i.FLASH_WaitForOperationEnd  ht32f5xxxx_flash.o
    0x00002898   0x00002898   0x0000009c   Code   RO         3601    i.FanOutputInit     fan.o
    0x00002934   0x00002934   0x00000100   Code   RO         3602    i.FanSpeedControlHandler  fan.o
    0x00002a34   0x00002a34   0x0000001c   Code   RO         3862    i.FillThermalFilterBuf  tempcontrol.o
    0x00002a50   0x00002a50   0x00000024   Code   RO         3603    i.ForceDisableFan   fan.o
    0x00002a74   0x00002a74   0x00000004   Code   RO         1335    i.GPIO_ClearOutBits  ht32f5xxxx_gpio.o
    0x00002a78   0x00002a78   0x00000010   Code   RO         1337    i.GPIO_DirectionConfig  ht32f5xxxx_gpio.o
    0x00002a88   0x00002a88   0x00000038   Code   RO         1338    i.GPIO_DisableDebugPort  ht32f5xxxx_gpio.o
    0x00002ac0   0x00002ac0   0x00000038   Code   RO         1339    i.GPIO_DriveConfig  ht32f5xxxx_gpio.o
    0x00002af8   0x00002af8   0x00000010   Code   RO         1341    i.GPIO_InputConfig  ht32f5xxxx_gpio.o
    0x00002b08   0x00002b08   0x0000000a   Code   RO         1347    i.GPIO_ReadInBit    ht32f5xxxx_gpio.o
    0x00002b12   0x00002b12   0x0000000a   Code   RO         1349    i.GPIO_ReadOutBit   ht32f5xxxx_gpio.o
    0x00002b1c   0x00002b1c   0x00000004   Code   RO         1351    i.GPIO_SetOutBits   ht32f5xxxx_gpio.o
    0x00002b20   0x00002b20   0x00000048   Code   RO          200    i.GPTM0_IRQHandler  ht32f5xxxx_01_it.o
    0x00002b68   0x00002b68   0x0000003c   Code   RO          201    i.GPTM1_IRQHandler  ht32f5xxxx_01_it.o
    0x00002ba4   0x00002ba4   0x00000068   Code   RO         3506    i.GenerateStrobeAfterPOST  pwmdim.o
    0x00002c0c   0x00002c0c   0x0000004c   Code   RO          202    i.HardFault_Handler  ht32f5xxxx_01_it.o
    0x00002c58   0x00002c58   0x000000ec   Code   RO         3319    i.InternalADC_Init  adc.o
    0x00002d44   0x00002d44   0x000000ac   Code   RO         3863    i.LEDFilter         tempcontrol.o
    0x00002df0   0x00002df0   0x00000138   Code   RO         3360    i.LEDMgmt_CallBack  ledmgmt.o
    0x00002f28   0x00002f28   0x0000004c   Code   RO         3361    i.LED_AddStrobe     ledmgmt.o
    0x00002f74   0x00002f74   0x00000068   Code   RO         3362    i.LED_Init          ledmgmt.o
    0x00002fdc   0x00002fdc   0x00000024   Code   RO         3363    i.LED_Reset         ledmgmt.o
    0x00003000   0x00003000   0x00000050   Code   RO         3364    i.LED_ShowLoopOperationOnce  ledmgmt.o
    0x00003050   0x00003050   0x00000070   Code   RO         3705    i.LightLogicSetup   modelogic.o
    0x000030c0   0x000030c0   0x00000394   Code   RO         3706    i.LightModeStateMachine  modelogic.o
    0x00003454   0x00003454   0x00000034   Code   RO         3707    i.LowVoltageAlertHandler  modelogic.o
    0x00003488   0x00003488   0x00000032   Code   RO         1744    i.MCTM_CHBRKCTRConfig  ht32f5xxxx_mctm.o
    0x000034ba   0x000034ba   0x00000012   Code   RO         1747    i.MCTM_CHMOECmd     ht32f5xxxx_mctm.o
    0x000034cc   0x000034cc   0x0000007c   Code   RO         3544    i.MainProgramRegionCRC  flashprot.o
    0x00003548   0x00003548   0x00000002   Code   RO          203    i.NMI_Handler       ht32f5xxxx_01_it.o
    0x0000354a   0x0000354a   0x00000002   PAD
    0x0000354c   0x0000354c   0x0000007c   Code   RO         3864    i.OverHeatProtectionHandler  tempcontrol.o
    0x000035c8   0x000035c8   0x00000248   Code   RO         3865    i.PIDStepdownCalc   tempcontrol.o
    0x00003810   0x00003810   0x00000100   Code   RO         3507    i.PWMTimerInit      pwmdim.o
    0x00003910   0x00003910   0x00000020   Code   RO         1894    i.PWRCU_CheckReadyAccessed  ht32f5xxxx_pwrcu.o
    0x00003930   0x00003930   0x00000002   Code   RO          204    i.PendSV_Handler    ht32f5xxxx_01_it.o
    0x00003932   0x00003932   0x00000002   PAD
    0x00003934   0x00003934   0x00000048   Code   RO         3708    i.PowerOffProcess   modelogic.o
    0x0000397c   0x0000397c   0x00000028   Code   RO         2057    i.RSTCU_PeripReset  ht32f5xxxx_rstcu.o
    0x000039a4   0x000039a4   0x00000040   Code   RO         3569    i.RTCCMIntHandler   autolockrtc.o
    0x000039e4   0x000039e4   0x0000002c   Code   RO         2095    i.RTC_DeInit        ht32f5xxxx_rtc.o
    0x00003a10   0x00003a10   0x0000000c   Code   RO         2098    i.RTC_GetFlagStatus  ht32f5xxxx_rtc.o
    0x00003a1c   0x00003a1c   0x00000020   Code   RO          205    i.RTC_IRQHandler    ht32f5xxxx_01_it.o
    0x00003a3c   0x00003a3c   0x0000003c   Code   RO         2104    i.RTC_LSILoadTrimData  ht32f5xxxx_rtc.o
    0x00003a78   0x00003a78   0x000000bc   Code   RO         3709    i.RampAdjustHandler  modelogic.o
    0x00003b34   0x00003b34   0x00000014   Code   RO         3570    i.RestartRTCTimer   autolockrtc.o
    0x00003b48   0x00003b48   0x00000068   Code   RO         3710    i.ReverseModeCycleOpHandler  modelogic.o
    0x00003bb0   0x00003bb0   0x00000002   Code   RO          206    i.SVC_Handler       ht32f5xxxx_01_it.o
    0x00003bb2   0x00003bb2   0x00000002   PAD
    0x00003bb4   0x00003bb4   0x00000018   Code   RO          491    i.SYSTICK_ClockSourceConfig  ht32_cm0plus_misc.o
    0x00003bcc   0x00003bcc   0x00000024   Code   RO          492    i.SYSTICK_CounterCmd  ht32_cm0plus_misc.o
    0x00003bf0   0x00003bf0   0x00000018   Code   RO          493    i.SYSTICK_IntConfig  ht32_cm0plus_misc.o
    0x00003c08   0x00003c08   0x00000054   Code   RO         3508    i.SetPWMDuty        pwmdim.o
    0x00003c5c   0x00003c5c   0x00000002   Code   RO         3571    i.SetupRTCForCounter  autolockrtc.o
    0x00003c5e   0x00003c5e   0x00000002   PAD
    0x00003c60   0x00003c60   0x00000084   Code   RO         3415    i.SideKeyInit       sidekey.o
    0x00003ce4   0x00003ce4   0x000000a8   Code   RO         3416    i.SideKey_Callback  sidekey.o
    0x00003d8c   0x00003d8c   0x000000a4   Code   RO         3417    i.SideKey_LogicHandler  sidekey.o
    0x00003e30   0x00003e30   0x00000044   Code   RO         3418    i.SideKey_TIM_Callback  sidekey.o
    0x00003e74   0x00003e74   0x00000014   Code   RO          207    i.SysTick_Handler   ht32f5xxxx_01_it.o
    0x00003e88   0x00003e88   0x0000010c   Code   RO          379    i.SystemInit        system_ht32f5xxxx_01.o
    0x00003f94   0x00003f94   0x0000000a   Code   RO         2486    i.TM_ClearFlag      ht32f5xxxx_tm.o
    0x00003f9e   0x00003f9e   0x00000014   Code   RO         2489    i.TM_Cmd            ht32f5xxxx_tm.o
    0x00003fb2   0x00003fb2   0x0000000a   Code   RO         2497    i.TM_GetFlagStatus  ht32f5xxxx_tm.o
    0x00003fbc   0x00003fbc   0x00000010   Code   RO         2502    i.TM_IntConfig      ht32f5xxxx_tm.o
    0x00003fcc   0x00003fcc   0x000000ac   Code   RO         2506    i.TM_OutputInit     ht32f5xxxx_tm.o
    0x00004078   0x00004078   0x00000006   Code   RO         2515    i.TM_SetCounterReload  ht32f5xxxx_tm.o
    0x0000407e   0x0000407e   0x00000002   PAD
    0x00004080   0x00004080   0x00000040   Code   RO         2520    i.TM_TimeBaseInit   ht32f5xxxx_tm.o
    0x000040c0   0x000040c0   0x0000002c   Code   RO         4031    i.__ARM_fpclassify  m_ps.l(fpclassify.o)
    0x000040ec   0x000040ec   0x000000ac   Code   RO         4033    i.__kernel_poly     m_ps.l(poly.o)
    0x00004198   0x00004198   0x00000014   Code   RO         4017    i.__mathlib_dbl_divzero  m_ps.l(dunder.o)
    0x000041ac   0x000041ac   0x0000000a   Code   RO         4018    i.__mathlib_dbl_infnan  m_ps.l(dunder.o)
    0x000041b6   0x000041b6   0x00000008   Code   RO         4019    i.__mathlib_dbl_infnan2  m_ps.l(dunder.o)
    0x000041be   0x000041be   0x00000010   Code   RO         4020    i.__mathlib_dbl_invalid  m_ps.l(dunder.o)
    0x000041ce   0x000041ce   0x00000002   PAD
    0x000041d0   0x000041d0   0x00000014   Code   RO         4021    i.__mathlib_dbl_overflow  m_ps.l(dunder.o)
    0x000041e4   0x000041e4   0x00000014   Code   RO         4023    i.__mathlib_dbl_underflow  m_ps.l(dunder.o)
    0x000041f8   0x000041f8   0x0000002c   Code   RO          275    i.delay_init        delay.o
    0x00004224   0x00004224   0x0000004c   Code   RO          276    i.delay_ms          delay.o
    0x00004270   0x00004270   0x0000004c   Code   RO          277    i.delay_us          delay.o
    0x000042bc   0x000042bc   0x00000026   Code   RO         3993    i.fmaxf             m_ps.l(fmaxf.o)
    0x000042e2   0x000042e2   0x00000026   Code   RO         3995    i.fminf             m_ps.l(fminf.o)
    0x00004308   0x00004308   0x00000028   Code   RO         3419    i.getSideKeyAnyHoldEvent  sidekey.o
    0x00004330   0x00004330   0x0000000c   Code   RO         3420    i.getSideKeyClickAndHoldEvent  sidekey.o
    0x0000433c   0x0000433c   0x0000000c   Code   RO         3421    i.getSideKeyDoubleClickAndHoldEvent  sidekey.o
    0x00004348   0x00004348   0x0000000c   Code   RO         3422    i.getSideKeyHoldEvent  sidekey.o
    0x00004354   0x00004354   0x00000018   Code   RO         3423    i.getSideKeyLongPressEvent  sidekey.o
    0x0000436c   0x0000436c   0x0000000c   Code   RO         3424    i.getSideKeyQuadClickAndHoldEvent  sidekey.o
    0x00004378   0x00004378   0x00000028   Code   RO         3425    i.getSideKeyShortPressCount  sidekey.o
    0x000043a0   0x000043a0   0x0000000c   Code   RO         3426    i.getSideKeyTripleClickAndHoldEvent  sidekey.o
    0x000043ac   0x000043ac   0x00000030   Code   RO          315    i.iroundf           lineartabop.o
    0x000043dc   0x000043dc   0x00000354   Code   RO         3974    i.log               m_ps.l(log.o)
    0x00004730   0x00004730   0x00000094   Code   RO            3    i.main              main.o
    0x000047c4   0x000047c4   0x000009fc   Code   RO         3984    i.pow               m_ps.l(pow.o)
    0x000051c0   0x000051c0   0x00000048   Code   RO         4037    i.sqrt              m_ps.l(sqrt.o)
    0x00005208   0x00005208   0x00000064   Code   RO         4006    x$fpl$deqf          fz_ps.l(deqf.o)
    0x0000526c   0x0000526c   0x00000064   Code   RO         3940    x$fpl$dleqf         fz_ps.l(dlef.o)
    0x000052d0   0x000052d0   0x00000068   Code   RO         3944    x$fpl$drleqf        fz_ps.l(drlef.o)
    0x00005338   0x00005338   0x0000008c   Code   RO         3948    x$fpl$fadd          fz_ps.l(faddsub.o)
    0x000053c4   0x000053c4   0x000000b0   Code   RO         3967    x$fpl$fmul          fz_ps.l(fmul.o)
    0x00005474   0x00005474   0x00000058   Code   RO         3969    x$fpl$frleqf        fz_ps.l(frlef.o)
    0x000054cc   0x000054cc   0x00000018   Code   RO         3949    x$fpl$frsb          fz_ps.l(faddsub.o)
    0x000054e4   0x000054e4   0x000000d0   Code   RO         3950    x$fpl$fsub          fz_ps.l(faddsub.o)
    0x000055b4   0x000055b4   0x00000000   Code   RO         4016    x$fpl$usenofp       fz_ps.l(usenofp.o)
    0x000055b4   0x000055b4   0x00000014   Data   RO         3711    .constdata          modelogic.o
    0x000055c8   0x000055c8   0x00000080   Data   RO         3938    .constdata          fz_ps.l(ddiv.o)
    0x00005648   0x00005648   0x00000040   Data   RO         3955    .constdata          fz_ps.l(fdiv.o)
    0x00005688   0x00005688   0x00000038   Data   RO         3975    .constdata          m_ps.l(log.o)
    0x000056c0   0x000056c0   0x00000088   Data   RO         3985    .constdata          m_ps.l(pow.o)
    0x00005748   0x00005748   0x00000008   Data   RO         4035    .constdata          m_ps.l(qnan.o)
    0x00005750   0x00005750   0x000000ff   Data   RO         3366    .conststring        ledmgmt.o
    0x0000584f   0x0000584f   0x00000001   PAD
    0x00005850   0x00005850   0x00000020   Data   RO         4219    Region$$Table       anon$$obj.o


    Execution Region RW_IRAM1 (Exec base: 0x20000000, Load base: 0x00005870, Size: 0x00000ef0, Max: 0x00004000, ABSOLUTE)

    Exec Addr    Load Addr    Size         Type   Attr      Idx    E Section Name        Object

    0x20000000   0x00005870   0x00000002   Data   RW            4    .data               main.o
    0x20000002   0x00005872   0x00000002   PAD
    0x20000004   0x00005874   0x00000004   Data   RW          208    .data               ht32f5xxxx_01_it.o
    0x20000008   0x00005878   0x00000001   Data   RW          278    .data               delay.o
    0x20000009   0x00005879   0x00000001   Data   RW         3321    .data               adc.o
    0x2000000a   0x0000587a   0x00000002   PAD
    0x2000000c   0x0000587c   0x00000098   Data   RW         3367    .data               ledmgmt.o
    0x200000a4   0x00005914   0x00000003   Data   RW         3428    .data               sidekey.o
    0x200000a7   0x00005917   0x00000001   Data   RW         3605    .data               fan.o
    0x200000a8   0x00005918   0x00000018   Data   RW         3712    .data               modelogic.o
    0x200000c0   0x00005930   0x00000008   Data   RW         3770    .data               deepsleep.o
    0x200000c8   0x00005938   0x0000000c   Data   RW         3809    .data               battmonitor.o
    0x200000d4   0x00005944   0x00000010   Data   RW         3867    .data               tempcontrol.o
    0x200000e4        -       0x00000040   Zero   RW         3365    .bss                ledmgmt.o
    0x20000124        -       0x0000000a   Zero   RW         3427    .bss                sidekey.o
    0x2000012e   0x00005954   0x00000002   PAD
    0x20000130        -       0x00000080   Zero   RW         3604    .bss                fan.o
    0x200001b0        -       0x00000080   Zero   RW         3808    .bss                battmonitor.o
    0x20000230        -       0x00000060   Zero   RW         3866    .bss                tempcontrol.o
    0x20000290        -       0x00000060   Zero   RW         4075    .bss                c_p.l(libspace.o)
    0x200002f0        -       0x00000000   Zero   RW          478    HEAP                startup_ht32f5xxxx_01.o
    0x200002f0        -       0x00000c00   Zero   RW          477    STACK               startup_ht32f5xxxx_01.o


==============================================================================

Image component sizes


      Code (inc. data)   RO Data    RW Data    ZI Data      Debug   Object Name

       864         80          0          1          0      10917   adc.o
        86         18          0          0          0       1838   autolockrtc.o
      1080        200          0         12        128       4356   battmonitor.o
       456         50          0          8          0       2106   deepsleep.o
       196         18          0          1          0       1618   delay.o
       448         74          0          1        128      33632   fan.o
       304         32          0          0          0       1815   flashprot.o
        84         12          0          0          0       1589   ht32_cm0plus_misc.o
       314         56          0          4          0       4525   ht32f5xxxx_01_it.o
       166          0          0          0          0       6027   ht32f5xxxx_adc.o
       112         20          0          0          0       4683   ht32f5xxxx_ckcu.o
        16          0          0          0          0        805   ht32f5xxxx_crc.o
       100         20          0          0          0       4961   ht32f5xxxx_exti.o
       320         50          0          0          0       5176   ht32f5xxxx_flash.o
       444         16          0          0          0       7065   ht32f5xxxx_gpio.o
        68          0          0          0          0       1522   ht32f5xxxx_mctm.o
        32         10          0          0          0       8503   ht32f5xxxx_pwrcu.o
        40          4          0          0          0        635   ht32f5xxxx_rstcu.o
       116         22          0          0          0       1495   ht32f5xxxx_rtc.o
       298          8          0          0          0       5452   ht32f5xxxx_tm.o
       608         46        255        152         64       3946   ledmgmt.o
        48          8          0          0          0        582   lineartabop.o
       148          8          0          2          0      64971   main.o
       160         22          0          0          0       9125   mcubeattimer.o
      1876        192         20         24          0      14341   modelogic.o
       444         36          0          0          0       2246   pwmdim.o
       696         94          0          3         10       7360   sidekey.o
       380        252          0          0       3072        720   startup_ht32f5xxxx_01.o
       268         24          0          0          0        653   system_ht32f5xxxx_01.o
      1640        240          0         16         96       6473   tempcontrol.o

    ----------------------------------------------------------------------
     11822       1612        308        228       3500     219137   Object Totals
         0          0         32          0          0          0   (incl. Generated)
        10          0          1          4          2          0   (incl. Padding)

    ----------------------------------------------------------------------

      Code (inc. data)   RO Data    RW Data    ZI Data      Debug   Library Member Name

         8          0          0          0          0         68   __main.o
         0          0          0          0          0          0   __rtentry.o
        12          0          0          0          0          0   __rtentry2.o
         6          0          0          0          0          0   __rtentry4.o
        60          8          0          0          0          0   __scatter.o
        26          0          0          0          0          0   __scatter_copy.o
        28          0          0          0          0          0   __scatter_zi.o
        22          0          0          0          0         92   _rserrno.o
       488          0          0          0          0         92   aeabi_sdivfast.o
        16          0          0          0          0         68   exit.o
         6          0          0          0          0        136   heapauxi.o
         0          0          0          0          0          0   indicate_semi.o
         2          0          0          0          0          0   libinit.o
         2          0          0          0          0          0   libinit2.o
         2          0          0          0          0          0   libshutdown.o
         2          0          0          0          0          0   libshutdown2.o
         8          4          0          0         96         68   libspace.o
         8          4          0          0          0         68   rt_errno_addr_intlibspace.o
        64          0          0          0          0        108   rt_memclr.o
         2          0          0          0          0          0   rtexit.o
        10          0          0          0          0          0   rtexit2.o
        36          0          0          0          0         68   strncat.o
        12          4          0          0          0         60   sys_exit.o
        62          0          0          0          0         80   sys_stackheap_outer.o
         2          0          0          0          0         68   use_no_semi.o
        46          0          0          0          0         60   cmpret.o
       124          4          0          0          0         72   d2f.o
       856         20          0          0          0        208   daddsub.o
       144          4          0          0          0         76   dcmpin.o
      1096         26        128          0          0        112   ddiv.o
       100          4          0          0          0         92   deqf.o
        88          0          0          0          0         92   dflti.o
       100          4          0          0          0         92   dlef.o
       584         26          0          0          0         84   dmul.o
        20          6          0          0          0         68   dnan2.o
       104          4          0          0          0        104   drlef.o
        96         12          0          0          0         72   dscalbn.o
       256          8          0          0          0         76   dsqrt.o
        84          4          0          0          0         60   f2d.o
       372          8          0          0          0        240   faddsub.o
       176          6          0          0          0         76   fcmp4.o
       100          4          0          0          0         68   fcmpin.o
       352         10         64          0          0         92   fdiv.o
        76          0          0          0          0         68   ffixi.o
        48          0          0          0          0         60   ffixui.o
        94          0          0          0          0         92   fflti.o
       176          4          0          0          0         80   fmul.o
        16          6          0          0          0         68   fnan2.o
        88          4          0          0          0         76   frlef.o
        68          4          0          0          0         68   fscalbn.o
        94          0          0          0          0         68   retnan.o
         0          0          0          0          0          0   usenofp.o
        94         14          0          0          0        408   dunder.o
        38          0          0          0          0         72   fmaxf.o
        38          0          0          0          0         72   fminf.o
        44          4          0          0          0         60   fpclassify.o
       852         62         56          0          0        136   log.o
       172          0          0          0          0         76   poly.o
      2556        196        136          0          0        240   pow.o
         0          0          8          0          0          0   qnan.o
        72          6          0          0          0         76   sqrt.o

    ----------------------------------------------------------------------
     10118        470        392          0         96       4440   Library Totals
        10          0          0          0          0          0   (incl. Padding)

    ----------------------------------------------------------------------

      Code (inc. data)   RO Data    RW Data    ZI Data      Debug   Library Name

       884         20          0          0         96        976   c_p.l
      5358        168        192          0          0       2324   fz_ps.l
      3866        282        200          0          0       1140   m_ps.l

    ----------------------------------------------------------------------
     10118        470        392          0         96       4440   Library Totals

    ----------------------------------------------------------------------

==============================================================================


      Code (inc. data)   RO Data    RW Data    ZI Data      Debug   

     21940       2082        700        228       3596     216145   Grand Totals
     21940       2082        700        228       3596     216145   ELF Image Totals
     21940       2082        700        228          0          0   ROM Totals

==============================================================================

    Total RO  Size (Code + RO Data)                22640 (  22.11kB)
    Total RW  Size (RW Data + ZI Data)              3824 (   3.73kB)
    Total ROM Size (Code + RO Data + RW Data)      22868 (  22.33kB)

==============================================================================

