Component: ARM Compiler 5.06 update 6 (build 750) Tool: armlink [4d35ed]

==============================================================================

Section Cross References

    main.o(i.main) refers to ht32f5xxxx_ckcu.o(i.CKCU_PeripClockConfig) for CKCU_PeripClockConfig
    main.o(i.main) refers to ht32f5xxxx_pwrcu.o(i.PWRCU_CheckReadyAccessed) for PWRCU_CheckReadyAccessed
    main.o(i.main) refers to ht32f5xxxx_rtc.o(i.RTC_LSILoadTrimData) for RTC_LSILoadTrimData
    main.o(i.main) refers to ht32f5xxxx_rtc.o(i.RTC_DeInit) for RTC_DeInit
    main.o(i.main) refers to delay.o(i.delay_init) for delay_init
    main.o(i.main) refers to ht32f5xxxx_gpio.o(i.GPIO_DisableDebugPort) for GPIO_DisableDebugPort
    main.o(i.main) refers to flashprot.o(i.CheckForFlashLock) for CheckForFlashLock
    main.o(i.main) refers to mcubeattimer.o(i.EnableHBTimer) for EnableHBTimer
    main.o(i.main) refers to ledmgmt.o(i.LED_Init) for LED_Init
    main.o(i.main) refers to adc.o(i.InternalADC_Init) for InternalADC_Init
    main.o(i.main) refers to sidekey.o(i.SideKeyInit) for SideKeyInit
    main.o(i.main) refers to pwmdim.o(i.PWMTimerInit) for PWMTimerInit
    main.o(i.main) refers to modelogic.o(i.LightLogicSetup) for LightLogicSetup
    main.o(i.main) refers to battmonitor.o(i.CellCountDetectHandler) for CellCountDetectHandler
    main.o(i.main) refers to sidekey.o(i.SideKey_LogicHandler) for SideKey_LogicHandler
    main.o(i.main) refers to battmonitor.o(i.BatteryMonitorHandler) for BatteryMonitorHandler
    main.o(i.main) refers to modelogic.o(i.LightModeStateMachine) for LightModeStateMachine
    main.o(i.main) refers to tempcontrol.o(i.PIDStepdownCalc) for PIDStepdownCalc
    main.o(i.main) refers to modelogic.o(i.ControlMainLEDHandler) for ControlMainLEDHandler
    main.o(i.main) refers to tempcontrol.o(i.CalculateActualTemp) for CalculateActualTemp
    main.o(i.main) refers to ledmgmt.o(i.LEDMgmt_CallBack) for LEDMgmt_CallBack
    main.o(i.main) refers to modelogic.o(i.ReverseModeCycleOpHandler) for ReverseModeCycleOpHandler
    main.o(i.main) refers to modelogic.o(i.LowVoltageAlertHandler) for LowVoltageAlertHandler
    main.o(i.main) refers to main.o(.data) for .data
    ht32f5xxxx_01_it.o(i.ADC_IRQHandler) refers to ht32f5xxxx_adc.o(i.ADC_GetIntStatus) for ADC_GetIntStatus
    ht32f5xxxx_01_it.o(i.ADC_IRQHandler) refers to adc.o(i.ADC_EOC_interrupt_Callback) for ADC_EOC_interrupt_Callback
    ht32f5xxxx_01_it.o(i.EXTI4_15_IRQHandler) refers to ht32f5xxxx_exti.o(i.EXTI_GetEdgeFlag) for EXTI_GetEdgeFlag
    ht32f5xxxx_01_it.o(i.EXTI4_15_IRQHandler) refers to ht32f5xxxx_exti.o(i.EXTI_ClearEdgeFlag) for EXTI_ClearEdgeFlag
    ht32f5xxxx_01_it.o(i.EXTI4_15_IRQHandler) refers to sidekey.o(i.SideKey_Callback) for SideKey_Callback
    ht32f5xxxx_01_it.o(i.GPTM0_IRQHandler) refers to ht32f5xxxx_tm.o(i.TM_GetFlagStatus) for TM_GetFlagStatus
    ht32f5xxxx_01_it.o(i.GPTM0_IRQHandler) refers to ht32f5xxxx_tm.o(i.TM_ClearFlag) for TM_ClearFlag
    ht32f5xxxx_01_it.o(i.GPTM0_IRQHandler) refers to ledmgmt.o(i.LEDMgmt_CallBack) for LEDMgmt_CallBack
    ht32f5xxxx_01_it.o(i.GPTM0_IRQHandler) refers to sidekey.o(i.SideKey_TIM_Callback) for SideKey_TIM_Callback
    ht32f5xxxx_01_it.o(i.GPTM0_IRQHandler) refers to main.o(.data) for EnteredMainApp
    ht32f5xxxx_01_it.o(i.GPTM0_IRQHandler) refers to deepsleep.o(.data) for DeepSleepTimerFlag
    ht32f5xxxx_01_it.o(i.GPTM1_IRQHandler) refers to ht32f5xxxx_tm.o(i.TM_GetFlagStatus) for TM_GetFlagStatus
    ht32f5xxxx_01_it.o(i.GPTM1_IRQHandler) refers to ht32f5xxxx_tm.o(i.TM_ClearFlag) for TM_ClearFlag
    ht32f5xxxx_01_it.o(i.GPTM1_IRQHandler) refers to modelogic.o(i.RampAdjustHandler) for RampAdjustHandler
    ht32f5xxxx_01_it.o(i.GPTM1_IRQHandler) refers to modelogic.o(.data) for LightMode
    ht32f5xxxx_01_it.o(i.HardFault_Handler) refers to ht32f5xxxx_01_it.o(.data) for .data
    ht32f5xxxx_01_it.o(i.RTC_IRQHandler) refers to ht32f5xxxx_rtc.o(i.RTC_GetFlagStatus) for RTC_GetFlagStatus
    ht32f5xxxx_01_it.o(i.RTC_IRQHandler) refers to autolockrtc.o(i.RTCCMIntHandler) for RTCCMIntHandler
    ht32f5xxxx_01_it.o(i.SysTick_Handler) refers to delay.o(.data) for DelaySeconds
    delay.o(i.delay_Second) refers to ht32_cm0plus_misc.o(i.SYSTICK_IntConfig) for SYSTICK_IntConfig
    delay.o(i.delay_Second) refers to delay.o(.data) for DelaySeconds
    delay.o(i.delay_init) refers to ht32_cm0plus_misc.o(i.SYSTICK_ClockSourceConfig) for SYSTICK_ClockSourceConfig
    delay.o(i.delay_init) refers to ht32_cm0plus_misc.o(i.SYSTICK_IntConfig) for SYSTICK_IntConfig
    delay.o(i.delay_init) refers to ht32_cm0plus_misc.o(i.SYSTICK_CounterCmd) for SYSTICK_CounterCmd
    delay.o(i.delay_init) refers to delay.o(.data) for DelaySeconds
    lineartabop.o(i.CheckLinearTable) refers to feqf.o(x$fpl$feqf) for __aeabi_cfcmpeq
    lineartabop.o(i.CheckLinearTable) refers to frlef.o(x$fpl$frleqf) for __aeabi_cfrcmple
    lineartabop.o(i.CheckLinearTable) refers to flef.o(x$fpl$fleqf) for __aeabi_cfcmple
[...]
    .text                                    0x00001308   Section        0  fcmp4.o(.text)
    .text                                    0x000013b8   Section        0  fcmpin.o(.text)
    .text                                    0x0000141c   Section        8  rt_errno_addr_intlibspace.o(.text)
    .text                                    0x00001424   Section        0  cmpret.o(.text)
    .text                                    0x00001454   Section        0  dnan2.o(.text)
    .text                                    0x00001468   Section        0  dsqrt.o(.text)
    .text                                    0x00001568   Section        0  fnan2.o(.text)
    .text                                    0x00001578   Section        8  libspace.o(.text)
    .text                                    0x00001580   Section       62  sys_stackheap_outer.o(.text)
    .text                                    0x000015be   Section        0  exit.o(.text)
    .text                                    0x000015ce   Section        0  retnan.o(.text)
    .text                                    0x0000162c   Section        0  sys_exit.o(.text)
    .text                                    0x00001638   Section        2  use_no_semi.o(.text)
    .text                                    0x0000163a   Section        0  indicate_semi.o(.text)
    i.ADC_ClearIntPendingBit                 0x0000163a   Section        0  ht32f5xxxx_adc.o(i.ADC_ClearIntPendingBit)
    i.ADC_Cmd                                0x00001640   Section        0  ht32f5xxxx_adc.o(i.ADC_Cmd)
    i.ADC_DeInit                             0x00001652   Section        0  ht32f5xxxx_adc.o(i.ADC_DeInit)
    i.ADC_EOC_interrupt_Callback             0x00001664   Section        0  adc.o(i.ADC_EOC_interrupt_Callback)
    i.ADC_GetIntStatus                       0x00001680   Section        0  ht32f5xxxx_adc.o(i.ADC_GetIntStatus)
    i.ADC_GetResult                          0x0000168c   Section        0  adc.o(i.ADC_GetResult)
    i.ADC_IRQHandler                         0x000018e4   Section        0  ht32f5xxxx_01_it.o(i.ADC_IRQHandler)
    i.ADC_IntConfig                          0x000018fc   Section        0  ht32f5xxxx_adc.o(i.ADC_IntConfig)
    i.ADC_RegularChannelConfig               0x0000190e   Section        0  ht32f5xxxx_adc.o(i.ADC_RegularChannelConfig)
    i.ADC_RegularGroupConfig                 0x0000192c   Section        0  ht32f5xxxx_adc.o(i.ADC_RegularGroupConfig)
    i.ADC_RegularTrigConfig                  0x00001946   Section        0  ht32f5xxxx_adc.o(i.ADC_RegularTrigConfig)
    i.ADC_SamplingTimeConfig                 0x00001954   Section        0  ht32f5xxxx_adc.o(i.ADC_SamplingTimeConfig)
    i.ADC_SoftwareStartConvCmd               0x00001958   Section        0  ht32f5xxxx_adc.o(i.ADC_SoftwareStartConvCmd)
    i.AFIO_EXTISourceConfig                  0x0000196c   Section        0  ht32f5xxxx_gpio.o(i.AFIO_EXTISourceConfig)
    i.AFIO_GPxConfig                         0x00001998   Section        0  ht32f5xxxx_gpio.o(i.AFIO_GPxConfig)
    i.BatteryAlertResetDetect                0x00001a7c   Section        0  battmonitor.o(i.BatteryAlertResetDetect)
    i.BatteryMonitorHandler                  0x00001aa4   Section        0  battmonitor.o(i.BatteryMonitorHandler)
    i.CKCU_GetClockReadyStatus               0x00001bf4   Section        0  ht32f5xxxx_ckcu.o(i.CKCU_GetClockReadyStatus)
    i.CKCU_HSICmd                            0x00001c08   Section        0  ht32f5xxxx_ckcu.o(i.CKCU_HSICmd)
    i.CKCU_PeripClockConfig                  0x00001c20   Section        0  ht32f5xxxx_ckcu.o(i.CKCU_PeripClockConfig)
    i.CKCU_SetADCnPrescaler                  0x00001c48   Section        0  ht32f5xxxx_ckcu.o(i.CKCU_SetADCnPrescaler)
    i.CRC_DeInit                             0x00001c64   Section        0  ht32f5xxxx_crc.o(i.CRC_DeInit)
    i.CalculateActualTemp                    0x00001c74   Section        0  tempcontrol.o(i.CalculateActualTemp)
    i.CellCountDetectHandler                 0x00001e0c   Section        0  battmonitor.o(i.CellCountDetectHandler)
    i.CheckForFlashLock                      0x00001f68   Section        0  flashprot.o(i.CheckForFlashLock)
    i.ControlMainLEDHandler                  0x0000201c   Section        0  modelogic.o(i.ControlMainLEDHandler)
    i.DeepSleepTimerCallBack                 0x0000216c   Section        0  deepsleep.o(i.DeepSleepTimerCallBack)
    i.DisableHBTimer                         0x00002188   Section        0  mcubeattimer.o(i.DisableHBTimer)
    i.DisplayBatteryVoltage                  0x000021c4   Section        0  battmonitor.o(i.DisplayBatteryVoltage)
    i.DisplaySystemTemp                      0x00002298   Section        0  tempcontrol.o(i.DisplaySystemTemp)
    i.DisplayTemp                            0x0000248c   Section        0  tempcontrol.o(i.DisplayTemp)
    i.EXTI4_15_IRQHandler                    0x000024e4   Section        0  ht32f5xxxx_01_it.o(i.EXTI4_15_IRQHandler)
    i.EXTI_ClearEdgeFlag                     0x000024fc   Section        0  ht32f5xxxx_exti.o(i.EXTI_ClearEdgeFlag)
    i.EXTI_GetEdgeFlag                       0x0000250c   Section        0  ht32f5xxxx_exti.o(i.EXTI_GetEdgeFlag)
    i.EXTI_Init                              0x00002524   Section        0  ht32f5xxxx_exti.o(i.EXTI_Init)
    i.EXTI_IntConfig                         0x00002544   Section        0  ht32f5xxxx_exti.o(i.EXTI_IntConfig)
    i.EnableHBTimer                          0x00002560   Section        0  mcubeattimer.o(i.EnableHBTimer)
    i.EnteredLowPowerMode                    0x000025c4   Section        0  deepsleep.o(i.EnteredLowPowerMode)
    i.ExitLowPowerMode                       0x00002684   Section        0  deepsleep.o(i.ExitLowPowerMode)
    i.FLASH_EraseOptionByte                  0x00002764   Section        0  ht32f5xxxx_flash.o(i.FLASH_EraseOptionByte)
    i.FLASH_ErasePage                        0x00002780   Section        0  ht32f5xxxx_flash.o(i.FLASH_ErasePage)
    i.FLASH_GetOptionByteStatus              0x00002794   Section        0  ht32f5xxxx_flash.o(i.FLASH_GetOptionByteStatus)
    i.FLASH_ProgramOptionByte                0x000027c8   Section        0  ht32f5xxxx_flash.o(i.FLASH_ProgramOptionByte)
    i.FLASH_ProgramWordData                  0x00002834   Section        0  ht32f5xxxx_flash.o(i.FLASH_ProgramWordData)
    i.FLASH_WaitForOperationEnd              0x0000284c   Section        0  ht32f5xxxx_flash.o(i.FLASH_WaitForOperationEnd)
    i.FillThermalFilterBuf                   0x000028a4   Section        0  tempcontrol.o(i.FillThermalFilterBuf)
    i.GPIO_ClearOutBits                      0x0000290c   Section        0  ht32f5xxxx_gpio.o(i.GPIO_ClearOutBits)
    i.GPIO_DirectionConfig                   0x00002910   Section        0  ht32f5xxxx_gpio.o(i.GPIO_DirectionConfig)
    i.GPIO_DisableDebugPort                  0x00002920   Section        0  ht32f5xxxx_gpio.o(i.GPIO_DisableDebugPort)
    i.GPIO_DriveConfig                       0x00002958   Section        0  ht32f5xxxx_gpio.o(i.GPIO_DriveConfig)
    i.GPIO_InputConfig                       0x00002990   Section        0  ht32f5xxxx_gpio.o(i.GPIO_InputConfig)
    i.GPIO_ReadInBit                         0x000029a0   Section        0  ht32f5xxxx_gpio.o(i.GPIO_ReadInBit)
    i.GPIO_SetOutBits                        0x000029aa   Section        0  ht32f5xxxx_gpio.o(i.GPIO_SetOutBits)
    i.GPTM0_IRQHandler                       0x000029b0   Section        0  ht32f5xxxx_01_it.o(i.GPTM0_IRQHandler)
    i.GPTM1_IRQHandler                       0x000029f8   Section        0  ht32f5xxxx_01_it.o(i.GPTM1_IRQHandler)
    i.HardFault_Handler                      0x00002a34   Section        0  ht32f5xxxx_01_it.o(i.HardFault_Handler)
    i.InternalADC_Init                       0x00002a80   Section        0  adc.o(i.InternalADC_Init)
    i.LEDMgmt_CallBack                       0x00002b6c   Section        0  ledmgmt.o(i.LEDMgmt_CallBack)
    i.LED_AddStrobe                          0x00002ca4   Section        0  ledmgmt.o(i.LED_AddStrobe)
    i.LED_Init                               0x00002cf0   Section        0  ledmgmt.o(i.LED_Init)
    i.LED_Reset                              0x00002d58   Section        0  ledmgmt.o(i.LED_Reset)
    i.LED_ShowLoopOperationOnce              0x00002d7c   Section        0  ledmgmt.o(i.LED_ShowLoopOperationOnce)
    i.LightLogicSetup                        0x00002dcc   Section        0  modelogic.o(i.LightLogicSetup)
    i.LightModeStateMachine                  0x00002e60   Section        0  modelogic.o(i.LightModeStateMachine)
    i.LowVoltageAlertHandler                 0x0000323c   Section        0  modelogic.o(i.LowVoltageAlertHandler)
    i.MCTM_CHBRKCTRConfig                    0x00003270   Section        0  ht32f5xxxx_mctm.o(i.MCTM_CHBRKCTRConfig)
    i.MCTM_CHMOECmd                          0x000032a2   Section        0  ht32f5xxxx_mctm.o(i.MCTM_CHMOECmd)
    i.MainProgramRegionCRC                   0x000032b4   Section        0  flashprot.o(i.MainProgramRegionCRC)
    i.NMI_Handler                            0x00003330   Section        0  ht32f5xxxx_01_it.o(i.NMI_Handler)
    i.PIDStepdownCalc                        0x00003334   Section        0  tempcontrol.o(i.PIDStepdownCalc)
    i.PWMTimerInit                           0x00003460   Section        0  pwmdim.o(i.PWMTimerInit)
    i.PWRCU_CheckReadyAccessed               0x000034fc   Section        0  ht32f5xxxx_pwrcu.o(i.PWRCU_CheckReadyAccessed)
    i.PendSV_Handler                         0x0000351c   Section        0  ht32f5xxxx_01_it.o(i.PendSV_Handler)
    i.RSTCU_PeripReset                       0x00003520   Section        0  ht32f5xxxx_rstcu.o(i.RSTCU_PeripReset)
    i.RTCCMIntHandler                        0x00003548   Section        0  autolockrtc.o(i.RTCCMIntHandler)
    i.RTC_DeInit                             0x0000358c   Section        0  ht32f5xxxx_rtc.o(i.RTC_DeInit)
    i.RTC_GetFlagStatus                      0x000035b8   Section        0  ht32f5xxxx_rtc.o(i.RTC_GetFlagStatus)
    i.RTC_IRQHandler                         0x000035c4   Section        0  ht32f5xxxx_01_it.o(i.RTC_IRQHandler)
    i.RTC_LSILoadTrimData                    0x000035e4   Section        0  ht32f5xxxx_rtc.o(i.RTC_LSILoadTrimData)
    i.RampAdjustHandler                      0x00003620   Section        0  modelogic.o(i.RampAdjustHandler)
    i.RestartRTCTimer                        0x000036dc   Section        0  autolockrtc.o(i.RestartRTCTimer)
    i.ReverseModeCycleOpHandler              0x00003708   Section        0  modelogic.o(i.ReverseModeCycleOpHandler)
    i.SVC_Handler                            0x00003770   Section        0  ht32f5xxxx_01_it.o(i.SVC_Handler)
    i.SYSTICK_ClockSourceConfig              0x00003774   Section        0  ht32_cm0plus_misc.o(i.SYSTICK_ClockSourceConfig)
    i.SYSTICK_CounterCmd                     0x0000378c   Section        0  ht32_cm0plus_misc.o(i.SYSTICK_CounterCmd)
    i.SYSTICK_IntConfig                      0x000037b0   Section        0  ht32_cm0plus_misc.o(i.SYSTICK_IntConfig)
    i.SetPWMDuty                             0x000037c8   Section        0  pwmdim.o(i.SetPWMDuty)
    i.SetupRTCForCounter                     0x00003818   Section        0  autolockrtc.o(i.SetupRTCForCounter)
    i.SideKeyInit                            0x00003878   Section        0  sidekey.o(i.SideKeyInit)
    i.SideKey_Callback                       0x000038fc   Section        0  sidekey.o(i.SideKey_Callback)
    i.SideKey_LogicHandler                   0x0000399c   Section        0  sidekey.o(i.SideKey_LogicHandler)
    i.SideKey_TIM_Callback                   0x00003a30   Section        0  sidekey.o(i.SideKey_TIM_Callback)
    i.SysTick_Handler                        0x00003a74   Section        0  ht32f5xxxx_01_it.o(i.SysTick_Handler)
    i.SystemInit                             0x00003a88   Section        0  system_ht32f5xxxx_01.o(i.SystemInit)
    i.TM_ClearFlag                           0x00003b94   Section        0  ht32f5xxxx_tm.o(i.TM_ClearFlag)
    i.TM_Cmd                                 0x00003b9e   Section        0  ht32f5xxxx_tm.o(i.TM_Cmd)
    i.TM_GetFlagStatus                       0x00003bb2   Section        0  ht32f5xxxx_tm.o(i.TM_GetFlagStatus)
    i.TM_IntConfig                           0x00003bbc   Section        0  ht32f5xxxx_tm.o(i.TM_IntConfig)
    i.TM_OutputInit                          0x00003bcc   Section        0  ht32f5xxxx_tm.o(i.TM_OutputInit)
    i.TM_SetCounterReload                    0x00003c78   Section        0  ht32f5xxxx_tm.o(i.TM_SetCounterReload)
    i.TM_TimeBaseInit                        0x00003c80   Section        0  ht32f5xxxx_tm.o(i.TM_TimeBaseInit)
    i.__ARM_fpclassify                       0x00003cc0   Section        0  fpclassify.o(i.__ARM_fpclassify)
    i.__kernel_poly                          0x00003cec   Section        0  poly.o(i.__kernel_poly)
    i.__mathlib_dbl_divzero                  0x00003d98   Section        0  dunder.o(i.__mathlib_dbl_divzero)
    i.__mathlib_dbl_infnan                   0x00003dac   Section        0  dunder.o(i.__mathlib_dbl_infnan)
    i.__mathlib_dbl_infnan2                  0x00003db6   Section        0  dunder.o(i.__mathlib_dbl_infnan2)
    i.__mathlib_dbl_invalid                  0x00003dbe   Section        0  dunder.o(i.__mathlib_dbl_invalid)
    i.__mathlib_dbl_overflow                 0x00003dd0   Section        0  dunder.o(i.__mathlib_dbl_overflow)
    i.__mathlib_dbl_underflow                0x00003de4   Section        0  dunder.o(i.__mathlib_dbl_underflow)
    i.delay_init                             0x00003df8   Section        0  delay.o(i.delay_init)
    i.delay_ms                               0x00003e24   Section        0  delay.o(i.delay_ms)
    i.delay_us                               0x00003e70   Section        0  delay.o(i.delay_us)
    i.fmaxf                                  0x00003ebc   Section        0  fmaxf.o(i.fmaxf)
    i.fminf                                  0x00003ee2   Section        0  fminf.o(i.fminf)
    i.getSideKeyAnyHoldEvent                 0x00003f08   Section        0  sidekey.o(i.getSideKeyAnyHoldEvent)
    i.getSideKeyClickAndHoldEvent            0x00003f2c   Section        0  sidekey.o(i.getSideKeyClickAndHoldEvent)
    i.getSideKeyDoubleClickAndHoldEvent      0x00003f38   Section        0  sidekey.o(i.getSideKeyDoubleClickAndHoldEvent)
    i.getSideKeyHoldEvent                    0x00003f44   Section        0  sidekey.o(i.getSideKeyHoldEvent)
    i.getSideKeyLongPressEvent               0x00003f50   Section        0  sidekey.o(i.getSideKeyLongPressEvent)
    i.getSideKeyShortPressCount              0x00003f68   Section        0  sidekey.o(i.getSideKeyShortPressCount)
    i.getSideKeyTripleClickAndHoldEvent      0x00003f90   Section        0  sidekey.o(i.getSideKeyTripleClickAndHoldEvent)
    i.iroundf                                0x00003f9c   Section        0  lineartabop.o(i.iroundf)
    i.log                                    0x00003fcc   Section        0  log.o(i.log)
    i.main                                   0x00004320   Section        0  main.o(i.main)
    i.pow                                    0x000043a4   Section        0  pow.o(i.pow)
    i.sqrt                                   0x00004da0   Section        0  sqrt.o(i.sqrt)
    x$fpl$deqf                               0x00004de8   Section      100  deqf.o(x$fpl$deqf)
    x$fpl$dleqf                              0x00004e4c   Section      100  dlef.o(x$fpl$dleqf)
    x$fpl$drleqf                             0x00004eb0   Section      104  drlef.o(x$fpl$drleqf)
    x$fpl$fadd                               0x00004f18   Section      140  faddsub.o(x$fpl$fadd)
    _fadd1                                   0x00004f25   Thumb Code     0  faddsub.o(x$fpl$fadd)
    x$fpl$fmul                               0x00004fa4   Section      176  fmul.o(x$fpl$fmul)
    x$fpl$frleqf                             0x00005054   Section       88  frlef.o(x$fpl$frleqf)
    x$fpl$frsb                               0x000050ac   Section       24  faddsub.o(x$fpl$frsb)
    x$fpl$fsub                               0x000050c4   Section      208  faddsub.o(x$fpl$fsub)
    _fsub1                                   0x000050d1   Thumb Code     0  faddsub.o(x$fpl$fsub)
    .constdata                               0x00005194   Section       20  modelogic.o(.constdata)
    x$fpl$usenofp                            0x00005194   Section        0  usenofp.o(x$fpl$usenofp)
    .constdata                               0x000051a8   Section      128  ddiv.o(.constdata)
    ddiv_reciptbl                            0x000051a8   Data         128  ddiv.o(.constdata)
    .constdata                               0x00005228   Section       64  fdiv.o(.constdata)
    fdiv_tab                                 0x00005228   Data          64  fdiv.o(.constdata)
    .constdata                               0x00005268   Section       56  log.o(.constdata)
    Lg2                                      0x00005268   Data          24  log.o(.constdata)
    Lg                                       0x00005280   Data          32  log.o(.constdata)
    .constdata                               0x000052a0   Section      136  pow.o(.constdata)
    bp                                       0x000052a0   Data          16  pow.o(.constdata)
    dp_h                                     0x000052b0   Data          16  pow.o(.constdata)
    dp_l                                     0x000052c0   Data          16  pow.o(.constdata)
    L                                        0x000052d0   Data          48  pow.o(.constdata)
    P                                        0x00005300   Data          40  pow.o(.constdata)
    .constdata                               0x00005328   Section        8  qnan.o(.constdata)
    .conststring                             0x00005330   Section      233  ledmgmt.o(.conststring)
    .data                                    0x20000000   Section        2  main.o(.data)
    .data                                    0x20000004   Section        4  ht32f5xxxx_01_it.o(.data)
    LEDTimer                                 0x20000004   Data           4  ht32f5xxxx_01_it.o(.data)
    .data                                    0x20000008   Section        1  delay.o(.data)
    .data                                    0x20000009   Section        1  adc.o(.data)
    ADCEOCFlag                               0x20000009   Data           1  adc.o(.data)
    .data                                    0x2000000c   Section      152  ledmgmt.o(.data)
    IsLEDInitOK                              0x2000000c   Data           1  ledmgmt.o(.data)
    LEDDelayTimer                            0x2000000e   Data           2  ledmgmt.o(.data)
    LastExtLEDIdx                            0x20000014   Data           4  ledmgmt.o(.data)
    ConstReadPtr                             0x20000018   Data           4  ledmgmt.o(.data)
    LastLEDIndex                             0x2000001c   Data           4  ledmgmt.o(.data)
    .data                                    0x200000a4   Section       12  sidekey.o(.data)
    IsKeyPressed                             0x200000a4   Data           1  sidekey.o(.data)
    KeyTimer                                 0x200000a5   Data           2  sidekey.o(.data)
    Keyevent                                 0x200000a8   Data           8  sidekey.o(.data)
    .data                                    0x200000b0   Section       24  modelogic.o(.data)
    IsKeyStillPressed                        0x200000b0   Data           1  modelogic.o(.data)
    AdjustDir                                0x200000b1   Data           1  modelogic.o(.data)
    TacticalMode                             0x200000b2   Data           1  modelogic.o(.data)
    LVAlertTimer                             0x200000b3   Data           1  modelogic.o(.data)
    IsKeyPressed                             0x200000b4   Data           1  modelogic.o(.data)
    MinMaxBrightNessStrobeTimer              0x200000b5   Data           1  modelogic.o(.data)
    IsEnabledLimitTimer                      0x200000b6   Data           1  modelogic.o(.data)
    DimmingRatio                             0x200000bc   Data           4  modelogic.o(.data)
    .data                                    0x200000c8   Section        8  deepsleep.o(.data)
    .data                                    0x200000d0   Section        8  battmonitor.o(.data)
    .data                                    0x200000d8   Section       16  tempcontrol.o(.data)
    TempControlEnabled                       0x200000d9   Data           1  tempcontrol.o(.data)
    CalculatePIDRequest                      0x200000da   Data           1  tempcontrol.o(.data)
    IsOHAlertAsserted                        0x200000db   Data           1  tempcontrol.o(.data)
    err_last_temp                            0x200000dc   Data           4  tempcontrol.o(.data)
    integral_temp                            0x200000e0   Data           4  tempcontrol.o(.data)
    .bss                                     0x200000e8   Section       64  ledmgmt.o(.bss)
    .bss                                     0x20000128   Section      480  tempcontrol.o(.bss)
    .bss                                     0x20000308   Section       96  libspace.o(.bss)
    HEAP                                     0x20000368   Section        0  startup_ht32f5xxxx_01.o(HEAP)
    STACK                                    0x20000368   Section     3072  startup_ht32f5xxxx_01.o(STACK)
    Heap_Mem                                 0x20000368   Data           0  startup_ht32f5xxxx_01.o(HEAP)
    Stack_Mem                                0x20000368   Data        3072  startup_ht32f5xxxx_01.o(STACK)
    __initial_sp                             0x20000f68   Data           0  startup_ht32f5xxxx_01.o(STACK)

    Global Symbols

    Symbol Name                              Value     Ov Type        Size  Object(Section)

    BuildAttributes$$THM_ISAv3M$S$PE$A:L22$X:L11$S22$IEEE1$IW$USESV6$~STKCKD$USESV7$~SHL$OTIME$ROPI$IEEEX$EBA8$UX$STANDARDLIB$REQ8$PRES8$EABIv2 0x00000000   Number         0  anon$$obj.o ABSOLUTE
    __ARM_use_no_argv                        0x00000000   Number         0  main.o ABSOLUTE
    __Vectors                                0x00000000   Data           0  startup_ht32f5xxxx_01.o(RESET)
    __ARM_exceptions_init                     - Undefined Weak Reference
    __alloca_initialize                       - Undefined Weak Reference
    __arm_preinit_                            - Undefined Weak Reference
    __cpp_initialize__aeabi_                  - Undefined Weak Reference
    __cxa_finalize                            - Undefined Weak Reference
    __rt_locale                               - Undefined Weak Reference
    __sigvec_lookup                           - Undefined Weak Reference
    _atexit_init                              - Undefined Weak Reference
    _call_atexit_fns                          - Undefined Weak Reference
    _clock_init                               - Undefined Weak Reference
    _fp_trap_init                             - Undefined Weak Reference
    _fp_trap_shutdown                         - Undefined Weak Reference
    _get_lc_collate                           - Undefined Weak Reference
    _get_lc_ctype                             - Undefined Weak Reference
    _get_lc_monetary                          - Undefined Weak Reference
    _get_lc_numeric                           - Undefined Weak Reference
    _get_lc_time                              - Undefined Weak Reference
    _getenv_init                              - Undefined Weak Reference
    _handle_redirection                       - Undefined Weak Reference
    _init_alloc                               - Undefined Weak Reference
    _init_user_alloc                          - Undefined Weak Reference
    _initio                                   - Undefined Weak Reference
    _rand_init                                - Undefined Weak Reference
    _signal_finish                            - Undefined Weak Reference
    _signal_init                              - Undefined Weak Reference
    _terminate_alloc                          - Undefined Weak Reference
    _terminate_user_alloc                     - Undefined Weak Reference
    _terminateio                              - Undefined Weak Reference
    Reset_Handler                            0x000000c1   Thumb Code    12  startup_ht32f5xxxx_01.o(RESET)
    AES_IRQHandler                           0x00000135   Thumb Code     0  startup_ht32f5xxxx_01.o(RESET)
    BFTM0_IRQHandler                         0x00000135   Thumb Code     0  startup_ht32f5xxxx_01.o(RESET)
    BFTM1_IRQHandler                         0x00000135   Thumb Code     0  startup_ht32f5xxxx_01.o(RESET)
    COMP_IRQHandler                          0x00000135   Thumb Code     0  startup_ht32f5xxxx_01.o(RESET)
    EVWUP_IRQHandler                         0x00000135   Thumb Code     0  startup_ht32f5xxxx_01.o(RESET)
    EXTI0_1_IRQHandler                       0x00000135   Thumb Code     0  startup_ht32f5xxxx_01.o(RESET)
    EXTI2_3_IRQHandler                       0x00000135   Thumb Code     0  startup_ht32f5xxxx_01.o(RESET)
    FLASH_IRQHandler                         0x00000135   Thumb Code     0  startup_ht32f5xxxx_01.o(RESET)
    I2C0_IRQHandler                          0x00000135   Thumb Code     0  startup_ht32f5xxxx_01.o(RESET)
    I2C1_IRQHandler                          0x00000135   Thumb Code     0  startup_ht32f5xxxx_01.o(RESET)
    I2C2_IRQHandler                          0x00000135   Thumb Code     0  startup_ht32f5xxxx_01.o(RESET)
    I2S_IRQHandler                           0x00000135   Thumb Code     0  startup_ht32f5xxxx_01.o(RESET)
    LVD_BOD_IRQHandler                       0x00000135   Thumb Code     0  startup_ht32f5xxxx_01.o(RESET)
    MCTM0_IRQHandler                         0x00000135   Thumb Code     0  startup_ht32f5xxxx_01.o(RESET)
    MIDI_IRQHandler                          0x00000135   Thumb Code     0  startup_ht32f5xxxx_01.o(RESET)
    PDMA_CH0_1_IRQHandler                    0x00000135   Thumb Code     0  startup_ht32f5xxxx_01.o(RESET)
    PDMA_CH2_5_IRQHandler                    0x00000135   Thumb Code     0  startup_ht32f5xxxx_01.o(RESET)
    PWM0_IRQHandler                          0x00000135   Thumb Code     0  startup_ht32f5xxxx_01.o(RESET)
    PWM1_IRQHandler                          0x00000135   Thumb Code     0  startup_ht32f5xxxx_01.o(RESET)
    QSPI_IRQHandler                          0x00000135   Thumb Code     0  startup_ht32f5xxxx_01.o(RESET)
    SCI_IRQHandler                           0x00000135   Thumb Code     0  startup_ht32f5xxxx_01.o(RESET)
    SCTM0_IRQHandler                         0x00000135   Thumb Code     0  startup_ht32f5xxxx_01.o(RESET)
    SCTM1_IRQHandler                         0x00000135   Thumb Code     0  startup_ht32f5xxxx_01.o(RESET)
    SCTM2_IRQHandler                         0x00000135   Thumb Code     0  startup_ht32f5xxxx_01.o(RESET)
    SCTM3_IRQHandler                         0x00000135   Thumb Code     0  startup_ht32f5xxxx_01.o(RESET)
    SPI0_IRQHandler                          0x00000135   Thumb Code     0  startup_ht32f5xxxx_01.o(RESET)
    SPI1_IRQHandler                          0x00000135   Thumb Code     0  startup_ht32f5xxxx_01.o(RESET)
    UART0_IRQHandler                         0x00000135   Thumb Code     0  startup_ht32f5xxxx_01.o(RESET)
    UART1_IRQHandler                         0x00000135   Thumb Code     0  startup_ht32f5xxxx_01.o(RESET)
    UART2_IRQHandler                         0x00000135   Thumb Code     0  startup_ht32f5xxxx_01.o(RESET)
    UART3_IRQHandler                         0x00000135   Thumb Code     0  startup_ht32f5xxxx_01.o(RESET)
    USART0_IRQHandler                        0x00000135   Thumb Code     0  startup_ht32f5xxxx_01.o(RESET)
    USART1_IRQHandler                        0x00000135   Thumb Code     0  startup_ht32f5xxxx_01.o(RESET)
    USB_IRQHandler                           0x00000135   Thumb Code     0  startup_ht32f5xxxx_01.o(RESET)
    __user_initial_stackheap                 0x00000139   Thumb Code     0  startup_ht32f5xxxx_01.o(RESET)
    __main                                   0x0000017d   Thumb Code     8  __main.o(!!!main)
    __scatterload                            0x00000185   Thumb Code     0  __scatter.o(!!!scatter)
    __scatterload_rt2                        0x00000185   Thumb Code    52  __scatter.o(!!!scatter)
    __scatterload_rt2_thumb_only             0x00000185   Thumb Code     0  __scatter.o(!!!scatter)
    __scatterload_null                       0x00000195   Thumb Code     0  __scatter.o(!!!scatter)
    __scatterload_copy                       0x000001c1   Thumb Code    26  __scatter_copy.o(!!handler_copy)
    __scatterload_zeroinit                   0x000001dd   Thumb Code    28  __scatter_zi.o(!!handler_zi)
    __rt_lib_init                            0x000001f9   Thumb Code     0  libinit.o(.ARM.Collect$$libinit$$00000000)
    __rt_lib_init_alloca_1                   0x000001fb   Thumb Code     0  libinit2.o(.ARM.Collect$$libinit$$0000002E)
    __rt_lib_init_argv_1                     0x000001fb   Thumb Code     0  libinit2.o(.ARM.Collect$$libinit$$0000002C)
    __rt_lib_init_atexit_1                   0x000001fb   Thumb Code     0  libinit2.o(.ARM.Collect$$libinit$$0000001B)
    __rt_lib_init_clock_1                    0x000001fb   Thumb Code     0  libinit2.o(.ARM.Collect$$libinit$$00000021)
    __rt_lib_init_cpp_1                      0x000001fb   Thumb Code     0  libinit2.o(.ARM.Collect$$libinit$$00000032)
    __rt_lib_init_exceptions_1               0x000001fb   Thumb Code     0  libinit2.o(.ARM.Collect$$libinit$$00000030)
    __rt_lib_init_fp_1                       0x000001fb   Thumb Code     0  libinit2.o(.ARM.Collect$$libinit$$00000002)
    __rt_lib_init_fp_trap_1                  0x000001fb   Thumb Code     0  libinit2.o(.ARM.Collect$$libinit$$0000001F)
    __rt_lib_init_getenv_1                   0x000001fb   Thumb Code     0  libinit2.o(.ARM.Collect$$libinit$$00000023)
    __rt_lib_init_heap_1                     0x000001fb   Thumb Code     0  libinit2.o(.ARM.Collect$$libinit$$0000000A)
    __rt_lib_init_lc_collate_1               0x000001fb   Thumb Code     0  libinit2.o(.ARM.Collect$$libinit$$00000011)
    __rt_lib_init_lc_ctype_1                 0x000001fb   Thumb Code     0  libinit2.o(.ARM.Collect$$libinit$$00000013)
    __rt_lib_init_lc_monetary_1              0x000001fb   Thumb Code     0  libinit2.o(.ARM.Collect$$libinit$$00000015)
    __rt_lib_init_lc_numeric_1               0x000001fb   Thumb Code     0  libinit2.o(.ARM.Collect$$libinit$$00000017)
    __rt_lib_init_lc_time_1                  0x000001fb   Thumb Code     0  libinit2.o(.ARM.Collect$$libinit$$00000019)
    __rt_lib_init_preinit_1                  0x000001fb   Thumb Code     0  libinit2.o(.ARM.Collect$$libinit$$00000004)
    __rt_lib_init_rand_1                     0x000001fb   Thumb Code     0  libinit2.o(.ARM.Collect$$libinit$$0000000E)
    __rt_lib_init_return                     0x000001fb   Thumb Code     0  libinit2.o(.ARM.Collect$$libinit$$00000033)
    __rt_lib_init_signal_1                   0x000001fb   Thumb Code     0  libinit2.o(.ARM.Collect$$libinit$$0000001D)
    __rt_lib_init_stdio_1                    0x000001fb   Thumb Code     0  libinit2.o(.ARM.Collect$$libinit$$00000025)
    __rt_lib_init_user_alloc_1               0x000001fb   Thumb Code     0  libinit2.o(.ARM.Collect$$libinit$$0000000C)
    __rt_lib_shutdown                        0x000001fd   Thumb Code     0  libshutdown.o(.ARM.Collect$$libshutdown$$00000000)
    __rt_lib_shutdown_cpp_1                  0x000001ff   Thumb Code     0  libshutdown2.o(.ARM.Collect$$libshutdown$$00000002)
    __rt_lib_shutdown_fp_trap_1              0x000001ff   Thumb Code     0  libshutdown2.o(.ARM.Collect$$libshutdown$$00000007)
    __rt_lib_shutdown_heap_1                 0x000001ff   Thumb Code     0  libshutdown2.o(.ARM.Collect$$libshutdown$$0000000F)
    __rt_lib_shutdown_return                 0x000001ff   Thumb Code     0  libshutdown2.o(.ARM.Collect$$libshutdown$$00000010)
    __rt_lib_shutdown_signal_1               0x000001ff   Thumb Code     0  libshutdown2.o(.ARM.Collect$$libshutdown$$0000000A)
    __rt_lib_shutdown_stdio_1                0x000001ff   Thumb Code     0  libshutdown2.o(.ARM.Collect$$libshutdown$$00000004)
    __rt_lib_shutdown_user_alloc_1           0x000001ff   Thumb Code     0  libshutdown2.o(.ARM.Collect$$libshutdown$$0000000C)
    __rt_entry                               0x00000201   Thumb Code     0  __rtentry.o(.ARM.Collect$$rtentry$$00000000)
    __rt_entry_presh_1                       0x00000201   Thumb Code     0  __rtentry2.o(.ARM.Collect$$rtentry$$00000002)
    __rt_entry_sh                            0x00000201   Thumb Code     0  __rtentry4.o(.ARM.Collect$$rtentry$$00000004)
    __rt_entry_li                            0x00000207   Thumb Code     0  __rtentry2.o(.ARM.Collect$$rtentry$$0000000A)
    __rt_entry_postsh_1                      0x00000207   Thumb Code     0  __rtentry2.o(.ARM.Collect$$rtentry$$00000009)
    __rt_entry_main                          0x0000020b   Thumb Code     0  __rtentry2.o(.ARM.Collect$$rtentry$$0000000D)
    __rt_entry_postli_1                      0x0000020b   Thumb Code     0  __rtentry2.o(.ARM.Collect$$rtentry$$0000000C)
    __rt_exit                                0x00000213   Thumb Code     0  rtexit.o(.ARM.Collect$$rtexit$$00000000)
    __rt_exit_ls                             0x00000215   Thumb Code     0  rtexit2.o(.ARM.Collect$$rtexit$$00000003)
    __rt_exit_prels_1                        0x00000215   Thumb Code     0  rtexit2.o(.ARM.Collect$$rtexit$$00000002)
    __rt_exit_exit                           0x00000219   Thumb Code     0  rtexit2.o(.ARM.Collect$$rtexit$$00000004)
    strncat                                  0x0000021f   Thumb Code    36  strncat.o(.text)
    _memset_w                                0x00000243   Thumb Code    26  rt_memclr.o(.text)
    _memset                                  0x0000025d   Thumb Code    30  rt_memclr.o(.text)
    __aeabi_memclr                           0x0000027b   Thumb Code     4  rt_memclr.o(.text)
    __rt_memclr                              0x0000027b   Thumb Code     0  rt_memclr.o(.text)
    __aeabi_memclr4                          0x0000027f   Thumb Code     0  rt_memclr.o(.text)
    __aeabi_memclr8                          0x0000027f   Thumb Code     0  rt_memclr.o(.text)
    __rt_memclr_w                            0x0000027f   Thumb Code     4  rt_memclr.o(.text)
    __aeabi_uidiv                            0x00000283   Thumb Code     0  aeabi_sdivfast.o(.text)
    __aeabi_uidivmod                         0x00000283   Thumb Code    28  aeabi_sdivfast.o(.text)
    __aeabi_idiv                             0x0000029f   Thumb Code     0  aeabi_sdivfast.o(.text)
    __aeabi_idivmod                          0x0000029f   Thumb Code   460  aeabi_sdivfast.o(.text)
    __use_two_region_memory                  0x0000046b   Thumb Code     2  heapauxi.o(.text)
    __rt_heap_escrow$2region                 0x0000046d   Thumb Code     2  heapauxi.o(.text)
    __rt_heap_expand$2region                 0x0000046f   Thumb Code     2  heapauxi.o(.text)
    __aeabi_d2f                              0x00000471   Thumb Code     0  d2f.o(.text)
    _d2f                                     0x00000471   Thumb Code   120  d2f.o(.text)
    __aeabi_dadd                             0x000007e5   Thumb Code     0  daddsub.o(.text)
    _dadd                                    0x000007e5   Thumb Code    26  daddsub.o(.text)
    __aeabi_dsub                             0x000007ff   Thumb Code     0  daddsub.o(.text)
    _dsub                                    0x000007ff   Thumb Code    22  daddsub.o(.text)
    __aeabi_drsub                            0x00000815   Thumb Code     0  daddsub.o(.text)
    _drsb                                    0x00000815   Thumb Code    28  daddsub.o(.text)
    __aeabi_ddiv                             0x00000845   Thumb Code     0  ddiv.o(.text)
    _ddiv                                    0x00000845   Thumb Code  1072  ddiv.o(.text)
    _drdiv                                   0x00000c75   Thumb Code    20  ddiv.o(.text)
    __aeabi_dmul                             0x00000c8d   Thumb Code     0  dmul.o(.text)
    _dmul                                    0x00000c8d   Thumb Code   558  dmul.o(.text)
    __aeabi_f2d                              0x00000ed5   Thumb Code     0  f2d.o(.text)
    _f2d                                     0x00000ed5   Thumb Code    80  f2d.o(.text)
    __aeabi_fdiv                             0x00000f29   Thumb Code     0  fdiv.o(.text)
    _fdiv                                    0x00000f29   Thumb Code   334  fdiv.o(.text)
    _frdiv                                   0x00001077   Thumb Code     8  fdiv.o(.text)
    __aeabi_f2iz                             0x00001089   Thumb Code     0  ffixi.o(.text)
    _ffix                                    0x00001089   Thumb Code    76  ffixi.o(.text)
    __aeabi_f2uiz                            0x000010d5   Thumb Code     0  ffixui.o(.text)
    _ffixu                                   0x000010d5   Thumb Code    48  ffixui.o(.text)
    __aeabi_i2f_normalise                    0x00001105   Thumb Code    72  fflti.o(.text)
    __aeabi_i2f                              0x0000114d   Thumb Code    16  fflti.o(.text)
    _fflt                                    0x0000114d   Thumb Code     0  fflti.o(.text)
    __aeabi_ui2f                             0x0000115d   Thumb Code     6  fflti.o(.text)
    _ffltu                                   0x0000115d   Thumb Code     0  fflti.o(.text)
    __ARM_scalbnf                            0x00001165   Thumb Code    64  fscalbn.o(.text)
    __read_errno                             0x000011a9   Thumb Code    10  _rserrno.o(.text)
    __set_errno                              0x000011b3   Thumb Code    12  _rserrno.o(.text)
    __fpl_dcmp_InfNaN                        0x000011c1   Thumb Code   140  dcmpin.o(.text)
    __aeabi_i2d_normalise                    0x00001251   Thumb Code    66  dflti.o(.text)
    __aeabi_i2d                              0x00001293   Thumb Code    16  dflti.o(.text)
    _dflt                                    0x00001293   Thumb Code     0  dflti.o(.text)
    __aeabi_ui2d                             0x000012a3   Thumb Code     6  dflti.o(.text)
    _dfltu                                   0x000012a3   Thumb Code     0  dflti.o(.text)
    __ARM_scalbn                             0x000012a9   Thumb Code    84  dscalbn.o(.text)
    __ARM_fcmp4                              0x00001309   Thumb Code     0  fcmp4.o(.text)
    _fcmp4                                   0x00001309   Thumb Code   170  fcmp4.o(.text)
    __fpl_fcmp_InfNaN                        0x000013b9   Thumb Code    96  fcmpin.o(.text)
    __aeabi_errno_addr                       0x0000141d   Thumb Code     8  rt_errno_addr_intlibspace.o(.text)
    __errno$intlibspace                      0x0000141d   Thumb Code     0  rt_errno_addr_intlibspace.o(.text)
    __rt_errno_addr$intlibspace              0x0000141d   Thumb Code     0  rt_errno_addr_intlibspace.o(.text)
    __fpl_cmpreturn                          0x00001425   Thumb Code    46  cmpret.o(.text)
    __fpl_dcheck_NaN2                        0x00001455   Thumb Code    14  dnan2.o(.text)
    _dsqrt                                   0x00001469   Thumb Code   248  dsqrt.o(.text)
    __fpl_fcheck_NaN2                        0x00001569   Thumb Code    10  fnan2.o(.text)
    __user_libspace                          0x00001579   Thumb Code     8  libspace.o(.text)
    __user_perproc_libspace                  0x00001579   Thumb Code     0  libspace.o(.text)
    __user_perthread_libspace                0x00001579   Thumb Code     0  libspace.o(.text)
    __user_setup_stackheap                   0x00001581   Thumb Code    62  sys_stackheap_outer.o(.text)
    exit                                     0x000015bf   Thumb Code    16  exit.o(.text)
    __fpl_return_NaN                         0x000015cf   Thumb Code    94  retnan.o(.text)
    _sys_exit                                0x0000162d   Thumb Code     8  sys_exit.o(.text)
    __I$use$semihosting                      0x00001639   Thumb Code     0  use_no_semi.o(.text)
    __use_no_semihosting_swi                 0x00001639   Thumb Code     2  use_no_semi.o(.text)
    ADC_ClearIntPendingBit                   0x0000163b   Thumb Code     6  ht32f5xxxx_adc.o(i.ADC_ClearIntPendingBit)
    __semihosting_library_function           0x0000163b   Thumb Code     0  indicate_semi.o(.text)
    ADC_Cmd                                  0x00001641   Thumb Code    18  ht32f5xxxx_adc.o(i.ADC_Cmd)
    ADC_DeInit                               0x00001653   Thumb Code    18  ht32f5xxxx_adc.o(i.ADC_DeInit)
    ADC_EOC_interrupt_Callback               0x00001665   Thumb Code    18  adc.o(i.ADC_EOC_interrupt_Callback)
    ADC_GetIntStatus                         0x00001681   Thumb Code    12  ht32f5xxxx_adc.o(i.ADC_GetIntStatus)
    ADC_GetResult                            0x0000168d   Thumb Code   544  adc.o(i.ADC_GetResult)
    ADC_IRQHandler                           0x000018e5   Thumb Code    20  ht32f5xxxx_01_it.o(i.ADC_IRQHandler)
    ADC_IntConfig                            0x000018fd   Thumb Code    18  ht32f5xxxx_adc.o(i.ADC_IntConfig)
    ADC_RegularChannelConfig                 0x0000190f   Thumb Code    30  ht32f5xxxx_adc.o(i.ADC_RegularChannelConfig)
    ADC_RegularGroupConfig                   0x0000192d   Thumb Code    26  ht32f5xxxx_adc.o(i.ADC_RegularGroupConfig)
    ADC_RegularTrigConfig                    0x00001947   Thumb Code    14  ht32f5xxxx_adc.o(i.ADC_RegularTrigConfig)
    ADC_SamplingTimeConfig                   0x00001955   Thumb Code     4  ht32f5xxxx_adc.o(i.ADC_SamplingTimeConfig)
    ADC_SoftwareStartConvCmd                 0x00001959   Thumb Code    20  ht32f5xxxx_adc.o(i.ADC_SoftwareStartConvCmd)
    AFIO_EXTISourceConfig                    0x0000196d   Thumb Code    38  ht32f5xxxx_gpio.o(i.AFIO_EXTISourceConfig)
    AFIO_GPxConfig                           0x00001999   Thumb Code   222  ht32f5xxxx_gpio.o(i.AFIO_GPxConfig)
    BatteryAlertResetDetect                  0x00001a7d   Thumb Code    30  battmonitor.o(i.BatteryAlertResetDetect)
    BatteryMonitorHandler                    0x00001aa5   Thumb Code   278  battmonitor.o(i.BatteryMonitorHandler)
    CKCU_GetClockReadyStatus                 0x00001bf5   Thumb Code    16  ht32f5xxxx_ckcu.o(i.CKCU_GetClockReadyStatus)
    CKCU_HSICmd                              0x00001c09   Thumb Code    18  ht32f5xxxx_ckcu.o(i.CKCU_HSICmd)
    CKCU_PeripClockConfig                    0x00001c21   Thumb Code    36  ht32f5xxxx_ckcu.o(i.CKCU_PeripClockConfig)
    CKCU_SetADCnPrescaler                    0x00001c49   Thumb Code    22  ht32f5xxxx_ckcu.o(i.CKCU_SetADCnPrescaler)
    CRC_DeInit                               0x00001c65   Thumb Code    16  ht32f5xxxx_crc.o(i.CRC_DeInit)
    CalculateActualTemp                      0x00001c75   Thumb Code   358  tempcontrol.o(i.CalculateActualTemp)
    CellCountDetectHandler                   0x00001e0d   Thumb Code   286  battmonitor.o(i.CellCountDetectHandler)
    CheckForFlashLock                        0x00001f69   Thumb Code   166  flashprot.o(i.CheckForFlashLock)
    ControlMainLEDHandler                    0x0000201d   Thumb Code   290  modelogic.o(i.ControlMainLEDHandler)
    DeepSleepTimerCallBack                   0x0000216d   Thumb Code    24  deepsleep.o(i.DeepSleepTimerCallBack)
    DisableHBTimer                           0x00002189   Thumb Code    52  mcubeattimer.o(i.DisableHBTimer)
    DisplayBatteryVoltage                    0x000021c5   Thumb Code   166  battmonitor.o(i.DisplayBatteryVoltage)
    DisplaySystemTemp                        0x00002299   Thumb Code   414  tempcontrol.o(i.DisplaySystemTemp)
    DisplayTemp                              0x0000248d   Thumb Code    60  tempcontrol.o(i.DisplayTemp)
    EXTI4_15_IRQHandler                      0x000024e5   Thumb Code    24  ht32f5xxxx_01_it.o(i.EXTI4_15_IRQHandler)
    EXTI_ClearEdgeFlag                       0x000024fd   Thumb Code    12  ht32f5xxxx_exti.o(i.EXTI_ClearEdgeFlag)
    EXTI_GetEdgeFlag                         0x0000250d   Thumb Code    20  ht32f5xxxx_exti.o(i.EXTI_GetEdgeFlag)
    EXTI_Init                                0x00002525   Thumb Code    26  ht32f5xxxx_exti.o(i.EXTI_Init)
    EXTI_IntConfig                           0x00002545   Thumb Code    22  ht32f5xxxx_exti.o(i.EXTI_IntConfig)
    EnableHBTimer                            0x00002561   Thumb Code    86  mcubeattimer.o(i.EnableHBTimer)
    EnteredLowPowerMode                      0x000025c5   Thumb Code   172  deepsleep.o(i.EnteredLowPowerMode)
    ExitLowPowerMode                         0x00002685   Thumb Code   202  deepsleep.o(i.ExitLowPowerMode)
    FLASH_EraseOptionByte                    0x00002765   Thumb Code    18  ht32f5xxxx_flash.o(i.FLASH_EraseOptionByte)
    FLASH_ErasePage                          0x00002781   Thumb Code    16  ht32f5xxxx_flash.o(i.FLASH_ErasePage)
    FLASH_GetOptionByteStatus                0x00002795   Thumb Code    48  ht32f5xxxx_flash.o(i.FLASH_GetOptionByteStatus)
    FLASH_ProgramOptionByte                  0x000027c9   Thumb Code    92  ht32f5xxxx_flash.o(i.FLASH_ProgramOptionByte)
    FLASH_ProgramWordData                    0x00002835   Thumb Code    18  ht32f5xxxx_flash.o(i.FLASH_ProgramWordData)
    FLASH_WaitForOperationEnd                0x0000284d   Thumb Code    78  ht32f5xxxx_flash.o(i.FLASH_WaitForOperationEnd)
    FillThermalFilterBuf                     0x000028a5   Thumb Code    82  tempcontrol.o(i.FillThermalFilterBuf)
    GPIO_ClearOutBits                        0x0000290d   Thumb Code     4  ht32f5xxxx_gpio.o(i.GPIO_ClearOutBits)
    GPIO_DirectionConfig                     0x00002911   Thumb Code    16  ht32f5xxxx_gpio.o(i.GPIO_DirectionConfig)
    GPIO_DisableDebugPort                    0x00002921   Thumb Code    52  ht32f5xxxx_gpio.o(i.GPIO_DisableDebugPort)
    GPIO_DriveConfig                         0x00002959   Thumb Code    56  ht32f5xxxx_gpio.o(i.GPIO_DriveConfig)
    GPIO_InputConfig                         0x00002991   Thumb Code    16  ht32f5xxxx_gpio.o(i.GPIO_InputConfig)
    GPIO_ReadInBit                           0x000029a1   Thumb Code    10  ht32f5xxxx_gpio.o(i.GPIO_ReadInBit)
    GPIO_SetOutBits                          0x000029ab   Thumb Code     4  ht32f5xxxx_gpio.o(i.GPIO_SetOutBits)
    GPTM0_IRQHandler                         0x000029b1   Thumb Code    56  ht32f5xxxx_01_it.o(i.GPTM0_IRQHandler)
    GPTM1_IRQHandler                         0x000029f9   Thumb Code    50  ht32f5xxxx_01_it.o(i.GPTM1_IRQHandler)
    HardFault_Handler                        0x00002a35   Thumb Code    60  ht32f5xxxx_01_it.o(i.HardFault_Handler)
    InternalADC_Init                         0x00002a81   Thumb Code   222  adc.o(i.InternalADC_Init)
    LEDMgmt_CallBack                         0x00002b6d   Thumb Code   300  ledmgmt.o(i.LEDMgmt_CallBack)
    LED_AddStrobe                            0x00002ca5   Thumb Code    68  ledmgmt.o(i.LED_AddStrobe)
    LED_Init                                 0x00002cf1   Thumb Code    96  ledmgmt.o(i.LED_Init)
    LED_Reset                                0x00002d59   Thumb Code    28  ledmgmt.o(i.LED_Reset)
    LED_ShowLoopOperationOnce                0x00002d7d   Thumb Code    70  ledmgmt.o(i.LED_ShowLoopOperationOnce)
    LightLogicSetup                          0x00002dcd   Thumb Code   114  modelogic.o(i.LightLogicSetup)
    LightModeStateMachine                    0x00002e61   Thumb Code   952  modelogic.o(i.LightModeStateMachine)
    LowVoltageAlertHandler                   0x0000323d   Thumb Code    40  modelogic.o(i.LowVoltageAlertHandler)
    MCTM_CHBRKCTRConfig                      0x00003271   Thumb Code    50  ht32f5xxxx_mctm.o(i.MCTM_CHBRKCTRConfig)
    MCTM_CHMOECmd                            0x000032a3   Thumb Code    18  ht32f5xxxx_mctm.o(i.MCTM_CHMOECmd)
    MainProgramRegionCRC                     0x000032b5   Thumb Code   106  flashprot.o(i.MainProgramRegionCRC)
    NMI_Handler                              0x00003331   Thumb Code     2  ht32f5xxxx_01_it.o(i.NMI_Handler)
    PIDStepdownCalc                          0x00003335   Thumb Code   236  tempcontrol.o(i.PIDStepdownCalc)
    PWMTimerInit                             0x00003461   Thumb Code   144  pwmdim.o(i.PWMTimerInit)
    PWRCU_CheckReadyAccessed                 0x000034fd   Thumb Code    22  ht32f5xxxx_pwrcu.o(i.PWRCU_CheckReadyAccessed)
    PendSV_Handler                           0x0000351d   Thumb Code     2  ht32f5xxxx_01_it.o(i.PendSV_Handler)
    RSTCU_PeripReset                         0x00003521   Thumb Code    36  ht32f5xxxx_rstcu.o(i.RSTCU_PeripReset)
    RTCCMIntHandler                          0x00003549   Thumb Code    56  autolockrtc.o(i.RTCCMIntHandler)
    RTC_DeInit                               0x0000358d   Thumb Code    34  ht32f5xxxx_rtc.o(i.RTC_DeInit)
    RTC_GetFlagStatus                        0x000035b9   Thumb Code     8  ht32f5xxxx_rtc.o(i.RTC_GetFlagStatus)
    RTC_IRQHandler                           0x000035c5   Thumb Code    28  ht32f5xxxx_01_it.o(i.RTC_IRQHandler)
    RTC_LSILoadTrimData                      0x000035e5   Thumb Code    52  ht32f5xxxx_rtc.o(i.RTC_LSILoadTrimData)
    RampAdjustHandler                        0x00003621   Thumb Code   166  modelogic.o(i.RampAdjustHandler)
    RestartRTCTimer                          0x000036dd   Thumb Code    38  autolockrtc.o(i.RestartRTCTimer)
    ReverseModeCycleOpHandler                0x00003709   Thumb Code    84  modelogic.o(i.ReverseModeCycleOpHandler)
    SVC_Handler                              0x00003771   Thumb Code     2  ht32f5xxxx_01_it.o(i.SVC_Handler)
    SYSTICK_ClockSourceConfig                0x00003775   Thumb Code    20  ht32_cm0plus_misc.o(i.SYSTICK_ClockSourceConfig)
    SYSTICK_CounterCmd                       0x0000378d   Thumb Code    32  ht32_cm0plus_misc.o(i.SYSTICK_CounterCmd)
    SYSTICK_IntConfig                        0x000037b1   Thumb Code    20  ht32_cm0plus_misc.o(i.SYSTICK_IntConfig)
    SetPWMDuty                               0x000037c9   Thumb Code    64  pwmdim.o(i.SetPWMDuty)
    SetupRTCForCounter                       0x00003819   Thumb Code    74  autolockrtc.o(i.SetupRTCForCounter)
    SideKeyInit                              0x00003879   Thumb Code   118  sidekey.o(i.SideKeyInit)
    SideKey_Callback                         0x000038fd   Thumb Code   136  sidekey.o(i.SideKey_Callback)
    SideKey_LogicHandler                     0x0000399d   Thumb Code   136  sidekey.o(i.SideKey_LogicHandler)
    SideKey_TIM_Callback                     0x00003a31   Thumb Code    64  sidekey.o(i.SideKey_TIM_Callback)
    SysTick_Handler                          0x00003a75   Thumb Code    14  ht32f5xxxx_01_it.o(i.SysTick_Handler)
    SystemInit                               0x00003a89   Thumb Code   244  system_ht32f5xxxx_01.o(i.SystemInit)
    TM_ClearFlag                             0x00003b95   Thumb Code    10  ht32f5xxxx_tm.o(i.TM_ClearFlag)
    TM_Cmd                                   0x00003b9f   Thumb Code    20  ht32f5xxxx_tm.o(i.TM_Cmd)
    TM_GetFlagStatus                         0x00003bb3   Thumb Code    10  ht32f5xxxx_tm.o(i.TM_GetFlagStatus)
    TM_IntConfig                             0x00003bbd   Thumb Code    16  ht32f5xxxx_tm.o(i.TM_IntConfig)
    TM_OutputInit                            0x00003bcd   Thumb Code   168  ht32f5xxxx_tm.o(i.TM_OutputInit)
    TM_SetCounterReload                      0x00003c79   Thumb Code     6  ht32f5xxxx_tm.o(i.TM_SetCounterReload)
    TM_TimeBaseInit                          0x00003c81   Thumb Code    60  ht32f5xxxx_tm.o(i.TM_TimeBaseInit)
    __ARM_fpclassify                         0x00003cc1   Thumb Code    40  fpclassify.o(i.__ARM_fpclassify)
    __kernel_poly                            0x00003ced   Thumb Code   172  poly.o(i.__kernel_poly)
    __mathlib_dbl_divzero                    0x00003d99   Thumb Code    16  dunder.o(i.__mathlib_dbl_divzero)
    __mathlib_dbl_infnan                     0x00003dad   Thumb Code    10  dunder.o(i.__mathlib_dbl_infnan)
    __mathlib_dbl_infnan2                    0x00003db7   Thumb Code     8  dunder.o(i.__mathlib_dbl_infnan2)
    __mathlib_dbl_invalid                    0x00003dbf   Thumb Code    16  dunder.o(i.__mathlib_dbl_invalid)
    __mathlib_dbl_overflow                   0x00003dd1   Thumb Code    16  dunder.o(i.__mathlib_dbl_overflow)
    __mathlib_dbl_underflow                  0x00003de5   Thumb Code    14  dunder.o(i.__mathlib_dbl_underflow)
    delay_init                               0x00003df9   Thumb Code    38  delay.o(i.delay_init)
    delay_ms                                 0x00003e25   Thumb Code    68  delay.o(i.delay_ms)
    delay_us                                 0x00003e71   Thumb Code    72  delay.o(i.delay_us)
    fmaxf                                    0x00003ebd   Thumb Code    38  fmaxf.o(i.fmaxf)
    fminf                                    0x00003ee3   Thumb Code    38  fminf.o(i.fminf)
    getSideKeyAnyHoldEvent                   0x00003f09   Thumb Code    30  sidekey.o(i.getSideKeyAnyHoldEvent)
    getSideKeyClickAndHoldEvent              0x00003f2d   Thumb Code     6  sidekey.o(i.getSideKeyClickAndHoldEvent)
    getSideKeyDoubleClickAndHoldEvent        0x00003f39   Thumb Code     6  sidekey.o(i.getSideKeyDoubleClickAndHoldEvent)
    getSideKeyHoldEvent                      0x00003f45   Thumb Code     6  sidekey.o(i.getSideKeyHoldEvent)
    getSideKeyLongPressEvent                 0x00003f51   Thumb Code    20  sidekey.o(i.getSideKeyLongPressEvent)
    getSideKeyShortPressCount                0x00003f69   Thumb Code    36  sidekey.o(i.getSideKeyShortPressCount)
    getSideKeyTripleClickAndHoldEvent        0x00003f91   Thumb Code     6  sidekey.o(i.getSideKeyTripleClickAndHoldEvent)
    iroundf                                  0x00003f9d   Thumb Code    40  lineartabop.o(i.iroundf)
    log                                      0x00003fcd   Thumb Code   790  log.o(i.log)
    main                                     0x00004321   Thumb Code   124  main.o(i.main)
    pow                                      0x000043a5   Thumb Code  2548  pow.o(i.pow)
    sqrt                                     0x00004da1   Thumb Code    66  sqrt.o(i.sqrt)
    __aeabi_cdcmpeq                          0x00004de9   Thumb Code     0  deqf.o(x$fpl$deqf)
    _dcmpeq                                  0x00004de9   Thumb Code    94  deqf.o(x$fpl$deqf)
    __aeabi_cdcmple                          0x00004e4d   Thumb Code     0  dlef.o(x$fpl$dleqf)
    _dcmple                                  0x00004e4d   Thumb Code    94  dlef.o(x$fpl$dleqf)
    __aeabi_cdrcmple                         0x00004eb1   Thumb Code     0  drlef.o(x$fpl$drleqf)
    _drcmple                                 0x00004eb1   Thumb Code   100  drlef.o(x$fpl$drleqf)
    __aeabi_fadd                             0x00004f19   Thumb Code     0  faddsub.o(x$fpl$fadd)
    _fadd                                    0x00004f19   Thumb Code   134  faddsub.o(x$fpl$fadd)
    __aeabi_fmul                             0x00004fa5   Thumb Code     0  fmul.o(x$fpl$fmul)
    _fmul                                    0x00004fa5   Thumb Code   172  fmul.o(x$fpl$fmul)
    __aeabi_cfrcmple                         0x00005055   Thumb Code     0  frlef.o(x$fpl$frleqf)
    _frcmple                                 0x00005055   Thumb Code    84  frlef.o(x$fpl$frleqf)
    __aeabi_frsub                            0x000050ad   Thumb Code     0  faddsub.o(x$fpl$frsb)
    _frsb                                    0x000050ad   Thumb Code    24  faddsub.o(x$fpl$frsb)
    __aeabi_fsub                             0x000050c5   Thumb Code     0  faddsub.o(x$fpl$fsub)
    _fsub                                    0x000050c5   Thumb Code   204  faddsub.o(x$fpl$fsub)
    CycleModeRatio                           0x00005194   Data          20  modelogic.o(.constdata)
    __I$use$fp                               0x00005194   Number         0  usenofp.o(x$fpl$usenofp)
    __mathlib_zero                           0x00005328   Data           8  qnan.o(.constdata)
    Region$$Table$$Base                      0x0000541c   Number         0  anon$$obj.o(Region$$Table)
    Region$$Table$$Limit                     0x0000543c   Number         0  anon$$obj.o(Region$$Table)
    SensorRefreshFlag                        0x20000000   Data           1  main.o(.data)
    EnteredMainApp                           0x20000001   Data           1  main.o(.data)
    DelaySeconds                             0x20000008   Data           1  delay.o(.data)
    ExtLEDIndex                              0x20000010   Data           4  ledmgmt.o(.data)
    CurrentLEDIndex                          0x20000020   Data           4  ledmgmt.o(.data)
    LEDPattern                               0x20000024   Data         128  ledmgmt.o(.data)
    ReverseSwitchDelay                       0x200000b8   Data           4  modelogic.o(.data)
    LightMode                                0x200000c0   Data           8  modelogic.o(.data)
    DeepSleepTimerFlag                       0x200000c8   Data           1  deepsleep.o(.data)
    DeepSleepTimer                           0x200000cc   Data           4  deepsleep.o(.data)
    BattStatus                               0x200000d0   Data           1  battmonitor.o(.data)
    CellCount                                0x200000d4   Data           4  battmonitor.o(.data)
    TempState                                0x200000d8   Data           1  tempcontrol.o(.data)
    PIDInputTemp                             0x200000e4   Data           4  tempcontrol.o(.data)
    LEDModeStr                               0x200000e8   Data          64  ledmgmt.o(.bss)
    ThermalLowPassFilter                     0x20000128   Data         480  tempcontrol.o(.bss)
    __libspace_start                         0x20000308   Data          96  libspace.o(.bss)
    __temporary_stack_top$libspace           0x20000368   Data           0  libspace.o(.bss)



==============================================================================

Memory Map of the image

  Image Entry point : 0x0000017d

  Load Region LR_IROM1 (Base: 0x00000000, Size: 0x00005524, Max: 0x0001fe00, ABSOLUTE)

    Execution Region ER_IROM1 (Exec base: 0x00000000, Load base: 0x00000000, Size: 0x0000543c, Max: 0x0001fe00, ABSOLUTE)

    Exec Addr    Load Addr    Size         Type   Attr      Idx    E Section Name        Object

    0x00000000   0x00000000   0x0000017c   Code   RO          476    RESET               startup_ht32f5xxxx_01.o
    0x0000017c   0x0000017c   0x00000008   Code   RO         3844  * !!!main             c_p.l(__main.o)
    0x00000184   0x00000184   0x0000003c   Code   RO         4134    !!!scatter          c_p.l(__scatter.o)
    0x000001c0   0x000001c0   0x0000001a   Code   RO         4136    !!handler_copy      c_p.l(__scatter_copy.o)
    0x000001da   0x000001da   0x00000002   PAD
    0x000001dc   0x000001dc   0x0000001c   Code   RO         4138    !!handler_zi        c_p.l(__scatter_zi.o)
    0x000001f8   0x000001f8   0x00000002   Code   RO         4004    .ARM.Collect$$libinit$$00000000  c_p.l(libinit.o)
    0x000001fa   0x000001fa   0x00000000   Code   RO         4017    .ARM.Collect$$libinit$$00000002  c_p.l(libinit2.o)
    0x000001fa   0x000001fa   0x00000000   Code   RO         4019    .ARM.Collect$$libinit$$00000004  c_p.l(libinit2.o)
    0x000001fa   0x000001fa   0x00000000   Code   RO         4022    .ARM.Collect$$libinit$$0000000A  c_p.l(libinit2.o)
    0x000001fa   0x000001fa   0x00000000   Code   RO         4024    .ARM.Collect$$libinit$$0000000C  c_p.l(libinit2.o)
    0x000001fa   0x000001fa   0x00000000   Code   RO         4026    .ARM.Collect$$libinit$$0000000E  c_p.l(libinit2.o)
    0x000001fa   0x000001fa   0x00000000   Code   RO         4029    .ARM.Collect$$libinit$$00000011  c_p.l(libinit2.o)
    0x000001fa   0x000001fa   0x00000000   Code   RO         4031    .ARM.Collect$$libinit$$00000013  c_p.l(libinit2.o)
    0x000001fa   0x000001fa   0x00000000   Code   RO         4033    .ARM.Collect$$libinit$$00000015  c_p.l(libinit2.o)
    0x000001fa   0x000001fa   0x00000000   Code   RO         4035    .ARM.Collect$$libinit$$00000017  c_p.l(libinit2.o)
    0x000001fa   0x000001fa   0x00000000   Code   RO         4037    .ARM.Collect$$libinit$$00000019  c_p.l(libinit2.o)
    0x000001fa   0x000001fa   0x00000000   Code   RO         4039    .ARM.Collect$$libinit$$0000001B  c_p.l(libinit2.o)
    0x000001fa   0x000001fa   0x00000000   Code   RO         4041    .ARM.Collect$$libinit$$0000001D  c_p.l(libinit2.o)
    0x000001fa   0x000001fa   0x00000000   Code   RO         4043    .ARM.Collect$$libinit$$0000001F  c_p.l(libinit2.o)
    0x000001fa   0x000001fa   0x00000000   Code   RO         4045    .ARM.Collect$$libinit$$00000021  c_p.l(libinit2.o)
    0x000001fa   0x000001fa   0x00000000   Code   RO         4047    .ARM.Collect$$libinit$$00000023  c_p.l(libinit2.o)
    0x000001fa   0x000001fa   0x00000000   Code   RO         4049    .ARM.Collect$$libinit$$00000025  c_p.l(libinit2.o)
    0x000001fa   0x000001fa   0x00000000   Code   RO         4053    .ARM.Collect$$libinit$$0000002C  c_p.l(libinit2.o)
    0x000001fa   0x000001fa   0x00000000   Code   RO         4055    .ARM.Collect$$libinit$$0000002E  c_p.l(libinit2.o)
    0x000001fa   0x000001fa   0x00000000   Code   RO         4057    .ARM.Collect$$libinit$$00000030  c_p.l(libinit2.o)
    0x000001fa   0x000001fa   0x00000000   Code   RO         4059    .ARM.Collect$$libinit$$00000032  c_p.l(libinit2.o)
    0x000001fa   0x000001fa   0x00000002   Code   RO         4060    .ARM.Collect$$libinit$$00000033  c_p.l(libinit2.o)
    0x000001fc   0x000001fc   0x00000002   Code   RO         4091    .ARM.Collect$$libshutdown$$00000000  c_p.l(libshutdown.o)
    0x000001fe   0x000001fe   0x00000000   Code   RO         4117    .ARM.Collect$$libshutdown$$00000002  c_p.l(libshutdown2.o)
    0x000001fe   0x000001fe   0x00000000   Code   RO         4119    .ARM.Collect$$libshutdown$$00000004  c_p.l(libshutdown2.o)
    0x000001fe   0x000001fe   0x00000000   Code   RO         4122    .ARM.Collect$$libshutdown$$00000007  c_p.l(libshutdown2.o)
    0x000001fe   0x000001fe   0x00000000   Code   RO         4125    .ARM.Collect$$libshutdown$$0000000A  c_p.l(libshutdown2.o)
    0x000001fe   0x000001fe   0x00000000   Code   RO         4127    .ARM.Collect$$libshutdown$$0000000C  c_p.l(libshutdown2.o)
    0x000001fe   0x000001fe   0x00000000   Code   RO         4130    .ARM.Collect$$libshutdown$$0000000F  c_p.l(libshutdown2.o)
    0x000001fe   0x000001fe   0x00000002   Code   RO         4131    .ARM.Collect$$libshutdown$$00000010  c_p.l(libshutdown2.o)
    0x00000200   0x00000200   0x00000000   Code   RO         3908    .ARM.Collect$$rtentry$$00000000  c_p.l(__rtentry.o)
    0x00000200   0x00000200   0x00000000   Code   RO         3958    .ARM.Collect$$rtentry$$00000002  c_p.l(__rtentry2.o)
    0x00000200   0x00000200   0x00000006   Code   RO         3970    .ARM.Collect$$rtentry$$00000004  c_p.l(__rtentry4.o)
    0x00000206   0x00000206   0x00000000   Code   RO         3960    .ARM.Collect$$rtentry$$00000009  c_p.l(__rtentry2.o)
    0x00000206   0x00000206   0x00000004   Code   RO         3961    .ARM.Collect$$rtentry$$0000000A  c_p.l(__rtentry2.o)
    0x0000020a   0x0000020a   0x00000000   Code   RO         3963    .ARM.Collect$$rtentry$$0000000C  c_p.l(__rtentry2.o)
    0x0000020a   0x0000020a   0x00000008   Code   RO         3964    .ARM.Collect$$rtentry$$0000000D  c_p.l(__rtentry2.o)
    0x00000212   0x00000212   0x00000002   Code   RO         4008    .ARM.Collect$$rtexit$$00000000  c_p.l(rtexit.o)
    0x00000214   0x00000214   0x00000000   Code   RO         4064    .ARM.Collect$$rtexit$$00000002  c_p.l(rtexit2.o)
    0x00000214   0x00000214   0x00000004   Code   RO         4065    .ARM.Collect$$rtexit$$00000003  c_p.l(rtexit2.o)
    0x00000218   0x00000218   0x00000006   Code   RO         4066    .ARM.Collect$$rtexit$$00000004  c_p.l(rtexit2.o)
    0x0000021e   0x0000021e   0x00000024   Code   RO         3834    .text               c_p.l(strncat.o)
    0x00000242   0x00000242   0x00000040   Code   RO         3836    .text               c_p.l(rt_memclr.o)
    0x00000282   0x00000282   0x000001e8   Code   RO         3838    .text               c_p.l(aeabi_sdivfast.o)
    0x0000046a   0x0000046a   0x00000006   Code   RO         3842    .text               c_p.l(heapauxi.o)
    0x00000470   0x00000470   0x0000007c   Code   RO         3846    .text               fz_ps.l(d2f.o)
    0x000004ec   0x000004ec   0x00000358   Code   RO         3848    .text               fz_ps.l(daddsub.o)
    0x00000844   0x00000844   0x00000448   Code   RO         3850    .text               fz_ps.l(ddiv.o)
    0x00000c8c   0x00000c8c   0x00000248   Code   RO         3855    .text               fz_ps.l(dmul.o)
    0x00000ed4   0x00000ed4   0x00000054   Code   RO         3857    .text               fz_ps.l(f2d.o)
    0x00000f28   0x00000f28   0x00000160   Code   RO         3865    .text               fz_ps.l(fdiv.o)
    0x00001088   0x00001088   0x0000004c   Code   RO         3870    .text               fz_ps.l(ffixi.o)
    0x000010d4   0x000010d4   0x00000030   Code   RO         3872    .text               fz_ps.l(ffixui.o)
    0x00001104   0x00001104   0x0000005e   Code   RO         3874    .text               fz_ps.l(fflti.o)
    0x00001162   0x00001162   0x00000002   PAD
    0x00001164   0x00001164   0x00000044   Code   RO         3882    .text               fz_ps.l(fscalbn.o)
    0x000011a8   0x000011a8   0x00000016   Code   RO         3913    .text               c_p.l(_rserrno.o)
    0x000011be   0x000011be   0x00000002   PAD
    0x000011c0   0x000011c0   0x00000090   Code   RO         3915    .text               fz_ps.l(dcmpin.o)
    0x00001250   0x00001250   0x00000058   Code   RO         3919    .text               fz_ps.l(dflti.o)
    0x000012a8   0x000012a8   0x00000060   Code   RO         3923    .text               fz_ps.l(dscalbn.o)
    0x00001308   0x00001308   0x000000b0   Code   RO         3925    .text               fz_ps.l(fcmp4.o)
    0x000013b8   0x000013b8   0x00000064   Code   RO         3927    .text               fz_ps.l(fcmpin.o)
    0x0000141c   0x0000141c   0x00000008   Code   RO         3977    .text               c_p.l(rt_errno_addr_intlibspace.o)
    0x00001424   0x00001424   0x0000002e   Code   RO         3979    .text               fz_ps.l(cmpret.o)
    0x00001452   0x00001452   0x00000002   PAD
    0x00001454   0x00001454   0x00000014   Code   RO         3981    .text               fz_ps.l(dnan2.o)
    0x00001468   0x00001468   0x00000100   Code   RO         3983    .text               fz_ps.l(dsqrt.o)
    0x00001568   0x00001568   0x00000010   Code   RO         3985    .text               fz_ps.l(fnan2.o)
    0x00001578   0x00001578   0x00000008   Code   RO         3987    .text               c_p.l(libspace.o)
    0x00001580   0x00001580   0x0000003e   Code   RO         3990    .text               c_p.l(sys_stackheap_outer.o)
    0x000015be   0x000015be   0x00000010   Code   RO         3993    .text               c_p.l(exit.o)
    0x000015ce   0x000015ce   0x0000005e   Code   RO         4005    .text               fz_ps.l(retnan.o)
    0x0000162c   0x0000162c   0x0000000c   Code   RO         4061    .text               c_p.l(sys_exit.o)
    0x00001638   0x00001638   0x00000002   Code   RO         4080    .text               c_p.l(use_no_semi.o)
    0x0000163a   0x0000163a   0x00000000   Code   RO         4082    .text               c_p.l(indicate_semi.o)
    0x0000163a   0x0000163a   0x00000006   Code   RO          578    i.ADC_ClearIntPendingBit  ht32f5xxxx_adc.o
    0x00001640   0x00001640   0x00000012   Code   RO          579    i.ADC_Cmd           ht32f5xxxx_adc.o
    0x00001652   0x00001652   0x00000012   Code   RO          580    i.ADC_DeInit        ht32f5xxxx_adc.o
    0x00001664   0x00001664   0x0000001c   Code   RO         3314    i.ADC_EOC_interrupt_Callback  adc.o
    0x00001680   0x00001680   0x0000000c   Code   RO          583    i.ADC_GetIntStatus  ht32f5xxxx_adc.o
    0x0000168c   0x0000168c   0x00000258   Code   RO         3315    i.ADC_GetResult     adc.o
    0x000018e4   0x000018e4   0x00000018   Code   RO          195    i.ADC_IRQHandler    ht32f5xxxx_01_it.o
    0x000018fc   0x000018fc   0x00000012   Code   RO          584    i.ADC_IntConfig     ht32f5xxxx_adc.o
    0x0000190e   0x0000190e   0x0000001e   Code   RO          586    i.ADC_RegularChannelConfig  ht32f5xxxx_adc.o
    0x0000192c   0x0000192c   0x0000001a   Code   RO          587    i.ADC_RegularGroupConfig  ht32f5xxxx_adc.o
    0x00001946   0x00001946   0x0000000e   Code   RO          588    i.ADC_RegularTrigConfig  ht32f5xxxx_adc.o
    0x00001954   0x00001954   0x00000004   Code   RO          590    i.ADC_SamplingTimeConfig  ht32f5xxxx_adc.o
    0x00001958   0x00001958   0x00000014   Code   RO          591    i.ADC_SoftwareStartConvCmd  ht32f5xxxx_adc.o
    0x0000196c   0x0000196c   0x0000002c   Code   RO         1330    i.AFIO_EXTISourceConfig  ht32f5xxxx_gpio.o
    0x00001998   0x00001998   0x000000e4   Code   RO         1331    i.AFIO_GPxConfig    ht32f5xxxx_gpio.o
    0x00001a7c   0x00001a7c   0x00000028   Code   RO         3737    i.BatteryAlertResetDetect  battmonitor.o
    0x00001aa4   0x00001aa4   0x00000150   Code   RO         3738    i.BatteryMonitorHandler  battmonitor.o
    0x00001bf4   0x00001bf4   0x00000014   Code   RO          770    i.CKCU_GetClockReadyStatus  ht32f5xxxx_ckcu.o
    0x00001c08   0x00001c08   0x00000018   Code   RO          780    i.CKCU_HSICmd       ht32f5xxxx_ckcu.o
    0x00001c20   0x00001c20   0x00000028   Code   RO          789    i.CKCU_PeripClockConfig  ht32f5xxxx_ckcu.o
    0x00001c48   0x00001c48   0x0000001c   Code   RO          790    i.CKCU_SetADCnPrescaler  ht32f5xxxx_ckcu.o
    0x00001c64   0x00001c64   0x00000010   Code   RO         1050    i.CRC_DeInit        ht32f5xxxx_crc.o
    0x00001c74   0x00001c74   0x00000198   Code   RO         3787    i.CalculateActualTemp  tempcontrol.o
    0x00001e0c   0x00001e0c   0x0000015c   Code   RO         3739    i.CellCountDetectHandler  battmonitor.o
    0x00001f68   0x00001f68   0x000000b4   Code   RO         3521    i.CheckForFlashLock  flashprot.o
    0x0000201c   0x0000201c   0x00000150   Code   RO         3580    i.ControlMainLEDHandler  modelogic.o
    0x0000216c   0x0000216c   0x0000001c   Code   RO         3701    i.DeepSleepTimerCallBack  deepsleep.o
    0x00002188   0x00002188   0x0000003c   Code   RO          343    i.DisableHBTimer    mcubeattimer.o
    0x000021c4   0x000021c4   0x000000d4   Code   RO         3740    i.DisplayBatteryVoltage  battmonitor.o
    0x00002298   0x00002298   0x000001f4   Code   RO         3788    i.DisplaySystemTemp  tempcontrol.o
    0x0000248c   0x0000248c   0x00000058   Code   RO         3789    i.DisplayTemp       tempcontrol.o
    0x000024e4   0x000024e4   0x00000018   Code   RO          196    i.EXTI4_15_IRQHandler  ht32f5xxxx_01_it.o
    0x000024fc   0x000024fc   0x00000010   Code   RO         1141    i.EXTI_ClearEdgeFlag  ht32f5xxxx_exti.o
    0x0000250c   0x0000250c   0x00000018   Code   RO         1144    i.EXTI_GetEdgeFlag  ht32f5xxxx_exti.o
    0x00002524   0x00002524   0x00000020   Code   RO         1148    i.EXTI_Init         ht32f5xxxx_exti.o
    0x00002544   0x00002544   0x0000001c   Code   RO         1149    i.EXTI_IntConfig    ht32f5xxxx_exti.o
    0x00002560   0x00002560   0x00000064   Code   RO          344    i.EnableHBTimer     mcubeattimer.o
    0x000025c4   0x000025c4   0x000000c0   Code   RO         3702    i.EnteredLowPowerMode  deepsleep.o
    0x00002684   0x00002684   0x000000e0   Code   RO         3703    i.ExitLowPowerMode  deepsleep.o
    0x00002764   0x00002764   0x0000001c   Code   RO         1235    i.FLASH_EraseOptionByte  ht32f5xxxx_flash.o
    0x00002780   0x00002780   0x00000014   Code   RO         1236    i.FLASH_ErasePage   ht32f5xxxx_flash.o
    0x00002794   0x00002794   0x00000034   Code   RO         1238    i.FLASH_GetOptionByteStatus  ht32f5xxxx_flash.o
    0x000027c8   0x000027c8   0x0000006c   Code   RO         1242    i.FLASH_ProgramOptionByte  ht32f5xxxx_flash.o
    0x00002834   0x00002834   0x00000018   Code   RO         1243    i.FLASH_ProgramWordData  ht32f5xxxx_flash.o
    0x0000284c   0x0000284c   0x00000058   Code   RO         1246    i.FLASH_WaitForOperationEnd  ht32f5xxxx_flash.o
    0x000028a4   0x000028a4   0x00000068   Code   RO         3790    i.FillThermalFilterBuf  tempcontrol.o
    0x0000290c   0x0000290c   0x00000004   Code   RO         1332    i.GPIO_ClearOutBits  ht32f5xxxx_gpio.o
    0x00002910   0x00002910   0x00000010   Code   RO         1334    i.GPIO_DirectionConfig  ht32f5xxxx_gpio.o
    0x00002920   0x00002920   0x00000038   Code   RO         1335    i.GPIO_DisableDebugPort  ht32f5xxxx_gpio.o
    0x00002958   0x00002958   0x00000038   Code   RO         1336    i.GPIO_DriveConfig  ht32f5xxxx_gpio.o
    0x00002990   0x00002990   0x00000010   Code   RO         1338    i.GPIO_InputConfig  ht32f5xxxx_gpio.o
    0x000029a0   0x000029a0   0x0000000a   Code   RO         1344    i.GPIO_ReadInBit    ht32f5xxxx_gpio.o
    0x000029aa   0x000029aa   0x00000004   Code   RO         1348    i.GPIO_SetOutBits   ht32f5xxxx_gpio.o
    0x000029ae   0x000029ae   0x00000002   PAD
    0x000029b0   0x000029b0   0x00000048   Code   RO          197    i.GPTM0_IRQHandler  ht32f5xxxx_01_it.o
    0x000029f8   0x000029f8   0x0000003c   Code   RO          198    i.GPTM1_IRQHandler  ht32f5xxxx_01_it.o
    0x00002a34   0x00002a34   0x0000004c   Code   RO          199    i.HardFault_Handler  ht32f5xxxx_01_it.o
    0x00002a80   0x00002a80   0x000000ec   Code   RO         3316    i.InternalADC_Init  adc.o
    0x00002b6c   0x00002b6c   0x00000138   Code   RO         3357    i.LEDMgmt_CallBack  ledmgmt.o
    0x00002ca4   0x00002ca4   0x0000004c   Code   RO         3358    i.LED_AddStrobe     ledmgmt.o
    0x00002cf0   0x00002cf0   0x00000068   Code   RO         3359    i.LED_Init          ledmgmt.o
    0x00002d58   0x00002d58   0x00000024   Code   RO         3360    i.LED_Reset         ledmgmt.o
    0x00002d7c   0x00002d7c   0x00000050   Code   RO         3361    i.LED_ShowLoopOperationOnce  ledmgmt.o
    0x00002dcc   0x00002dcc   0x00000094   Code   RO         3581    i.LightLogicSetup   modelogic.o
    0x00002e60   0x00002e60   0x000003dc   Code   RO         3582    i.LightModeStateMachine  modelogic.o
    0x0000323c   0x0000323c   0x00000034   Code   RO         3583    i.LowVoltageAlertHandler  modelogic.o
    0x00003270   0x00003270   0x00000032   Code   RO         1741    i.MCTM_CHBRKCTRConfig  ht32f5xxxx_mctm.o
    0x000032a2   0x000032a2   0x00000012   Code   RO         1744    i.MCTM_CHMOECmd     ht32f5xxxx_mctm.o
    0x000032b4   0x000032b4   0x0000007c   Code   RO         3522    i.MainProgramRegionCRC  flashprot.o
    0x00003330   0x00003330   0x00000002   Code   RO          200    i.NMI_Handler       ht32f5xxxx_01_it.o
    0x00003332   0x00003332   0x00000002   PAD
    0x00003334   0x00003334   0x0000012c   Code   RO         3792    i.PIDStepdownCalc   tempcontrol.o
    0x00003460   0x00003460   0x0000009c   Code   RO         3495    i.PWMTimerInit      pwmdim.o
    0x000034fc   0x000034fc   0x00000020   Code   RO         1891    i.PWRCU_CheckReadyAccessed  ht32f5xxxx_pwrcu.o
    0x0000351c   0x0000351c   0x00000002   Code   RO          201    i.PendSV_Handler    ht32f5xxxx_01_it.o
    0x0000351e   0x0000351e   0x00000002   PAD
    0x00003520   0x00003520   0x00000028   Code   RO         2054    i.RSTCU_PeripReset  ht32f5xxxx_rstcu.o
    0x00003548   0x00003548   0x00000044   Code   RO         3547    i.RTCCMIntHandler   autolockrtc.o
    0x0000358c   0x0000358c   0x0000002c   Code   RO         2092    i.RTC_DeInit        ht32f5xxxx_rtc.o
    0x000035b8   0x000035b8   0x0000000c   Code   RO         2095    i.RTC_GetFlagStatus  ht32f5xxxx_rtc.o
    0x000035c4   0x000035c4   0x00000020   Code   RO          202    i.RTC_IRQHandler    ht32f5xxxx_01_it.o
    0x000035e4   0x000035e4   0x0000003c   Code   RO         2101    i.RTC_LSILoadTrimData  ht32f5xxxx_rtc.o
    0x00003620   0x00003620   0x000000bc   Code   RO         3584    i.RampAdjustHandler  modelogic.o
    0x000036dc   0x000036dc   0x0000002c   Code   RO         3548    i.RestartRTCTimer   autolockrtc.o
    0x00003708   0x00003708   0x00000068   Code   RO         3585    i.ReverseModeCycleOpHandler  modelogic.o
    0x00003770   0x00003770   0x00000002   Code   RO          203    i.SVC_Handler       ht32f5xxxx_01_it.o
    0x00003772   0x00003772   0x00000002   PAD
    0x00003774   0x00003774   0x00000018   Code   RO          488    i.SYSTICK_ClockSourceConfig  ht32_cm0plus_misc.o
    0x0000378c   0x0000378c   0x00000024   Code   RO          489    i.SYSTICK_CounterCmd  ht32_cm0plus_misc.o
    0x000037b0   0x000037b0   0x00000018   Code   RO          490    i.SYSTICK_IntConfig  ht32_cm0plus_misc.o
    0x000037c8   0x000037c8   0x00000050   Code   RO         3496    i.SetPWMDuty        pwmdim.o
    0x00003818   0x00003818   0x00000060   Code   RO         3549    i.SetupRTCForCounter  autolockrtc.o
    0x00003878   0x00003878   0x00000084   Code   RO         3412    i.SideKeyInit       sidekey.o
    0x000038fc   0x000038fc   0x000000a0   Code   RO         3413    i.SideKey_Callback  sidekey.o
    0x0000399c   0x0000399c   0x00000094   Code   RO         3414    i.SideKey_LogicHandler  sidekey.o
    0x00003a30   0x00003a30   0x00000044   Code   RO         3415    i.SideKey_TIM_Callback  sidekey.o
    0x00003a74   0x00003a74   0x00000014   Code   RO          204    i.SysTick_Handler   ht32f5xxxx_01_it.o
    0x00003a88   0x00003a88   0x0000010c   Code   RO          376    i.SystemInit        system_ht32f5xxxx_01.o
    0x00003b94   0x00003b94   0x0000000a   Code   RO         2483    i.TM_ClearFlag      ht32f5xxxx_tm.o
    0x00003b9e   0x00003b9e   0x00000014   Code   RO         2486    i.TM_Cmd            ht32f5xxxx_tm.o
    0x00003bb2   0x00003bb2   0x0000000a   Code   RO         2494    i.TM_GetFlagStatus  ht32f5xxxx_tm.o
    0x00003bbc   0x00003bbc   0x00000010   Code   RO         2499    i.TM_IntConfig      ht32f5xxxx_tm.o
    0x00003bcc   0x00003bcc   0x000000ac   Code   RO         2503    i.TM_OutputInit     ht32f5xxxx_tm.o
    0x00003c78   0x00003c78   0x00000006   Code   RO         2512    i.TM_SetCounterReload  ht32f5xxxx_tm.o
    0x00003c7e   0x00003c7e   0x00000002   PAD
    0x00003c80   0x00003c80   0x00000040   Code   RO         2517    i.TM_TimeBaseInit   ht32f5xxxx_tm.o
    0x00003cc0   0x00003cc0   0x0000002c   Code   RO         3944    i.__ARM_fpclassify  m_ps.l(fpclassify.o)
    0x00003cec   0x00003cec   0x000000ac   Code   RO         3946    i.__kernel_poly     m_ps.l(poly.o)
    0x00003d98   0x00003d98   0x00000014   Code   RO         3930    i.__mathlib_dbl_divzero  m_ps.l(dunder.o)
    0x00003dac   0x00003dac   0x0000000a   Code   RO         3931    i.__mathlib_dbl_infnan  m_ps.l(dunder.o)
    0x00003db6   0x00003db6   0x00000008   Code   RO         3932    i.__mathlib_dbl_infnan2  m_ps.l(dunder.o)
    0x00003dbe   0x00003dbe   0x00000010   Code   RO         3933    i.__mathlib_dbl_invalid  m_ps.l(dunder.o)
    0x00003dce   0x00003dce   0x00000002   PAD
    0x00003dd0   0x00003dd0   0x00000014   Code   RO         3934    i.__mathlib_dbl_overflow  m_ps.l(dunder.o)
    0x00003de4   0x00003de4   0x00000014   Code   RO         3936    i.__mathlib_dbl_underflow  m_ps.l(dunder.o)
    0x00003df8   0x00003df8   0x0000002c   Code   RO          272    i.delay_init        delay.o
    0x00003e24   0x00003e24   0x0000004c   Code   RO          273    i.delay_ms          delay.o
    0x00003e70   0x00003e70   0x0000004c   Code   RO          274    i.delay_us          delay.o
    0x00003ebc   0x00003ebc   0x00000026   Code   RO         3904    i.fmaxf             m_ps.l(fmaxf.o)
    0x00003ee2   0x00003ee2   0x00000026   Code   RO         3906    i.fminf             m_ps.l(fminf.o)
    0x00003f08   0x00003f08   0x00000024   Code   RO         3416    i.getSideKeyAnyHoldEvent  sidekey.o
    0x00003f2c   0x00003f2c   0x0000000c   Code   RO         3417    i.getSideKeyClickAndHoldEvent  sidekey.o
    0x00003f38   0x00003f38   0x0000000c   Code   RO         3418    i.getSideKeyDoubleClickAndHoldEvent  sidekey.o
    0x00003f44   0x00003f44   0x0000000c   Code   RO         3419    i.getSideKeyHoldEvent  sidekey.o
    0x00003f50   0x00003f50   0x00000018   Code   RO         3420    i.getSideKeyLongPressEvent  sidekey.o
    0x00003f68   0x00003f68   0x00000028   Code   RO         3421    i.getSideKeyShortPressCount  sidekey.o
    0x00003f90   0x00003f90   0x0000000c   Code   RO         3422    i.getSideKeyTripleClickAndHoldEvent  sidekey.o
    0x00003f9c   0x00003f9c   0x00000030   Code   RO          312    i.iroundf           lineartabop.o
    0x00003fcc   0x00003fcc   0x00000354   Code   RO         3885    i.log               m_ps.l(log.o)
    0x00004320   0x00004320   0x00000084   Code   RO            3    i.main              main.o
    0x000043a4   0x000043a4   0x000009fc   Code   RO         3895    i.pow               m_ps.l(pow.o)
    0x00004da0   0x00004da0   0x00000048   Code   RO         3950    i.sqrt              m_ps.l(sqrt.o)
    0x00004de8   0x00004de8   0x00000064   Code   RO         3917    x$fpl$deqf          fz_ps.l(deqf.o)
    0x00004e4c   0x00004e4c   0x00000064   Code   RO         3853    x$fpl$dleqf         fz_ps.l(dlef.o)
    0x00004eb0   0x00004eb0   0x00000068   Code   RO         3921    x$fpl$drleqf        fz_ps.l(drlef.o)
    0x00004f18   0x00004f18   0x0000008c   Code   RO         3859    x$fpl$fadd          fz_ps.l(faddsub.o)
    0x00004fa4   0x00004fa4   0x000000b0   Code   RO         3878    x$fpl$fmul          fz_ps.l(fmul.o)
    0x00005054   0x00005054   0x00000058   Code   RO         3880    x$fpl$frleqf        fz_ps.l(frlef.o)
    0x000050ac   0x000050ac   0x00000018   Code   RO         3860    x$fpl$frsb          fz_ps.l(faddsub.o)
    0x000050c4   0x000050c4   0x000000d0   Code   RO         3861    x$fpl$fsub          fz_ps.l(faddsub.o)
    0x00005194   0x00005194   0x00000000   Code   RO         3929    x$fpl$usenofp       fz_ps.l(usenofp.o)
    0x00005194   0x00005194   0x00000014   Data   RO         3586    .constdata          modelogic.o
    0x000051a8   0x000051a8   0x00000080   Data   RO         3851    .constdata          fz_ps.l(ddiv.o)
    0x00005228   0x00005228   0x00000040   Data   RO         3866    .constdata          fz_ps.l(fdiv.o)
    0x00005268   0x00005268   0x00000038   Data   RO         3886    .constdata          m_ps.l(log.o)
    0x000052a0   0x000052a0   0x00000088   Data   RO         3896    .constdata          m_ps.l(pow.o)
    0x00005328   0x00005328   0x00000008   Data   RO         3948    .constdata          m_ps.l(qnan.o)
    0x00005330   0x00005330   0x000000e9   Data   RO         3363    .conststring        ledmgmt.o
    0x00005419   0x00005419   0x00000003   PAD
    0x0000541c   0x0000541c   0x00000020   Data   RO         4132    Region$$Table       anon$$obj.o


    Execution Region RW_IRAM1 (Exec base: 0x20000000, Load base: 0x0000543c, Size: 0x00000f68, Max: 0x00004000, ABSOLUTE)

    Exec Addr    Load Addr    Size         Type   Attr      Idx    E Section Name        Object

    0x20000000   0x0000543c   0x00000002   Data   RW            4    .data               main.o
    0x20000002   0x0000543e   0x00000002   PAD
    0x20000004   0x00005440   0x00000004   Data   RW          205    .data               ht32f5xxxx_01_it.o
    0x20000008   0x00005444   0x00000001   Data   RW          275    .data               delay.o
    0x20000009   0x00005445   0x00000001   Data   RW         3318    .data               adc.o
    0x2000000a   0x00005446   0x00000002   PAD
    0x2000000c   0x00005448   0x00000098   Data   RW         3364    .data               ledmgmt.o
    0x200000a4   0x000054e0   0x0000000c   Data   RW         3423    .data               sidekey.o
    0x200000b0   0x000054ec   0x00000018   Data   RW         3587    .data               modelogic.o
    0x200000c8   0x00005504   0x00000008   Data   RW         3704    .data               deepsleep.o
    0x200000d0   0x0000550c   0x00000008   Data   RW         3741    .data               battmonitor.o
    0x200000d8   0x00005514   0x00000010   Data   RW         3794    .data               tempcontrol.o
    0x200000e8        -       0x00000040   Zero   RW         3362    .bss                ledmgmt.o
    0x20000128        -       0x000001e0   Zero   RW         3793    .bss                tempcontrol.o
    0x20000308        -       0x00000060   Zero   RW         3988    .bss                c_p.l(libspace.o)
    0x20000368        -       0x00000000   Zero   RW          475    HEAP                startup_ht32f5xxxx_01.o
    0x20000368        -       0x00000c00   Zero   RW          474    STACK               startup_ht32f5xxxx_01.o


==============================================================================

Image component sizes


      Code (inc. data)   RO Data    RW Data    ZI Data      Debug   Object Name

       864         80          0          1          0      10897   adc.o
       208         40          0          0          0       1673   autolockrtc.o
       936        176          0          8          0       3114   battmonitor.o
       444         46          0          8          0       2098   deepsleep.o
       196         18          0          1          0       1618   delay.o
       304         32          0          0          0       1815   flashprot.o
        84         12          0          0          0       1589   ht32_cm0plus_misc.o
       314         56          0          4          0       4525   ht32f5xxxx_01_it.o
       166          0          0          0          0       6027   ht32f5xxxx_adc.o
       112         20          0          0          0       4683   ht32f5xxxx_ckcu.o
        16          0          0          0          0        805   ht32f5xxxx_crc.o
       100         20          0          0          0       4961   ht32f5xxxx_exti.o
       320         50          0          0          0       5176   ht32f5xxxx_flash.o
       434         16          0          0          0       6503   ht32f5xxxx_gpio.o
        68          0          0          0          0       1522   ht32f5xxxx_mctm.o
        32         10          0          0          0       8503   ht32f5xxxx_pwrcu.o
        40          4          0          0          0        635   ht32f5xxxx_rstcu.o
       116         22          0          0          0       1495   ht32f5xxxx_rtc.o
       298          8          0          0          0       5452   ht32f5xxxx_tm.o
       608         46        233        152         64       3946   ledmgmt.o
        48          8          0          0          0        582   lineartabop.o
       132          8          0          2          0      64639   main.o
       160         22          0          0          0       9125   mcubeattimer.o
      1816        178         20         24          0      44919   modelogic.o
       236         28          0          0          0       1204   pwmdim.o
       656         92          0         12          0       6846   sidekey.o
       380        252          0          0       3072        720   startup_ht32f5xxxx_01.o
       268         24          0          0          0        653   system_ht32f5xxxx_01.o
      1400        250          0         16        480       4999   tempcontrol.o

    ----------------------------------------------------------------------
     10766       1518        288        232       3616     210724   Object Totals
         0          0         32          0          0          0   (incl. Generated)
        10          0          3          4          0          0   (incl. Padding)

    ----------------------------------------------------------------------

      Code (inc. data)   RO Data    RW Data    ZI Data      Debug   Library Member Name

         8          0          0          0          0         68   __main.o
         0          0          0          0          0          0   __rtentry.o
        12          0          0          0          0          0   __rtentry2.o
         6          0          0          0          0          0   __rtentry4.o
        60          8          0          0          0          0   __scatter.o
        26          0          0          0          0          0   __scatter_copy.o
        28          0          0          0          0          0   __scatter_zi.o
        22          0          0          0          0         92   _rserrno.o
       488          0          0          0          0         92   aeabi_sdivfast.o
        16          0          0          0          0         68   exit.o
         6          0          0          0          0        136   heapauxi.o
         0          0          0          0          0          0   indicate_semi.o
         2          0          0          0          0          0   libinit.o
         2          0          0          0          0          0   libinit2.o
         2          0          0          0          0          0   libshutdown.o
         2          0          0          0          0          0   libshutdown2.o
         8          4          0          0         96         68   libspace.o
         8          4          0          0          0         68   rt_errno_addr_intlibspace.o
        64          0          0          0          0        108   rt_memclr.o
         2          0          0          0          0          0   rtexit.o
        10          0          0          0          0          0   rtexit2.o
        36          0          0          0          0         68   strncat.o
        12          4          0          0          0         60   sys_exit.o
        62          0          0          0          0         80   sys_stackheap_outer.o
         2          0          0          0          0         68   use_no_semi.o
        46          0          0          0          0         60   cmpret.o
       124          4          0          0          0         72   d2f.o
       856         20          0          0          0        208   daddsub.o
       144          4          0          0          0         76   dcmpin.o
      1096         26        128          0          0        112   ddiv.o
       100          4          0          0          0         92   deqf.o
        88          0          0          0          0         92   dflti.o
       100          4          0          0          0         92   dlef.o
       584         26          0          0          0         84   dmul.o
        20          6          0          0          0         68   dnan2.o
       104          4          0          0          0        104   drlef.o
        96         12          0          0          0         72   dscalbn.o
       256          8          0          0          0         76   dsqrt.o
        84          4          0          0          0         60   f2d.o
       372          8          0          0          0        240   faddsub.o
       176          6          0          0          0         76   fcmp4.o
       100          4          0          0          0         68   fcmpin.o
       352         10         64          0          0         92   fdiv.o
        76          0          0          0          0         68   ffixi.o
        48          0          0          0          0         60   ffixui.o
        94          0          0          0          0         92   fflti.o
       176          4          0          0          0         80   fmul.o
        16          6          0          0          0         68   fnan2.o
        88          4          0          0          0         76   frlef.o
        68          4          0          0          0         68   fscalbn.o
        94          0          0          0          0         68   retnan.o
         0          0          0          0          0          0   usenofp.o
        94         14          0          0          0        408   dunder.o
        38          0          0          0          0         72   fmaxf.o
        38          0          0          0          0         72   fminf.o
        44          4          0          0          0         60   fpclassify.o
       852         62         56          0          0        136   log.o
       172          0          0          0          0         76   poly.o
      2556        196        136          0          0        240   pow.o
         0          0          8          0          0          0   qnan.o
        72          6          0          0          0         76   sqrt.o

    ----------------------------------------------------------------------
     10118        470        392          0         96       4440   Library Totals
        10          0          0          0          0          0   (incl. Padding)

    ----------------------------------------------------------------------

      Code (inc. data)   RO Data    RW Data    ZI Data      Debug   Library Name

       884         20          0          0         96        976   c_p.l
      5358        168        192          0          0       2324   fz_ps.l
      3866        282        200          0          0       1140   m_ps.l

    ----------------------------------------------------------------------
     10118        470        392          0         96       4440   Library Totals

    ----------------------------------------------------------------------

==============================================================================


      Code (inc. data)   RO Data    RW Data    ZI Data      Debug   

     20884       1988        680        232       3712     208172   Grand Totals
     20884       1988        680        232       3712     208172   ELF Image Totals
     20884       1988        680        232          0          0   ROM Totals

==============================================================================

    Total RO  Size (Code + RO Data)                21564 (  21.06kB)
    Total RW  Size (RW Data + ZI Data)              3944 (   3.85kB)
    Total ROM Size (Code + RO Data + RW Data)      21796 (  21.29kB)

==============================================================================

