Component: ARM Compiler 5.06 update 6 (build 750) Tool: armlink [4d35ed]

==============================================================================

Section Cross References

    main.o(i.main) refers to ht32f5xxxx_ckcu.o(i.CKCU_PeripClockConfig) for CKCU_PeripClockConfig
    main.o(i.main) refers to ht32f5xxxx_pwrcu.o(i.PWRCU_CheckReadyAccessed) for PWRCU_CheckReadyAccessed
    main.o(i.main) refers to ht32f5xxxx_rtc.o(i.RTC_LSILoadTrimData) for RTC_LSILoadTrimData
    main.o(i.main) refers to ht32f5xxxx_rtc.o(i.RTC_DeInit) for RTC_DeInit
    main.o(i.main) refers to delay.o(i.delay_init) for delay_init
    main.o(i.main) refers to ht32f5xxxx_gpio.o(i.GPIO_DisableDebugPort) for GPIO_DisableDebugPort
    main.o(i.main) refers to flashprot.o(i.CheckForFlashLock) for CheckForFlashLock
    main.o(i.main) refers to mcubeattimer.o(i.EnableHBTimer) for EnableHBTimer
    main.o(i.main) refers to ledmgmt.o(i.LED_Init) for LED_Init
    main.o(i.main) refers to adc.o(i.InternalADC_Init) for InternalADC_Init
    main.o(i.main) refers to sidekey.o(i.SideKeyInit) for SideKeyInit
    main.o(i.main) refers to pwmdim.o(i.PWMTimerInit) for PWMTimerInit
    main.o(i.main) refers to modelogic.o(i.LightLogicSetup) for LightLogicSetup
    main.o(i.main) refers to sidekey.o(i.SideKey_LogicHandler) for SideKey_LogicHandler
    main.o(i.main) refers to battmonitor.o(i.BatteryMonitorHandler) for BatteryMonitorHandler
    main.o(i.main) refers to modelogic.o(i.LightModeStateMachine) for LightModeStateMachine
    main.o(i.main) refers to tempcontrol.o(i.PIDStepdownCalc) for PIDStepdownCalc
    main.o(i.main) refers to modelogic.o(i.ControlMainLEDHandler) for ControlMainLEDHandler
    main.o(i.main) refers to tempcontrol.o(i.CalculateActualTemp) for CalculateActualTemp
    main.o(i.main) refers to ledmgmt.o(i.LEDMgmt_CallBack) for LEDMgmt_CallBack
    main.o(i.main) refers to modelogic.o(i.ReverseModeCycleOpHandler) for ReverseModeCycleOpHandler
    main.o(i.main) refers to modelogic.o(i.LowVoltageAlertHandler) for LowVoltageAlertHandler
    main.o(i.main) refers to main.o(.data) for .data
    ht32f5xxxx_01_it.o(i.ADC_IRQHandler) refers to ht32f5xxxx_adc.o(i.ADC_GetIntStatus) for ADC_GetIntStatus
    ht32f5xxxx_01_it.o(i.ADC_IRQHandler) refers to adc.o(i.ADC_EOC_interrupt_Callback) for ADC_EOC_interrupt_Callback
    ht32f5xxxx_01_it.o(i.EXTI4_15_IRQHandler) refers to ht32f5xxxx_exti.o(i.EXTI_GetEdgeFlag) for EXTI_GetEdgeFlag
    ht32f5xxxx_01_it.o(i.EXTI4_15_IRQHandler) refers to ht32f5xxxx_exti.o(i.EXTI_ClearEdgeFlag) for EXTI_ClearEdgeFlag
    ht32f5xxxx_01_it.o(i.EXTI4_15_IRQHandler) refers to sidekey.o(i.SideKey_Callback) for SideKey_Callback
    ht32f5xxxx_01_it.o(i.GPTM0_IRQHandler) refers to ht32f5xxxx_tm.o(i.TM_GetFlagStatus) for TM_GetFlagStatus
    ht32f5xxxx_01_it.o(i.GPTM0_IRQHandler) refers to ht32f5xxxx_tm.o(i.TM_ClearFlag) for TM_ClearFlag
    ht32f5xxxx_01_it.o(i.GPTM0_IRQHandler) refers to ledmgmt.o(i.LEDMgmt_CallBack) for LEDMgmt_CallBack
    ht32f5xxxx_01_it.o(i.GPTM0_IRQHandler) refers to sidekey.o(i.SideKey_TIM_Callback) for SideKey_TIM_Callback
    ht32f5xxxx_01_it.o(i.GPTM0_IRQHandler) refers to main.o(.data) for EnteredMainApp
    ht32f5xxxx_01_it.o(i.GPTM0_IRQHandler) refers to deepsleep.o(.data) for DeepSleepTimerFlag
    ht32f5xxxx_01_it.o(i.GPTM1_IRQHandler) refers to ht32f5xxxx_tm.o(i.TM_GetFlagStatus) for TM_GetFlagStatus
    ht32f5xxxx_01_it.o(i.GPTM1_IRQHandler) refers to ht32f5xxxx_tm.o(i.TM_ClearFlag) for TM_ClearFlag
    ht32f5xxxx_01_it.o(i.GPTM1_IRQHandler) refers to modelogic.o(i.RampAdjustHandler) for RampAdjustHandler
    ht32f5xxxx_01_it.o(i.GPTM1_IRQHandler) refers to modelogic.o(.data) for LightMode
    ht32f5xxxx_01_it.o(i.HardFault_Handler) refers to ht32f5xxxx_01_it.o(.data) for .data
    ht32f5xxxx_01_it.o(i.SysTick_Handler) refers to delay.o(.data) for DelaySeconds
    delay.o(i.delay_Second) refers to ht32_cm0plus_misc.o(i.SYSTICK_IntConfig) for SYSTICK_IntConfig
    delay.o(i.delay_Second) refers to delay.o(.data) for DelaySeconds
    delay.o(i.delay_init) refers to ht32_cm0plus_misc.o(i.SYSTICK_ClockSourceConfig) for SYSTICK_ClockSourceConfig
    delay.o(i.delay_init) refers to ht32_cm0plus_misc.o(i.SYSTICK_IntConfig) for SYSTICK_IntConfig
    delay.o(i.delay_init) refers to ht32_cm0plus_misc.o(i.SYSTICK_CounterCmd) for SYSTICK_CounterCmd
    delay.o(i.delay_init) refers to delay.o(.data) for DelaySeconds
    lineartabop.o(i.CheckLinearTable) refers to feqf.o(x$fpl$feqf) for __aeabi_cfcmpeq
    lineartabop.o(i.CheckLinearTable) refers to frlef.o(x$fpl$frleqf) for __aeabi_cfrcmple
    lineartabop.o(i.CheckLinearTable) refers to flef.o(x$fpl$fleqf) for __aeabi_cfcmple
    lineartabop.o(i.QueueLinearTable) refers to lineartabop.o(i.CheckLinearTable) for CheckLinearTable
    lineartabop.o(i.QueueLinearTable) refers to flef.o(x$fpl$fleqf) for __aeabi_cfcmple
    lineartabop.o(i.QueueLinearTable) refers to frlef.o(x$fpl$frleqf) for __aeabi_cfrcmple
[...]
    .ARM.Collect$$rtentry$$0000000A          0x00000206   Section        4  __rtentry2.o(.ARM.Collect$$rtentry$$0000000A)
    .ARM.Collect$$rtentry$$0000000C          0x0000020a   Section        0  __rtentry2.o(.ARM.Collect$$rtentry$$0000000C)
    .ARM.Collect$$rtentry$$0000000D          0x0000020a   Section        8  __rtentry2.o(.ARM.Collect$$rtentry$$0000000D)
    .ARM.Collect$$rtexit$$00000000           0x00000212   Section        2  rtexit.o(.ARM.Collect$$rtexit$$00000000)
    .ARM.Collect$$rtexit$$00000002           0x00000214   Section        0  rtexit2.o(.ARM.Collect$$rtexit$$00000002)
    .ARM.Collect$$rtexit$$00000003           0x00000214   Section        4  rtexit2.o(.ARM.Collect$$rtexit$$00000003)
    .ARM.Collect$$rtexit$$00000004           0x00000218   Section        6  rtexit2.o(.ARM.Collect$$rtexit$$00000004)
    .text                                    0x0000021e   Section        0  strncat.o(.text)
    .text                                    0x00000242   Section        0  rt_memclr.o(.text)
    .text                                    0x00000282   Section      488  aeabi_sdivfast.o(.text)
    .text                                    0x0000046a   Section        0  heapauxi.o(.text)
    .text                                    0x00000470   Section        0  d2f.o(.text)
    .text                                    0x000004ec   Section        0  daddsub.o(.text)
    _dadd1                                   0x000004ed   Thumb Code   290  daddsub.o(.text)
    _dsub1                                   0x0000060f   Thumb Code   470  daddsub.o(.text)
    .text                                    0x00000844   Section        0  ddiv.o(.text)
    .text                                    0x00000c8c   Section        0  dmul.o(.text)
    .text                                    0x00000ed4   Section        0  f2d.o(.text)
    .text                                    0x00000f28   Section        0  fdiv.o(.text)
    .text                                    0x00001088   Section        0  ffixi.o(.text)
    .text                                    0x000010d4   Section        0  ffixui.o(.text)
    .text                                    0x00001104   Section        0  fflti.o(.text)
    .text                                    0x00001164   Section        0  fscalbn.o(.text)
    .text                                    0x000011a8   Section        0  _rserrno.o(.text)
    .text                                    0x000011be   Section        0  dflti.o(.text)
    .text                                    0x00001218   Section        0  dscalbn.o(.text)
    .text                                    0x00001278   Section        0  fcmp4.o(.text)
    .text                                    0x00001328   Section        0  fcmpin.o(.text)
    .text                                    0x0000138c   Section        8  rt_errno_addr_intlibspace.o(.text)
    .text                                    0x00001394   Section        0  cmpret.o(.text)
    .text                                    0x000013c4   Section        0  dcmpin.o(.text)
    .text                                    0x00001454   Section        0  dsqrt.o(.text)
    .text                                    0x00001554   Section        0  fnan2.o(.text)
    .text                                    0x00001564   Section        8  libspace.o(.text)
    .text                                    0x0000156c   Section       62  sys_stackheap_outer.o(.text)
    .text                                    0x000015aa   Section        0  exit.o(.text)
    .text                                    0x000015bc   Section        0  dnan2.o(.text)
    .text                                    0x000015d0   Section        0  retnan.o(.text)
    .text                                    0x00001630   Section        0  sys_exit.o(.text)
    .text                                    0x0000163c   Section        2  use_no_semi.o(.text)
    .text                                    0x0000163e   Section        0  indicate_semi.o(.text)
    i.ADC_ClearIntPendingBit                 0x0000163e   Section        0  ht32f5xxxx_adc.o(i.ADC_ClearIntPendingBit)
    i.ADC_Cmd                                0x00001644   Section        0  ht32f5xxxx_adc.o(i.ADC_Cmd)
    i.ADC_DeInit                             0x00001656   Section        0  ht32f5xxxx_adc.o(i.ADC_DeInit)
    i.ADC_EOC_interrupt_Callback             0x00001668   Section        0  adc.o(i.ADC_EOC_interrupt_Callback)
    i.ADC_GetIntStatus                       0x00001684   Section        0  ht32f5xxxx_adc.o(i.ADC_GetIntStatus)
    i.ADC_GetResult                          0x00001690   Section        0  adc.o(i.ADC_GetResult)
    i.ADC_IRQHandler                         0x000018e8   Section        0  ht32f5xxxx_01_it.o(i.ADC_IRQHandler)
    i.ADC_IntConfig                          0x00001900   Section        0  ht32f5xxxx_adc.o(i.ADC_IntConfig)
    i.ADC_RegularChannelConfig               0x00001912   Section        0  ht32f5xxxx_adc.o(i.ADC_RegularChannelConfig)
    i.ADC_RegularGroupConfig                 0x00001930   Section        0  ht32f5xxxx_adc.o(i.ADC_RegularGroupConfig)
    i.ADC_RegularTrigConfig                  0x0000194a   Section        0  ht32f5xxxx_adc.o(i.ADC_RegularTrigConfig)
    i.ADC_SamplingTimeConfig                 0x00001958   Section        0  ht32f5xxxx_adc.o(i.ADC_SamplingTimeConfig)
    i.ADC_SoftwareStartConvCmd               0x0000195c   Section        0  ht32f5xxxx_adc.o(i.ADC_SoftwareStartConvCmd)
    i.AFIO_EXTISourceConfig                  0x00001970   Section        0  ht32f5xxxx_gpio.o(i.AFIO_EXTISourceConfig)
    i.AFIO_GPxConfig                         0x0000199c   Section        0  ht32f5xxxx_gpio.o(i.AFIO_GPxConfig)
    i.BatteryAlertResetDetect                0x00001a80   Section        0  battmonitor.o(i.BatteryAlertResetDetect)
    i.BatteryMonitorHandler                  0x00001aa8   Section        0  battmonitor.o(i.BatteryMonitorHandler)
    i.CKCU_GetClockReadyStatus               0x00001b8c   Section        0  ht32f5xxxx_ckcu.o(i.CKCU_GetClockReadyStatus)
    i.CKCU_HSICmd                            0x00001ba0   Section        0  ht32f5xxxx_ckcu.o(i.CKCU_HSICmd)
    i.CKCU_PeripClockConfig                  0x00001bb8   Section        0  ht32f5xxxx_ckcu.o(i.CKCU_PeripClockConfig)
    i.CKCU_SetADCnPrescaler                  0x00001be0   Section        0  ht32f5xxxx_ckcu.o(i.CKCU_SetADCnPrescaler)
    i.CRC_DeInit                             0x00001bfc   Section        0  ht32f5xxxx_crc.o(i.CRC_DeInit)
    i.CalculateActualTemp                    0x00001c0c   Section        0  tempcontrol.o(i.CalculateActualTemp)
    i.CheckForFlashLock                      0x00001da4   Section        0  flashprot.o(i.CheckForFlashLock)
    i.ControlMainLEDHandler                  0x00001e58   Section        0  modelogic.o(i.ControlMainLEDHandler)
    i.DeepSleepTimerCallBack                 0x00001fa8   Section        0  deepsleep.o(i.DeepSleepTimerCallBack)
    i.DisableHBTimer                         0x00001fc4   Section        0  mcubeattimer.o(i.DisableHBTimer)
    i.DisplayBatteryVoltage                  0x00002000   Section        0  battmonitor.o(i.DisplayBatteryVoltage)
    i.DisplaySystemTemp                      0x000020d4   Section        0  tempcontrol.o(i.DisplaySystemTemp)
    i.DisplayTemp                            0x00002298   Section        0  tempcontrol.o(i.DisplayTemp)
    i.EXTI4_15_IRQHandler                    0x000022f0   Section        0  ht32f5xxxx_01_it.o(i.EXTI4_15_IRQHandler)
    i.EXTI_ClearEdgeFlag                     0x00002308   Section        0  ht32f5xxxx_exti.o(i.EXTI_ClearEdgeFlag)
    i.EXTI_GetEdgeFlag                       0x00002318   Section        0  ht32f5xxxx_exti.o(i.EXTI_GetEdgeFlag)
    i.EXTI_Init                              0x00002330   Section        0  ht32f5xxxx_exti.o(i.EXTI_Init)
    i.EXTI_IntConfig                         0x00002350   Section        0  ht32f5xxxx_exti.o(i.EXTI_IntConfig)
    i.EnableHBTimer                          0x0000236c   Section        0  mcubeattimer.o(i.EnableHBTimer)
    i.EnteredLowPowerMode                    0x000023d0   Section        0  deepsleep.o(i.EnteredLowPowerMode)
    i.ExitLowPowerMode                       0x00002490   Section        0  deepsleep.o(i.ExitLowPowerMode)
    i.FLASH_EraseOptionByte                  0x00002570   Section        0  ht32f5xxxx_flash.o(i.FLASH_EraseOptionByte)
    i.FLASH_ErasePage                        0x0000258c   Section        0  ht32f5xxxx_flash.o(i.FLASH_ErasePage)
    i.FLASH_GetOptionByteStatus              0x000025a0   Section        0  ht32f5xxxx_flash.o(i.FLASH_GetOptionByteStatus)
    i.FLASH_ProgramOptionByte                0x000025d4   Section        0  ht32f5xxxx_flash.o(i.FLASH_ProgramOptionByte)
    i.FLASH_ProgramWordData                  0x00002640   Section        0  ht32f5xxxx_flash.o(i.FLASH_ProgramWordData)
    i.FLASH_WaitForOperationEnd              0x00002658   Section        0  ht32f5xxxx_flash.o(i.FLASH_WaitForOperationEnd)
    i.FillThermalFilterBuf                   0x000026b0   Section        0  tempcontrol.o(i.FillThermalFilterBuf)
    i.GPIO_ClearOutBits                      0x00002718   Section        0  ht32f5xxxx_gpio.o(i.GPIO_ClearOutBits)
    i.GPIO_DirectionConfig                   0x0000271c   Section        0  ht32f5xxxx_gpio.o(i.GPIO_DirectionConfig)
    i.GPIO_DisableDebugPort                  0x0000272c   Section        0  ht32f5xxxx_gpio.o(i.GPIO_DisableDebugPort)
    i.GPIO_DriveConfig                       0x00002764   Section        0  ht32f5xxxx_gpio.o(i.GPIO_DriveConfig)
    i.GPIO_InputConfig                       0x0000279c   Section        0  ht32f5xxxx_gpio.o(i.GPIO_InputConfig)
    i.GPIO_ReadInBit                         0x000027ac   Section        0  ht32f5xxxx_gpio.o(i.GPIO_ReadInBit)
    i.GPIO_SetOutBits                        0x000027b6   Section        0  ht32f5xxxx_gpio.o(i.GPIO_SetOutBits)
    i.GPTM0_IRQHandler                       0x000027bc   Section        0  ht32f5xxxx_01_it.o(i.GPTM0_IRQHandler)
    i.GPTM1_IRQHandler                       0x00002804   Section        0  ht32f5xxxx_01_it.o(i.GPTM1_IRQHandler)
    i.HardFault_Handler                      0x00002840   Section        0  ht32f5xxxx_01_it.o(i.HardFault_Handler)
    i.InternalADC_Init                       0x0000288c   Section        0  adc.o(i.InternalADC_Init)
    i.LEDMgmt_CallBack                       0x0000295c   Section        0  ledmgmt.o(i.LEDMgmt_CallBack)
    i.LED_AddStrobe                          0x00002a94   Section        0  ledmgmt.o(i.LED_AddStrobe)
    i.LED_Init                               0x00002ae0   Section        0  ledmgmt.o(i.LED_Init)
    i.LED_Reset                              0x00002b48   Section        0  ledmgmt.o(i.LED_Reset)
    i.LightLogicSetup                        0x00002b6c   Section        0  modelogic.o(i.LightLogicSetup)
    i.LightModeStateMachine                  0x00002c20   Section        0  modelogic.o(i.LightModeStateMachine)
    i.LowVoltageAlertHandler                 0x00002fa8   Section        0  modelogic.o(i.LowVoltageAlertHandler)
    i.MCTM_CHBRKCTRConfig                    0x00002fdc   Section        0  ht32f5xxxx_mctm.o(i.MCTM_CHBRKCTRConfig)
    i.MCTM_CHMOECmd                          0x0000300e   Section        0  ht32f5xxxx_mctm.o(i.MCTM_CHMOECmd)
    i.MainProgramRegionCRC                   0x00003020   Section        0  flashprot.o(i.MainProgramRegionCRC)
    i.NMI_Handler                            0x0000309c   Section        0  ht32f5xxxx_01_it.o(i.NMI_Handler)
    i.PIDStepdownCalc                        0x000030a0   Section        0  tempcontrol.o(i.PIDStepdownCalc)
    i.PWMTimerInit                           0x000031cc   Section        0  pwmdim.o(i.PWMTimerInit)
    i.PWRCU_CheckReadyAccessed               0x00003268   Section        0  ht32f5xxxx_pwrcu.o(i.PWRCU_CheckReadyAccessed)
    i.PendSV_Handler                         0x00003288   Section        0  ht32f5xxxx_01_it.o(i.PendSV_Handler)
    i.RSTCU_PeripReset                       0x0000328c   Section        0  ht32f5xxxx_rstcu.o(i.RSTCU_PeripReset)
    i.RTC_DeInit                             0x000032b4   Section        0  ht32f5xxxx_rtc.o(i.RTC_DeInit)
    i.RTC_LSILoadTrimData                    0x000032e0   Section        0  ht32f5xxxx_rtc.o(i.RTC_LSILoadTrimData)
    i.RampAdjustHandler                      0x0000331c   Section        0  modelogic.o(i.RampAdjustHandler)
    i.ReverseModeCycleOpHandler              0x000033d8   Section        0  modelogic.o(i.ReverseModeCycleOpHandler)
    i.SVC_Handler                            0x00003440   Section        0  ht32f5xxxx_01_it.o(i.SVC_Handler)
    i.SYSTICK_ClockSourceConfig              0x00003444   Section        0  ht32_cm0plus_misc.o(i.SYSTICK_ClockSourceConfig)
    i.SYSTICK_CounterCmd                     0x0000345c   Section        0  ht32_cm0plus_misc.o(i.SYSTICK_CounterCmd)
    i.SYSTICK_IntConfig                      0x00003480   Section        0  ht32_cm0plus_misc.o(i.SYSTICK_IntConfig)
    i.SetPWMDuty                             0x00003498   Section        0  pwmdim.o(i.SetPWMDuty)
    i.SideKeyInit                            0x000034e8   Section        0  sidekey.o(i.SideKeyInit)
    i.SideKey_Callback                       0x0000356c   Section        0  sidekey.o(i.SideKey_Callback)
    i.SideKey_LogicHandler                   0x00003610   Section        0  sidekey.o(i.SideKey_LogicHandler)
    i.SideKey_TIM_Callback                   0x000036a4   Section        0  sidekey.o(i.SideKey_TIM_Callback)
    i.SysTick_Handler                        0x000036e8   Section        0  ht32f5xxxx_01_it.o(i.SysTick_Handler)
    i.SystemInit                             0x000036fc   Section        0  system_ht32f5xxxx_01.o(i.SystemInit)
    i.TM_ClearFlag                           0x00003808   Section        0  ht32f5xxxx_tm.o(i.TM_ClearFlag)
    i.TM_Cmd                                 0x00003812   Section        0  ht32f5xxxx_tm.o(i.TM_Cmd)
    i.TM_GetFlagStatus                       0x00003826   Section        0  ht32f5xxxx_tm.o(i.TM_GetFlagStatus)
    i.TM_IntConfig                           0x00003830   Section        0  ht32f5xxxx_tm.o(i.TM_IntConfig)
    i.TM_OutputInit                          0x00003840   Section        0  ht32f5xxxx_tm.o(i.TM_OutputInit)
    i.TM_SetCounterReload                    0x000038ec   Section        0  ht32f5xxxx_tm.o(i.TM_SetCounterReload)
    i.TM_TimeBaseInit                        0x000038f4   Section        0  ht32f5xxxx_tm.o(i.TM_TimeBaseInit)
    i.__ARM_fpclassify                       0x00003934   Section        0  fpclassify.o(i.__ARM_fpclassify)
    i.__kernel_poly                          0x00003960   Section        0  poly.o(i.__kernel_poly)
    i.__mathlib_dbl_divzero                  0x00003a0c   Section        0  dunder.o(i.__mathlib_dbl_divzero)
    i.__mathlib_dbl_infnan                   0x00003a20   Section        0  dunder.o(i.__mathlib_dbl_infnan)
    i.__mathlib_dbl_infnan2                  0x00003a2a   Section        0  dunder.o(i.__mathlib_dbl_infnan2)
    i.__mathlib_dbl_invalid                  0x00003a32   Section        0  dunder.o(i.__mathlib_dbl_invalid)
    i.__mathlib_dbl_overflow                 0x00003a44   Section        0  dunder.o(i.__mathlib_dbl_overflow)
    i.__mathlib_dbl_underflow                0x00003a58   Section        0  dunder.o(i.__mathlib_dbl_underflow)
    i.delay_init                             0x00003a6c   Section        0  delay.o(i.delay_init)
    i.delay_ms                               0x00003a98   Section        0  delay.o(i.delay_ms)
    i.delay_us                               0x00003ae4   Section        0  delay.o(i.delay_us)
    i.fmaxf                                  0x00003b30   Section        0  fmaxf.o(i.fmaxf)
    i.fminf                                  0x00003b56   Section        0  fminf.o(i.fminf)
    i.getSideKeyAnyHoldEvent                 0x00003b7c   Section        0  sidekey.o(i.getSideKeyAnyHoldEvent)
    i.getSideKeyClickAndHoldEvent            0x00003ba0   Section        0  sidekey.o(i.getSideKeyClickAndHoldEvent)
    i.getSideKeyDoubleClickAndHoldEvent      0x00003bac   Section        0  sidekey.o(i.getSideKeyDoubleClickAndHoldEvent)
    i.getSideKeyHoldEvent                    0x00003bb8   Section        0  sidekey.o(i.getSideKeyHoldEvent)
    i.getSideKeyLongPressEvent               0x00003bc4   Section        0  sidekey.o(i.getSideKeyLongPressEvent)
    i.getSideKeyShortPressCount              0x00003bdc   Section        0  sidekey.o(i.getSideKeyShortPressCount)
    i.getSideKeyTripleClickAndHoldEvent      0x00003c04   Section        0  sidekey.o(i.getSideKeyTripleClickAndHoldEvent)
    i.iroundf                                0x00003c10   Section        0  lineartabop.o(i.iroundf)
    i.log                                    0x00003c40   Section        0  log.o(i.log)
    i.main                                   0x00003f94   Section        0  main.o(i.main)
    i.pow                                    0x00004014   Section        0  pow.o(i.pow)
    i.sqrt                                   0x00004a10   Section        0  sqrt.o(i.sqrt)
    x$fpl$deqf                               0x00004a58   Section      100  deqf.o(x$fpl$deqf)
    x$fpl$drleqf                             0x00004abc   Section      104  drlef.o(x$fpl$drleqf)
    x$fpl$fadd                               0x00004b24   Section      140  faddsub.o(x$fpl$fadd)
    _fadd1                                   0x00004b31   Thumb Code     0  faddsub.o(x$fpl$fadd)
    x$fpl$fleqf                              0x00004bb0   Section       84  flef.o(x$fpl$fleqf)
    x$fpl$fmul                               0x00004c04   Section      176  fmul.o(x$fpl$fmul)
    x$fpl$frsb                               0x00004cb4   Section       24  faddsub.o(x$fpl$frsb)
    x$fpl$fsub                               0x00004ccc   Section      208  faddsub.o(x$fpl$fsub)
    _fsub1                                   0x00004cd9   Thumb Code     0  faddsub.o(x$fpl$fsub)
    .constdata                               0x00004d9c   Section       20  modelogic.o(.constdata)
    x$fpl$usenofp                            0x00004d9c   Section        0  usenofp.o(x$fpl$usenofp)
    .constdata                               0x00004db0   Section      128  ddiv.o(.constdata)
    ddiv_reciptbl                            0x00004db0   Data         128  ddiv.o(.constdata)
    .constdata                               0x00004e30   Section       64  fdiv.o(.constdata)
    fdiv_tab                                 0x00004e30   Data          64  fdiv.o(.constdata)
    .constdata                               0x00004e70   Section       56  log.o(.constdata)
    Lg2                                      0x00004e70   Data          24  log.o(.constdata)
    Lg                                       0x00004e88   Data          32  log.o(.constdata)
    .constdata                               0x00004ea8   Section      136  pow.o(.constdata)
    bp                                       0x00004ea8   Data          16  pow.o(.constdata)
    dp_h                                     0x00004eb8   Data          16  pow.o(.constdata)
    dp_l                                     0x00004ec8   Data          16  pow.o(.constdata)
    L                                        0x00004ed8   Data          48  pow.o(.constdata)
    P                                        0x00004f08   Data          40  pow.o(.constdata)
    .constdata                               0x00004f30   Section        8  qnan.o(.constdata)
    .conststring                             0x00004f38   Section      213  ledmgmt.o(.conststring)
    .data                                    0x20000000   Section        2  main.o(.data)
    .data                                    0x20000004   Section        4  ht32f5xxxx_01_it.o(.data)
    LEDTimer                                 0x20000004   Data           4  ht32f5xxxx_01_it.o(.data)
    .data                                    0x20000008   Section        1  delay.o(.data)
    .data                                    0x20000009   Section        1  adc.o(.data)
    ADCEOCFlag                               0x20000009   Data           1  adc.o(.data)
    .data                                    0x2000000c   Section      152  ledmgmt.o(.data)
    IsLEDInitOK                              0x2000000c   Data           1  ledmgmt.o(.data)
    LEDDelayTimer                            0x2000000e   Data           2  ledmgmt.o(.data)
    LastExtLEDIdx                            0x20000014   Data           4  ledmgmt.o(.data)
    ConstReadPtr                             0x20000018   Data           4  ledmgmt.o(.data)
    LastLEDIndex                             0x2000001c   Data           4  ledmgmt.o(.data)
    .data                                    0x200000a4   Section       12  sidekey.o(.data)
    IsKeyPressed                             0x200000a4   Data           1  sidekey.o(.data)
    KeyTimer                                 0x200000a5   Data           2  sidekey.o(.data)
    Keyevent                                 0x200000a8   Data           8  sidekey.o(.data)
    .data                                    0x200000b0   Section       24  modelogic.o(.data)
    IsKeyStillPressed                        0x200000b0   Data           1  modelogic.o(.data)
    AdjustDir                                0x200000b1   Data           1  modelogic.o(.data)
    TacticalMode                             0x200000b2   Data           1  modelogic.o(.data)
    LVAlertTimer                             0x200000b3   Data           1  modelogic.o(.data)
    IsKeyPressed                             0x200000b4   Data           1  modelogic.o(.data)
    MinMaxBrightNessStrobeTimer              0x200000b5   Data           1  modelogic.o(.data)
    IsEnabledLimitTimer                      0x200000b6   Data           1  modelogic.o(.data)
    DimmingRatio                             0x200000bc   Data           4  modelogic.o(.data)
    .data                                    0x200000c8   Section        8  deepsleep.o(.data)
    .data                                    0x200000d0   Section        1  battmonitor.o(.data)
    .data                                    0x200000d4   Section       16  tempcontrol.o(.data)
    TempControlEnabled                       0x200000d5   Data           1  tempcontrol.o(.data)
    CalculatePIDRequest                      0x200000d6   Data           1  tempcontrol.o(.data)
    IsOHAlertAsserted                        0x200000d7   Data           1  tempcontrol.o(.data)
    err_last_temp                            0x200000d8   Data           4  tempcontrol.o(.data)
    integral_temp                            0x200000dc   Data           4  tempcontrol.o(.data)
    .bss                                     0x200000e4   Section       64  ledmgmt.o(.bss)
    .bss                                     0x20000124   Section      480  tempcontrol.o(.bss)
    .bss                                     0x20000304   Section       96  libspace.o(.bss)
    HEAP                                     0x20000368   Section        0  startup_ht32f5xxxx_01.o(HEAP)
    STACK                                    0x20000368   Section     3072  startup_ht32f5xxxx_01.o(STACK)
    Heap_Mem                                 0x20000368   Data           0  startup_ht32f5xxxx_01.o(HEAP)
    Stack_Mem                                0x20000368   Data        3072  startup_ht32f5xxxx_01.o(STACK)
    __initial_sp                             0x20000f68   Data           0  startup_ht32f5xxxx_01.o(STACK)

    Global Symbols

    Symbol Name                              Value     Ov Type        Size  Object(Section)

    BuildAttributes$$THM_ISAv3M$S$PE$A:L22$X:L11$S22$IEEE1$IW$USESV6$~STKCKD$USESV7$~SHL$OTIME$ROPI$IEEEX$EBA8$UX$STANDARDLIB$REQ8$PRES8$EABIv2 0x00000000   Number         0  anon$$obj.o ABSOLUTE
    __ARM_use_no_argv                        0x00000000   Number         0  main.o ABSOLUTE
    __Vectors                                0x00000000   Data           0  startup_ht32f5xxxx_01.o(RESET)
    __ARM_exceptions_init                     - Undefined Weak Reference
    __alloca_initialize                       - Undefined Weak Reference
    __arm_preinit_                            - Undefined Weak Reference
    __cpp_initialize__aeabi_                  - Undefined Weak Reference
    __cxa_finalize                            - Undefined Weak Reference
    __rt_locale                               - Undefined Weak Reference
    __sigvec_lookup                           - Undefined Weak Reference
    _atexit_init                              - Undefined Weak Reference
    _call_atexit_fns                          - Undefined Weak Reference
    _clock_init                               - Undefined Weak Reference
    _fp_trap_init                             - Undefined Weak Reference
    _fp_trap_shutdown                         - Undefined Weak Reference
    _get_lc_collate                           - Undefined Weak Reference
    _get_lc_ctype                             - Undefined Weak Reference
    _get_lc_monetary                          - Undefined Weak Reference
    _get_lc_numeric                           - Undefined Weak Reference
    _get_lc_time                              - Undefined Weak Reference
    _getenv_init                              - Undefined Weak Reference
    _handle_redirection                       - Undefined Weak Reference
    _init_alloc                               - Undefined Weak Reference
    _init_user_alloc                          - Undefined Weak Reference
    _initio                                   - Undefined Weak Reference
    _rand_init                                - Undefined Weak Reference
    _signal_finish                            - Undefined Weak Reference
    _signal_init                              - Undefined Weak Reference
    _terminate_alloc                          - Undefined Weak Reference
    _terminate_user_alloc                     - Undefined Weak Reference
    _terminateio                              - Undefined Weak Reference
    Reset_Handler                            0x000000c1   Thumb Code    12  startup_ht32f5xxxx_01.o(RESET)
    AES_IRQHandler                           0x00000135   Thumb Code     0  startup_ht32f5xxxx_01.o(RESET)
    BFTM0_IRQHandler                         0x00000135   Thumb Code     0  startup_ht32f5xxxx_01.o(RESET)
    BFTM1_IRQHandler                         0x00000135   Thumb Code     0  startup_ht32f5xxxx_01.o(RESET)
    COMP_IRQHandler                          0x00000135   Thumb Code     0  startup_ht32f5xxxx_01.o(RESET)
    EVWUP_IRQHandler                         0x00000135   Thumb Code     0  startup_ht32f5xxxx_01.o(RESET)
    EXTI0_1_IRQHandler                       0x00000135   Thumb Code     0  startup_ht32f5xxxx_01.o(RESET)
    EXTI2_3_IRQHandler                       0x00000135   Thumb Code     0  startup_ht32f5xxxx_01.o(RESET)
    FLASH_IRQHandler                         0x00000135   Thumb Code     0  startup_ht32f5xxxx_01.o(RESET)
    I2C0_IRQHandler                          0x00000135   Thumb Code     0  startup_ht32f5xxxx_01.o(RESET)
    I2C1_IRQHandler                          0x00000135   Thumb Code     0  startup_ht32f5xxxx_01.o(RESET)
    I2C2_IRQHandler                          0x00000135   Thumb Code     0  startup_ht32f5xxxx_01.o(RESET)
    I2S_IRQHandler                           0x00000135   Thumb Code     0  startup_ht32f5xxxx_01.o(RESET)
    LVD_BOD_IRQHandler                       0x00000135   Thumb Code     0  startup_ht32f5xxxx_01.o(RESET)
    MCTM0_IRQHandler                         0x00000135   Thumb Code     0  startup_ht32f5xxxx_01.o(RESET)
    MIDI_IRQHandler                          0x00000135   Thumb Code     0  startup_ht32f5xxxx_01.o(RESET)
    PDMA_CH0_1_IRQHandler                    0x00000135   Thumb Code     0  startup_ht32f5xxxx_01.o(RESET)
    PDMA_CH2_5_IRQHandler                    0x00000135   Thumb Code     0  startup_ht32f5xxxx_01.o(RESET)
    PWM0_IRQHandler                          0x00000135   Thumb Code     0  startup_ht32f5xxxx_01.o(RESET)
    PWM1_IRQHandler                          0x00000135   Thumb Code     0  startup_ht32f5xxxx_01.o(RESET)
    QSPI_IRQHandler                          0x00000135   Thumb Code     0  startup_ht32f5xxxx_01.o(RESET)
    RTC_IRQHandler                           0x00000135   Thumb Code     0  startup_ht32f5xxxx_01.o(RESET)
    SCI_IRQHandler                           0x00000135   Thumb Code     0  startup_ht32f5xxxx_01.o(RESET)
    SCTM0_IRQHandler                         0x00000135   Thumb Code     0  startup_ht32f5xxxx_01.o(RESET)
    SCTM1_IRQHandler                         0x00000135   Thumb Code     0  startup_ht32f5xxxx_01.o(RESET)
    SCTM2_IRQHandler                         0x00000135   Thumb Code     0  startup_ht32f5xxxx_01.o(RESET)
    SCTM3_IRQHandler                         0x00000135   Thumb Code     0  startup_ht32f5xxxx_01.o(RESET)
    SPI0_IRQHandler                          0x00000135   Thumb Code     0  startup_ht32f5xxxx_01.o(RESET)
    SPI1_IRQHandler                          0x00000135   Thumb Code     0  startup_ht32f5xxxx_01.o(RESET)
    UART0_IRQHandler                         0x00000135   Thumb Code     0  startup_ht32f5xxxx_01.o(RESET)
    UART1_IRQHandler                         0x00000135   Thumb Code     0  startup_ht32f5xxxx_01.o(RESET)
    UART2_IRQHandler                         0x00000135   Thumb Code     0  startup_ht32f5xxxx_01.o(RESET)
    UART3_IRQHandler                         0x00000135   Thumb Code     0  startup_ht32f5xxxx_01.o(RESET)
    USART0_IRQHandler                        0x00000135   Thumb Code     0  startup_ht32f5xxxx_01.o(RESET)
    USART1_IRQHandler                        0x00000135   Thumb Code     0  startup_ht32f5xxxx_01.o(RESET)
    USB_IRQHandler                           0x00000135   Thumb Code     0  startup_ht32f5xxxx_01.o(RESET)
    __user_initial_stackheap                 0x00000139   Thumb Code     0  startup_ht32f5xxxx_01.o(RESET)
    __main                                   0x0000017d   Thumb Code     8  __main.o(!!!main)
    __scatterload                            0x00000185   Thumb Code     0  __scatter.o(!!!scatter)
    __scatterload_rt2                        0x00000185   Thumb Code    52  __scatter.o(!!!scatter)
    __scatterload_rt2_thumb_only             0x00000185   Thumb Code     0  __scatter.o(!!!scatter)
    __scatterload_null                       0x00000195   Thumb Code     0  __scatter.o(!!!scatter)
    __scatterload_copy                       0x000001c1   Thumb Code    26  __scatter_copy.o(!!handler_copy)
    __scatterload_zeroinit                   0x000001dd   Thumb Code    28  __scatter_zi.o(!!handler_zi)
    __rt_lib_init                            0x000001f9   Thumb Code     0  libinit.o(.ARM.Collect$$libinit$$00000000)
    __rt_lib_init_alloca_1                   0x000001fb   Thumb Code     0  libinit2.o(.ARM.Collect$$libinit$$0000002E)
    __rt_lib_init_argv_1                     0x000001fb   Thumb Code     0  libinit2.o(.ARM.Collect$$libinit$$0000002C)
    __rt_lib_init_atexit_1                   0x000001fb   Thumb Code     0  libinit2.o(.ARM.Collect$$libinit$$0000001B)
    __rt_lib_init_clock_1                    0x000001fb   Thumb Code     0  libinit2.o(.ARM.Collect$$libinit$$00000021)
    __rt_lib_init_cpp_1                      0x000001fb   Thumb Code     0  libinit2.o(.ARM.Collect$$libinit$$00000032)
    __rt_lib_init_exceptions_1               0x000001fb   Thumb Code     0  libinit2.o(.ARM.Collect$$libinit$$00000030)
    __rt_lib_init_fp_1                       0x000001fb   Thumb Code     0  libinit2.o(.ARM.Collect$$libinit$$00000002)
    __rt_lib_init_fp_trap_1                  0x000001fb   Thumb Code     0  libinit2.o(.ARM.Collect$$libinit$$0000001F)
    __rt_lib_init_getenv_1                   0x000001fb   Thumb Code     0  libinit2.o(.ARM.Collect$$libinit$$00000023)
    __rt_lib_init_heap_1                     0x000001fb   Thumb Code     0  libinit2.o(.ARM.Collect$$libinit$$0000000A)
    __rt_lib_init_lc_collate_1               0x000001fb   Thumb Code     0  libinit2.o(.ARM.Collect$$libinit$$00000011)
    __rt_lib_init_lc_ctype_1                 0x000001fb   Thumb Code     0  libinit2.o(.ARM.Collect$$libinit$$00000013)
    __rt_lib_init_lc_monetary_1              0x000001fb   Thumb Code     0  libinit2.o(.ARM.Collect$$libinit$$00000015)
    __rt_lib_init_lc_numeric_1               0x000001fb   Thumb Code     0  libinit2.o(.ARM.Collect$$libinit$$00000017)
    __rt_lib_init_lc_time_1                  0x000001fb   Thumb Code     0  libinit2.o(.ARM.Collect$$libinit$$00000019)
    __rt_lib_init_preinit_1                  0x000001fb   Thumb Code     0  libinit2.o(.ARM.Collect$$libinit$$00000004)
    __rt_lib_init_rand_1                     0x000001fb   Thumb Code     0  libinit2.o(.ARM.Collect$$libinit$$0000000E)
    __rt_lib_init_return                     0x000001fb   Thumb Code     0  libinit2.o(.ARM.Collect$$libinit$$00000033)
    __rt_lib_init_signal_1                   0x000001fb   Thumb Code     0  libinit2.o(.ARM.Collect$$libinit$$0000001D)
    __rt_lib_init_stdio_1                    0x000001fb   Thumb Code     0  libinit2.o(.ARM.Collect$$libinit$$00000025)
    __rt_lib_init_user_alloc_1               0x000001fb   Thumb Code     0  libinit2.o(.ARM.Collect$$libinit$$0000000C)
    __rt_lib_shutdown                        0x000001fd   Thumb Code     0  libshutdown.o(.ARM.Collect$$libshutdown$$00000000)
    __rt_lib_shutdown_cpp_1                  0x000001ff   Thumb Code     0  libshutdown2.o(.ARM.Collect$$libshutdown$$00000002)
    __rt_lib_shutdown_fp_trap_1              0x000001ff   Thumb Code     0  libshutdown2.o(.ARM.Collect$$libshutdown$$00000007)
    __rt_lib_shutdown_heap_1                 0x000001ff   Thumb Code     0  libshutdown2.o(.ARM.Collect$$libshutdown$$0000000F)
    __rt_lib_shutdown_return                 0x000001ff   Thumb Code     0  libshutdown2.o(.ARM.Collect$$libshutdown$$00000010)
    __rt_lib_shutdown_signal_1               0x000001ff   Thumb Code     0  libshutdown2.o(.ARM.Collect$$libshutdown$$0000000A)
    __rt_lib_shutdown_stdio_1                0x000001ff   Thumb Code     0  libshutdown2.o(.ARM.Collect$$libshutdown$$00000004)
    __rt_lib_shutdown_user_alloc_1           0x000001ff   Thumb Code     0  libshutdown2.o(.ARM.Collect$$libshutdown$$0000000C)
    __rt_entry                               0x00000201   Thumb Code     0  __rtentry.o(.ARM.Collect$$rtentry$$00000000)
    __rt_entry_presh_1                       0x00000201   Thumb Code     0  __rtentry2.o(.ARM.Collect$$rtentry$$00000002)
    __rt_entry_sh                            0x00000201   Thumb Code     0  __rtentry4.o(.ARM.Collect$$rtentry$$00000004)
    __rt_entry_li                            0x00000207   Thumb Code     0  __rtentry2.o(.ARM.Collect$$rtentry$$0000000A)
    __rt_entry_postsh_1                      0x00000207   Thumb Code     0  __rtentry2.o(.ARM.Collect$$rtentry$$00000009)
    __rt_entry_main                          0x0000020b   Thumb Code     0  __rtentry2.o(.ARM.Collect$$rtentry$$0000000D)
    __rt_entry_postli_1                      0x0000020b   Thumb Code     0  __rtentry2.o(.ARM.Collect$$rtentry$$0000000C)
    __rt_exit                                0x00000213   Thumb Code     0  rtexit.o(.ARM.Collect$$rtexit$$00000000)
    __rt_exit_ls                             0x00000215   Thumb Code     0  rtexit2.o(.ARM.Collect$$rtexit$$00000003)
    __rt_exit_prels_1                        0x00000215   Thumb Code     0  rtexit2.o(.ARM.Collect$$rtexit$$00000002)
    __rt_exit_exit                           0x00000219   Thumb Code     0  rtexit2.o(.ARM.Collect$$rtexit$$00000004)
    strncat                                  0x0000021f   Thumb Code    36  strncat.o(.text)
    _memset_w                                0x00000243   Thumb Code    26  rt_memclr.o(.text)
    _memset                                  0x0000025d   Thumb Code    30  rt_memclr.o(.text)
    __aeabi_memclr                           0x0000027b   Thumb Code     4  rt_memclr.o(.text)
    __rt_memclr                              0x0000027b   Thumb Code     0  rt_memclr.o(.text)
    __aeabi_memclr4                          0x0000027f   Thumb Code     0  rt_memclr.o(.text)
    __aeabi_memclr8                          0x0000027f   Thumb Code     0  rt_memclr.o(.text)
    __rt_memclr_w                            0x0000027f   Thumb Code     4  rt_memclr.o(.text)
    __aeabi_uidiv                            0x00000283   Thumb Code     0  aeabi_sdivfast.o(.text)
    __aeabi_uidivmod                         0x00000283   Thumb Code    28  aeabi_sdivfast.o(.text)
    __aeabi_idiv                             0x0000029f   Thumb Code     0  aeabi_sdivfast.o(.text)
    __aeabi_idivmod                          0x0000029f   Thumb Code   460  aeabi_sdivfast.o(.text)
    __use_two_region_memory                  0x0000046b   Thumb Code     2  heapauxi.o(.text)
    __rt_heap_escrow$2region                 0x0000046d   Thumb Code     2  heapauxi.o(.text)
    __rt_heap_expand$2region                 0x0000046f   Thumb Code     2  heapauxi.o(.text)
    __aeabi_d2f                              0x00000471   Thumb Code     0  d2f.o(.text)
    _d2f                                     0x00000471   Thumb Code   120  d2f.o(.text)
    __aeabi_dadd                             0x000007e5   Thumb Code     0  daddsub.o(.text)
    _dadd                                    0x000007e5   Thumb Code    26  daddsub.o(.text)
    __aeabi_dsub                             0x000007ff   Thumb Code     0  daddsub.o(.text)
    _dsub                                    0x000007ff   Thumb Code    22  daddsub.o(.text)
    __aeabi_drsub                            0x00000815   Thumb Code     0  daddsub.o(.text)
    _drsb                                    0x00000815   Thumb Code    28  daddsub.o(.text)
    __aeabi_ddiv                             0x00000845   Thumb Code     0  ddiv.o(.text)
    _ddiv                                    0x00000845   Thumb Code  1072  ddiv.o(.text)
    _drdiv                                   0x00000c75   Thumb Code    20  ddiv.o(.text)
    __aeabi_dmul                             0x00000c8d   Thumb Code     0  dmul.o(.text)
    _dmul                                    0x00000c8d   Thumb Code   558  dmul.o(.text)
    __aeabi_f2d                              0x00000ed5   Thumb Code     0  f2d.o(.text)
    _f2d                                     0x00000ed5   Thumb Code    80  f2d.o(.text)
    __aeabi_fdiv                             0x00000f29   Thumb Code     0  fdiv.o(.text)
    _fdiv                                    0x00000f29   Thumb Code   334  fdiv.o(.text)
    _frdiv                                   0x00001077   Thumb Code     8  fdiv.o(.text)
    __aeabi_f2iz                             0x00001089   Thumb Code     0  ffixi.o(.text)
    _ffix                                    0x00001089   Thumb Code    76  ffixi.o(.text)
    __aeabi_f2uiz                            0x000010d5   Thumb Code     0  ffixui.o(.text)
    _ffixu                                   0x000010d5   Thumb Code    48  ffixui.o(.text)
    __aeabi_i2f_normalise                    0x00001105   Thumb Code    72  fflti.o(.text)
    __aeabi_i2f                              0x0000114d   Thumb Code    16  fflti.o(.text)
    _fflt                                    0x0000114d   Thumb Code     0  fflti.o(.text)
    __aeabi_ui2f                             0x0000115d   Thumb Code     6  fflti.o(.text)
    _ffltu                                   0x0000115d   Thumb Code     0  fflti.o(.text)
    __ARM_scalbnf                            0x00001165   Thumb Code    64  fscalbn.o(.text)
    __read_errno                             0x000011a9   Thumb Code    10  _rserrno.o(.text)
    __set_errno                              0x000011b3   Thumb Code    12  _rserrno.o(.text)
    __aeabi_i2d_normalise                    0x000011bf   Thumb Code    66  dflti.o(.text)
    __aeabi_i2d                              0x00001201   Thumb Code    16  dflti.o(.text)
    _dflt                                    0x00001201   Thumb Code     0  dflti.o(.text)
    __aeabi_ui2d                             0x00001211   Thumb Code     6  dflti.o(.text)
    _dfltu                                   0x00001211   Thumb Code     0  dflti.o(.text)
    __ARM_scalbn                             0x00001219   Thumb Code    84  dscalbn.o(.text)
    __ARM_fcmp4                              0x00001279   Thumb Code     0  fcmp4.o(.text)
    _fcmp4                                   0x00001279   Thumb Code   170  fcmp4.o(.text)
    __fpl_fcmp_InfNaN                        0x00001329   Thumb Code    96  fcmpin.o(.text)
    __aeabi_errno_addr                       0x0000138d   Thumb Code     8  rt_errno_addr_intlibspace.o(.text)
    __errno$intlibspace                      0x0000138d   Thumb Code     0  rt_errno_addr_intlibspace.o(.text)
    __rt_errno_addr$intlibspace              0x0000138d   Thumb Code     0  rt_errno_addr_intlibspace.o(.text)
    __fpl_cmpreturn                          0x00001395   Thumb Code    46  cmpret.o(.text)
    __fpl_dcmp_InfNaN                        0x000013c5   Thumb Code   140  dcmpin.o(.text)
    _dsqrt                                   0x00001455   Thumb Code   248  dsqrt.o(.text)
    __fpl_fcheck_NaN2                        0x00001555   Thumb Code    10  fnan2.o(.text)
    __user_libspace                          0x00001565   Thumb Code     8  libspace.o(.text)
    __user_perproc_libspace                  0x00001565   Thumb Code     0  libspace.o(.text)
    __user_perthread_libspace                0x00001565   Thumb Code     0  libspace.o(.text)
    __user_setup_stackheap                   0x0000156d   Thumb Code    62  sys_stackheap_outer.o(.text)
    exit                                     0x000015ab   Thumb Code    16  exit.o(.text)
    __fpl_dcheck_NaN2                        0x000015bd   Thumb Code    14  dnan2.o(.text)
    __fpl_return_NaN                         0x000015d1   Thumb Code    94  retnan.o(.text)
    _sys_exit                                0x00001631   Thumb Code     8  sys_exit.o(.text)
    __I$use$semihosting                      0x0000163d   Thumb Code     0  use_no_semi.o(.text)
    __use_no_semihosting_swi                 0x0000163d   Thumb Code     2  use_no_semi.o(.text)
    ADC_ClearIntPendingBit                   0x0000163f   Thumb Code     6  ht32f5xxxx_adc.o(i.ADC_ClearIntPendingBit)
    __semihosting_library_function           0x0000163f   Thumb Code     0  indicate_semi.o(.text)
    ADC_Cmd                                  0x00001645   Thumb Code    18  ht32f5xxxx_adc.o(i.ADC_Cmd)
    ADC_DeInit                               0x00001657   Thumb Code    18  ht32f5xxxx_adc.o(i.ADC_DeInit)
    ADC_EOC_interrupt_Callback               0x00001669   Thumb Code    18  adc.o(i.ADC_EOC_interrupt_Callback)
    ADC_GetIntStatus                         0x00001685   Thumb Code    12  ht32f5xxxx_adc.o(i.ADC_GetIntStatus)
    ADC_GetResult                            0x00001691   Thumb Code   544  adc.o(i.ADC_GetResult)
    ADC_IRQHandler                           0x000018e9   Thumb Code    20  ht32f5xxxx_01_it.o(i.ADC_IRQHandler)
    ADC_IntConfig                            0x00001901   Thumb Code    18  ht32f5xxxx_adc.o(i.ADC_IntConfig)
    ADC_RegularChannelConfig                 0x00001913   Thumb Code    30  ht32f5xxxx_adc.o(i.ADC_RegularChannelConfig)
    ADC_RegularGroupConfig                   0x00001931   Thumb Code    26  ht32f5xxxx_adc.o(i.ADC_RegularGroupConfig)
    ADC_RegularTrigConfig                    0x0000194b   Thumb Code    14  ht32f5xxxx_adc.o(i.ADC_RegularTrigConfig)
    ADC_SamplingTimeConfig                   0x00001959   Thumb Code     4  ht32f5xxxx_adc.o(i.ADC_SamplingTimeConfig)
    ADC_SoftwareStartConvCmd                 0x0000195d   Thumb Code    20  ht32f5xxxx_adc.o(i.ADC_SoftwareStartConvCmd)
    AFIO_EXTISourceConfig                    0x00001971   Thumb Code    38  ht32f5xxxx_gpio.o(i.AFIO_EXTISourceConfig)
    AFIO_GPxConfig                           0x0000199d   Thumb Code   222  ht32f5xxxx_gpio.o(i.AFIO_GPxConfig)
    BatteryAlertResetDetect                  0x00001a81   Thumb Code    30  battmonitor.o(i.BatteryAlertResetDetect)
    BatteryMonitorHandler                    0x00001aa9   Thumb Code   178  battmonitor.o(i.BatteryMonitorHandler)
    CKCU_GetClockReadyStatus                 0x00001b8d   Thumb Code    16  ht32f5xxxx_ckcu.o(i.CKCU_GetClockReadyStatus)
    CKCU_HSICmd                              0x00001ba1   Thumb Code    18  ht32f5xxxx_ckcu.o(i.CKCU_HSICmd)
    CKCU_PeripClockConfig                    0x00001bb9   Thumb Code    36  ht32f5xxxx_ckcu.o(i.CKCU_PeripClockConfig)
    CKCU_SetADCnPrescaler                    0x00001be1   Thumb Code    22  ht32f5xxxx_ckcu.o(i.CKCU_SetADCnPrescaler)
    CRC_DeInit                               0x00001bfd   Thumb Code    16  ht32f5xxxx_crc.o(i.CRC_DeInit)
    CalculateActualTemp                      0x00001c0d   Thumb Code   358  tempcontrol.o(i.CalculateActualTemp)
    CheckForFlashLock                        0x00001da5   Thumb Code   166  flashprot.o(i.CheckForFlashLock)
    ControlMainLEDHandler                    0x00001e59   Thumb Code   290  modelogic.o(i.ControlMainLEDHandler)
    DeepSleepTimerCallBack                   0x00001fa9   Thumb Code    24  deepsleep.o(i.DeepSleepTimerCallBack)
    DisableHBTimer                           0x00001fc5   Thumb Code    52  mcubeattimer.o(i.DisableHBTimer)
    DisplayBatteryVoltage                    0x00002001   Thumb Code   166  battmonitor.o(i.DisplayBatteryVoltage)
    DisplaySystemTemp                        0x000020d5   Thumb Code   372  tempcontrol.o(i.DisplaySystemTemp)
    DisplayTemp                              0x00002299   Thumb Code    60  tempcontrol.o(i.DisplayTemp)
    EXTI4_15_IRQHandler                      0x000022f1   Thumb Code    24  ht32f5xxxx_01_it.o(i.EXTI4_15_IRQHandler)
    EXTI_ClearEdgeFlag                       0x00002309   Thumb Code    12  ht32f5xxxx_exti.o(i.EXTI_ClearEdgeFlag)
    EXTI_GetEdgeFlag                         0x00002319   Thumb Code    20  ht32f5xxxx_exti.o(i.EXTI_GetEdgeFlag)
    EXTI_Init                                0x00002331   Thumb Code    26  ht32f5xxxx_exti.o(i.EXTI_Init)
    EXTI_IntConfig                           0x00002351   Thumb Code    22  ht32f5xxxx_exti.o(i.EXTI_IntConfig)
    EnableHBTimer                            0x0000236d   Thumb Code    86  mcubeattimer.o(i.EnableHBTimer)
    EnteredLowPowerMode                      0x000023d1   Thumb Code   172  deepsleep.o(i.EnteredLowPowerMode)
    ExitLowPowerMode                         0x00002491   Thumb Code   202  deepsleep.o(i.ExitLowPowerMode)
    FLASH_EraseOptionByte                    0x00002571   Thumb Code    18  ht32f5xxxx_flash.o(i.FLASH_EraseOptionByte)
    FLASH_ErasePage                          0x0000258d   Thumb Code    16  ht32f5xxxx_flash.o(i.FLASH_ErasePage)
    FLASH_GetOptionByteStatus                0x000025a1   Thumb Code    48  ht32f5xxxx_flash.o(i.FLASH_GetOptionByteStatus)
    FLASH_ProgramOptionByte                  0x000025d5   Thumb Code    92  ht32f5xxxx_flash.o(i.FLASH_ProgramOptionByte)
    FLASH_ProgramWordData                    0x00002641   Thumb Code    18  ht32f5xxxx_flash.o(i.FLASH_ProgramWordData)
    FLASH_WaitForOperationEnd                0x00002659   Thumb Code    78  ht32f5xxxx_flash.o(i.FLASH_WaitForOperationEnd)
    FillThermalFilterBuf                     0x000026b1   Thumb Code    82  tempcontrol.o(i.FillThermalFilterBuf)
    GPIO_ClearOutBits                        0x00002719   Thumb Code     4  ht32f5xxxx_gpio.o(i.GPIO_ClearOutBits)
    GPIO_DirectionConfig                     0x0000271d   Thumb Code    16  ht32f5xxxx_gpio.o(i.GPIO_DirectionConfig)
    GPIO_DisableDebugPort                    0x0000272d   Thumb Code    52  ht32f5xxxx_gpio.o(i.GPIO_DisableDebugPort)
    GPIO_DriveConfig                         0x00002765   Thumb Code    56  ht32f5xxxx_gpio.o(i.GPIO_DriveConfig)
    GPIO_InputConfig                         0x0000279d   Thumb Code    16  ht32f5xxxx_gpio.o(i.GPIO_InputConfig)
    GPIO_ReadInBit                           0x000027ad   Thumb Code    10  ht32f5xxxx_gpio.o(i.GPIO_ReadInBit)
    GPIO_SetOutBits                          0x000027b7   Thumb Code     4  ht32f5xxxx_gpio.o(i.GPIO_SetOutBits)
    GPTM0_IRQHandler                         0x000027bd   Thumb Code    56  ht32f5xxxx_01_it.o(i.GPTM0_IRQHandler)
    GPTM1_IRQHandler                         0x00002805   Thumb Code    50  ht32f5xxxx_01_it.o(i.GPTM1_IRQHandler)
    HardFault_Handler                        0x00002841   Thumb Code    60  ht32f5xxxx_01_it.o(i.HardFault_Handler)
    InternalADC_Init                         0x0000288d   Thumb Code   196  adc.o(i.InternalADC_Init)
    LEDMgmt_CallBack                         0x0000295d   Thumb Code   300  ledmgmt.o(i.LEDMgmt_CallBack)
    LED_AddStrobe                            0x00002a95   Thumb Code    68  ledmgmt.o(i.LED_AddStrobe)
    LED_Init                                 0x00002ae1   Thumb Code    96  ledmgmt.o(i.LED_Init)
    LED_Reset                                0x00002b49   Thumb Code    28  ledmgmt.o(i.LED_Reset)
    LightLogicSetup                          0x00002b6d   Thumb Code   144  modelogic.o(i.LightLogicSetup)
    LightModeStateMachine                    0x00002c21   Thumb Code   866  modelogic.o(i.LightModeStateMachine)
    LowVoltageAlertHandler                   0x00002fa9   Thumb Code    40  modelogic.o(i.LowVoltageAlertHandler)
    MCTM_CHBRKCTRConfig                      0x00002fdd   Thumb Code    50  ht32f5xxxx_mctm.o(i.MCTM_CHBRKCTRConfig)
    MCTM_CHMOECmd                            0x0000300f   Thumb Code    18  ht32f5xxxx_mctm.o(i.MCTM_CHMOECmd)
    MainProgramRegionCRC                     0x00003021   Thumb Code   106  flashprot.o(i.MainProgramRegionCRC)
    NMI_Handler                              0x0000309d   Thumb Code     2  ht32f5xxxx_01_it.o(i.NMI_Handler)
    PIDStepdownCalc                          0x000030a1   Thumb Code   236  tempcontrol.o(i.PIDStepdownCalc)
    PWMTimerInit                             0x000031cd   Thumb Code   144  pwmdim.o(i.PWMTimerInit)
    PWRCU_CheckReadyAccessed                 0x00003269   Thumb Code    22  ht32f5xxxx_pwrcu.o(i.PWRCU_CheckReadyAccessed)
    PendSV_Handler                           0x00003289   Thumb Code     2  ht32f5xxxx_01_it.o(i.PendSV_Handler)
    RSTCU_PeripReset                         0x0000328d   Thumb Code    36  ht32f5xxxx_rstcu.o(i.RSTCU_PeripReset)
    RTC_DeInit                               0x000032b5   Thumb Code    34  ht32f5xxxx_rtc.o(i.RTC_DeInit)
    RTC_LSILoadTrimData                      0x000032e1   Thumb Code    52  ht32f5xxxx_rtc.o(i.RTC_LSILoadTrimData)
    RampAdjustHandler                        0x0000331d   Thumb Code   166  modelogic.o(i.RampAdjustHandler)
    ReverseModeCycleOpHandler                0x000033d9   Thumb Code    84  modelogic.o(i.ReverseModeCycleOpHandler)
    SVC_Handler                              0x00003441   Thumb Code     2  ht32f5xxxx_01_it.o(i.SVC_Handler)
    SYSTICK_ClockSourceConfig                0x00003445   Thumb Code    20  ht32_cm0plus_misc.o(i.SYSTICK_ClockSourceConfig)
    SYSTICK_CounterCmd                       0x0000345d   Thumb Code    32  ht32_cm0plus_misc.o(i.SYSTICK_CounterCmd)
    SYSTICK_IntConfig                        0x00003481   Thumb Code    20  ht32_cm0plus_misc.o(i.SYSTICK_IntConfig)
    SetPWMDuty                               0x00003499   Thumb Code    64  pwmdim.o(i.SetPWMDuty)
    SideKeyInit                              0x000034e9   Thumb Code   118  sidekey.o(i.SideKeyInit)
    SideKey_Callback                         0x0000356d   Thumb Code   138  sidekey.o(i.SideKey_Callback)
    SideKey_LogicHandler                     0x00003611   Thumb Code   136  sidekey.o(i.SideKey_LogicHandler)
    SideKey_TIM_Callback                     0x000036a5   Thumb Code    64  sidekey.o(i.SideKey_TIM_Callback)
    SysTick_Handler                          0x000036e9   Thumb Code    14  ht32f5xxxx_01_it.o(i.SysTick_Handler)
    SystemInit                               0x000036fd   Thumb Code   244  system_ht32f5xxxx_01.o(i.SystemInit)
    TM_ClearFlag                             0x00003809   Thumb Code    10  ht32f5xxxx_tm.o(i.TM_ClearFlag)
    TM_Cmd                                   0x00003813   Thumb Code    20  ht32f5xxxx_tm.o(i.TM_Cmd)
    TM_GetFlagStatus                         0x00003827   Thumb Code    10  ht32f5xxxx_tm.o(i.TM_GetFlagStatus)
    TM_IntConfig                             0x00003831   Thumb Code    16  ht32f5xxxx_tm.o(i.TM_IntConfig)
    TM_OutputInit                            0x00003841   Thumb Code   168  ht32f5xxxx_tm.o(i.TM_OutputInit)
    TM_SetCounterReload                      0x000038ed   Thumb Code     6  ht32f5xxxx_tm.o(i.TM_SetCounterReload)
    TM_TimeBaseInit                          0x000038f5   Thumb Code    60  ht32f5xxxx_tm.o(i.TM_TimeBaseInit)
    __ARM_fpclassify                         0x00003935   Thumb Code    40  fpclassify.o(i.__ARM_fpclassify)
    __kernel_poly                            0x00003961   Thumb Code   172  poly.o(i.__kernel_poly)
    __mathlib_dbl_divzero                    0x00003a0d   Thumb Code    16  dunder.o(i.__mathlib_dbl_divzero)
    __mathlib_dbl_infnan                     0x00003a21   Thumb Code    10  dunder.o(i.__mathlib_dbl_infnan)
    __mathlib_dbl_infnan2                    0x00003a2b   Thumb Code     8  dunder.o(i.__mathlib_dbl_infnan2)
    __mathlib_dbl_invalid                    0x00003a33   Thumb Code    16  dunder.o(i.__mathlib_dbl_invalid)
    __mathlib_dbl_overflow                   0x00003a45   Thumb Code    16  dunder.o(i.__mathlib_dbl_overflow)
    __mathlib_dbl_underflow                  0x00003a59   Thumb Code    14  dunder.o(i.__mathlib_dbl_underflow)
    delay_init                               0x00003a6d   Thumb Code    38  delay.o(i.delay_init)
    delay_ms                                 0x00003a99   Thumb Code    68  delay.o(i.delay_ms)
    delay_us                                 0x00003ae5   Thumb Code    72  delay.o(i.delay_us)
    fmaxf                                    0x00003b31   Thumb Code    38  fmaxf.o(i.fmaxf)
    fminf                                    0x00003b57   Thumb Code    38  fminf.o(i.fminf)
    getSideKeyAnyHoldEvent                   0x00003b7d   Thumb Code    30  sidekey.o(i.getSideKeyAnyHoldEvent)
    getSideKeyClickAndHoldEvent              0x00003ba1   Thumb Code     6  sidekey.o(i.getSideKeyClickAndHoldEvent)
    getSideKeyDoubleClickAndHoldEvent        0x00003bad   Thumb Code     6  sidekey.o(i.getSideKeyDoubleClickAndHoldEvent)
    getSideKeyHoldEvent                      0x00003bb9   Thumb Code     6  sidekey.o(i.getSideKeyHoldEvent)
    getSideKeyLongPressEvent                 0x00003bc5   Thumb Code    20  sidekey.o(i.getSideKeyLongPressEvent)
    getSideKeyShortPressCount                0x00003bdd   Thumb Code    36  sidekey.o(i.getSideKeyShortPressCount)
    getSideKeyTripleClickAndHoldEvent        0x00003c05   Thumb Code     6  sidekey.o(i.getSideKeyTripleClickAndHoldEvent)
    iroundf                                  0x00003c11   Thumb Code    40  lineartabop.o(i.iroundf)
    log                                      0x00003c41   Thumb Code   790  log.o(i.log)
    main                                     0x00003f95   Thumb Code   120  main.o(i.main)
    pow                                      0x00004015   Thumb Code  2548  pow.o(i.pow)
    sqrt                                     0x00004a11   Thumb Code    66  sqrt.o(i.sqrt)
    __aeabi_cdcmpeq                          0x00004a59   Thumb Code     0  deqf.o(x$fpl$deqf)
    _dcmpeq                                  0x00004a59   Thumb Code    94  deqf.o(x$fpl$deqf)
    __aeabi_cdrcmple                         0x00004abd   Thumb Code     0  drlef.o(x$fpl$drleqf)
    _drcmple                                 0x00004abd   Thumb Code   100  drlef.o(x$fpl$drleqf)
    __aeabi_fadd                             0x00004b25   Thumb Code     0  faddsub.o(x$fpl$fadd)
    _fadd                                    0x00004b25   Thumb Code   134  faddsub.o(x$fpl$fadd)
    __aeabi_cfcmple                          0x00004bb1   Thumb Code     0  flef.o(x$fpl$fleqf)
    _fcmple                                  0x00004bb1   Thumb Code    78  flef.o(x$fpl$fleqf)
    __aeabi_fmul                             0x00004c05   Thumb Code     0  fmul.o(x$fpl$fmul)
    _fmul                                    0x00004c05   Thumb Code   172  fmul.o(x$fpl$fmul)
    __aeabi_frsub                            0x00004cb5   Thumb Code     0  faddsub.o(x$fpl$frsb)
    _frsb                                    0x00004cb5   Thumb Code    24  faddsub.o(x$fpl$frsb)
    __aeabi_fsub                             0x00004ccd   Thumb Code     0  faddsub.o(x$fpl$fsub)
    _fsub                                    0x00004ccd   Thumb Code   204  faddsub.o(x$fpl$fsub)
    CycleModeRatio                           0x00004d9c   Data          20  modelogic.o(.constdata)
    __I$use$fp                               0x00004d9c   Number         0  usenofp.o(x$fpl$usenofp)
    __mathlib_zero                           0x00004f30   Data           8  qnan.o(.constdata)
    Region$$Table$$Base                      0x00005010   Number         0  anon$$obj.o(Region$$Table)
    Region$$Table$$Limit                     0x00005030   Number         0  anon$$obj.o(Region$$Table)
    SensorRefreshFlag                        0x20000000   Data           1  main.o(.data)
    EnteredMainApp                           0x20000001   Data           1  main.o(.data)
    DelaySeconds                             0x20000008   Data           1  delay.o(.data)
    ExtLEDIndex                              0x20000010   Data           4  ledmgmt.o(.data)
    CurrentLEDIndex                          0x20000020   Data           4  ledmgmt.o(.data)
    LEDPattern                               0x20000024   Data         128  ledmgmt.o(.data)
    ReverseSwitchDelay                       0x200000b8   Data           4  modelogic.o(.data)
    LightMode                                0x200000c0   Data           8  modelogic.o(.data)
    DeepSleepTimerFlag                       0x200000c8   Data           1  deepsleep.o(.data)
    DeepSleepTimer                           0x200000cc   Data           4  deepsleep.o(.data)
    BattStatus                               0x200000d0   Data           1  battmonitor.o(.data)
    TempState                                0x200000d4   Data           1  tempcontrol.o(.data)
    PIDInputTemp                             0x200000e0   Data           4  tempcontrol.o(.data)
    LEDModeStr                               0x200000e4   Data          64  ledmgmt.o(.bss)
    ThermalLowPassFilter                     0x20000124   Data         480  tempcontrol.o(.bss)
    __libspace_start                         0x20000304   Data          96  libspace.o(.bss)
    __temporary_stack_top$libspace           0x20000364   Data           0  libspace.o(.bss)



==============================================================================

Memory Map of the image

  Image Entry point : 0x0000017d

  Load Region LR_IROM1 (Base: 0x00000000, Size: 0x00005114, Max: 0x0001fe00, ABSOLUTE)

    Execution Region ER_IROM1 (Exec base: 0x00000000, Load base: 0x00000000, Size: 0x00005030, Max: 0x0001fe00, ABSOLUTE)

    Exec Addr    Load Addr    Size         Type   Attr      Idx    E Section Name        Object

    0x00000000   0x00000000   0x0000017c   Code   RO          470    RESET               startup_ht32f5xxxx_01.o
    0x0000017c   0x0000017c   0x00000008   Code   RO         3778  * !!!main             c_p.l(__main.o)
    0x00000184   0x00000184   0x0000003c   Code   RO         4068    !!!scatter          c_p.l(__scatter.o)
    0x000001c0   0x000001c0   0x0000001a   Code   RO         4070    !!handler_copy      c_p.l(__scatter_copy.o)
    0x000001da   0x000001da   0x00000002   PAD
    0x000001dc   0x000001dc   0x0000001c   Code   RO         4072    !!handler_zi        c_p.l(__scatter_zi.o)
    0x000001f8   0x000001f8   0x00000002   Code   RO         3936    .ARM.Collect$$libinit$$00000000  c_p.l(libinit.o)
    0x000001fa   0x000001fa   0x00000000   Code   RO         3951    .ARM.Collect$$libinit$$00000002  c_p.l(libinit2.o)
    0x000001fa   0x000001fa   0x00000000   Code   RO         3953    .ARM.Collect$$libinit$$00000004  c_p.l(libinit2.o)
    0x000001fa   0x000001fa   0x00000000   Code   RO         3956    .ARM.Collect$$libinit$$0000000A  c_p.l(libinit2.o)
    0x000001fa   0x000001fa   0x00000000   Code   RO         3958    .ARM.Collect$$libinit$$0000000C  c_p.l(libinit2.o)
    0x000001fa   0x000001fa   0x00000000   Code   RO         3960    .ARM.Collect$$libinit$$0000000E  c_p.l(libinit2.o)
    0x000001fa   0x000001fa   0x00000000   Code   RO         3963    .ARM.Collect$$libinit$$00000011  c_p.l(libinit2.o)
    0x000001fa   0x000001fa   0x00000000   Code   RO         3965    .ARM.Collect$$libinit$$00000013  c_p.l(libinit2.o)
    0x000001fa   0x000001fa   0x00000000   Code   RO         3967    .ARM.Collect$$libinit$$00000015  c_p.l(libinit2.o)
    0x000001fa   0x000001fa   0x00000000   Code   RO         3969    .ARM.Collect$$libinit$$00000017  c_p.l(libinit2.o)
    0x000001fa   0x000001fa   0x00000000   Code   RO         3971    .ARM.Collect$$libinit$$00000019  c_p.l(libinit2.o)
    0x000001fa   0x000001fa   0x00000000   Code   RO         3973    .ARM.Collect$$libinit$$0000001B  c_p.l(libinit2.o)
    0x000001fa   0x000001fa   0x00000000   Code   RO         3975    .ARM.Collect$$libinit$$0000001D  c_p.l(libinit2.o)
    0x000001fa   0x000001fa   0x00000000   Code   RO         3977    .ARM.Collect$$libinit$$0000001F  c_p.l(libinit2.o)
    0x000001fa   0x000001fa   0x00000000   Code   RO         3979    .ARM.Collect$$libinit$$00000021  c_p.l(libinit2.o)
    0x000001fa   0x000001fa   0x00000000   Code   RO         3981    .ARM.Collect$$libinit$$00000023  c_p.l(libinit2.o)
    0x000001fa   0x000001fa   0x00000000   Code   RO         3983    .ARM.Collect$$libinit$$00000025  c_p.l(libinit2.o)
    0x000001fa   0x000001fa   0x00000000   Code   RO         3987    .ARM.Collect$$libinit$$0000002C  c_p.l(libinit2.o)
    0x000001fa   0x000001fa   0x00000000   Code   RO         3989    .ARM.Collect$$libinit$$0000002E  c_p.l(libinit2.o)
    0x000001fa   0x000001fa   0x00000000   Code   RO         3991    .ARM.Collect$$libinit$$00000030  c_p.l(libinit2.o)
    0x000001fa   0x000001fa   0x00000000   Code   RO         3993    .ARM.Collect$$libinit$$00000032  c_p.l(libinit2.o)
    0x000001fa   0x000001fa   0x00000002   Code   RO         3994    .ARM.Collect$$libinit$$00000033  c_p.l(libinit2.o)
    0x000001fc   0x000001fc   0x00000002   Code   RO         4025    .ARM.Collect$$libshutdown$$00000000  c_p.l(libshutdown.o)
    0x000001fe   0x000001fe   0x00000000   Code   RO         4051    .ARM.Collect$$libshutdown$$00000002  c_p.l(libshutdown2.o)
    0x000001fe   0x000001fe   0x00000000   Code   RO         4053    .ARM.Collect$$libshutdown$$00000004  c_p.l(libshutdown2.o)
    0x000001fe   0x000001fe   0x00000000   Code   RO         4056    .ARM.Collect$$libshutdown$$00000007  c_p.l(libshutdown2.o)
    0x000001fe   0x000001fe   0x00000000   Code   RO         4059    .ARM.Collect$$libshutdown$$0000000A  c_p.l(libshutdown2.o)
    0x000001fe   0x000001fe   0x00000000   Code   RO         4061    .ARM.Collect$$libshutdown$$0000000C  c_p.l(libshutdown2.o)
    0x000001fe   0x000001fe   0x00000000   Code   RO         4064    .ARM.Collect$$libshutdown$$0000000F  c_p.l(libshutdown2.o)
    0x000001fe   0x000001fe   0x00000002   Code   RO         4065    .ARM.Collect$$libshutdown$$00000010  c_p.l(libshutdown2.o)
    0x00000200   0x00000200   0x00000000   Code   RO         3840    .ARM.Collect$$rtentry$$00000000  c_p.l(__rtentry.o)
    0x00000200   0x00000200   0x00000000   Code   RO         3888    .ARM.Collect$$rtentry$$00000002  c_p.l(__rtentry2.o)
    0x00000200   0x00000200   0x00000006   Code   RO         3900    .ARM.Collect$$rtentry$$00000004  c_p.l(__rtentry4.o)
    0x00000206   0x00000206   0x00000000   Code   RO         3890    .ARM.Collect$$rtentry$$00000009  c_p.l(__rtentry2.o)
    0x00000206   0x00000206   0x00000004   Code   RO         3891    .ARM.Collect$$rtentry$$0000000A  c_p.l(__rtentry2.o)
    0x0000020a   0x0000020a   0x00000000   Code   RO         3893    .ARM.Collect$$rtentry$$0000000C  c_p.l(__rtentry2.o)
    0x0000020a   0x0000020a   0x00000008   Code   RO         3894    .ARM.Collect$$rtentry$$0000000D  c_p.l(__rtentry2.o)
    0x00000212   0x00000212   0x00000002   Code   RO         3942    .ARM.Collect$$rtexit$$00000000  c_p.l(rtexit.o)
    0x00000214   0x00000214   0x00000000   Code   RO         3998    .ARM.Collect$$rtexit$$00000002  c_p.l(rtexit2.o)
    0x00000214   0x00000214   0x00000004   Code   RO         3999    .ARM.Collect$$rtexit$$00000003  c_p.l(rtexit2.o)
    0x00000218   0x00000218   0x00000006   Code   RO         4000    .ARM.Collect$$rtexit$$00000004  c_p.l(rtexit2.o)
    0x0000021e   0x0000021e   0x00000024   Code   RO         3768    .text               c_p.l(strncat.o)
    0x00000242   0x00000242   0x00000040   Code   RO         3770    .text               c_p.l(rt_memclr.o)
    0x00000282   0x00000282   0x000001e8   Code   RO         3772    .text               c_p.l(aeabi_sdivfast.o)
    0x0000046a   0x0000046a   0x00000006   Code   RO         3776    .text               c_p.l(heapauxi.o)
    0x00000470   0x00000470   0x0000007c   Code   RO         3780    .text               fz_ps.l(d2f.o)
    0x000004ec   0x000004ec   0x00000358   Code   RO         3782    .text               fz_ps.l(daddsub.o)
    0x00000844   0x00000844   0x00000448   Code   RO         3784    .text               fz_ps.l(ddiv.o)
    0x00000c8c   0x00000c8c   0x00000248   Code   RO         3787    .text               fz_ps.l(dmul.o)
    0x00000ed4   0x00000ed4   0x00000054   Code   RO         3789    .text               fz_ps.l(f2d.o)
    0x00000f28   0x00000f28   0x00000160   Code   RO         3797    .text               fz_ps.l(fdiv.o)
    0x00001088   0x00001088   0x0000004c   Code   RO         3802    .text               fz_ps.l(ffixi.o)
    0x000010d4   0x000010d4   0x00000030   Code   RO         3804    .text               fz_ps.l(ffixui.o)
    0x00001104   0x00001104   0x0000005e   Code   RO         3806    .text               fz_ps.l(fflti.o)
    0x00001162   0x00001162   0x00000002   PAD
    0x00001164   0x00001164   0x00000044   Code   RO         3814    .text               fz_ps.l(fscalbn.o)
    0x000011a8   0x000011a8   0x00000016   Code   RO         3845    .text               c_p.l(_rserrno.o)
    0x000011be   0x000011be   0x00000058   Code   RO         3849    .text               fz_ps.l(dflti.o)
    0x00001216   0x00001216   0x00000002   PAD
    0x00001218   0x00001218   0x00000060   Code   RO         3853    .text               fz_ps.l(dscalbn.o)
    0x00001278   0x00001278   0x000000b0   Code   RO         3855    .text               fz_ps.l(fcmp4.o)
    0x00001328   0x00001328   0x00000064   Code   RO         3857    .text               fz_ps.l(fcmpin.o)
    0x0000138c   0x0000138c   0x00000008   Code   RO         3907    .text               c_p.l(rt_errno_addr_intlibspace.o)
    0x00001394   0x00001394   0x0000002e   Code   RO         3909    .text               fz_ps.l(cmpret.o)
    0x000013c2   0x000013c2   0x00000002   PAD
    0x000013c4   0x000013c4   0x00000090   Code   RO         3911    .text               fz_ps.l(dcmpin.o)
    0x00001454   0x00001454   0x00000100   Code   RO         3915    .text               fz_ps.l(dsqrt.o)
    0x00001554   0x00001554   0x00000010   Code   RO         3917    .text               fz_ps.l(fnan2.o)
    0x00001564   0x00001564   0x00000008   Code   RO         3919    .text               c_p.l(libspace.o)
    0x0000156c   0x0000156c   0x0000003e   Code   RO         3922    .text               c_p.l(sys_stackheap_outer.o)
    0x000015aa   0x000015aa   0x00000010   Code   RO         3925    .text               c_p.l(exit.o)
    0x000015ba   0x000015ba   0x00000002   PAD
    0x000015bc   0x000015bc   0x00000014   Code   RO         3937    .text               fz_ps.l(dnan2.o)
    0x000015d0   0x000015d0   0x0000005e   Code   RO         3939    .text               fz_ps.l(retnan.o)
    0x0000162e   0x0000162e   0x00000002   PAD
    0x00001630   0x00001630   0x0000000c   Code   RO         3995    .text               c_p.l(sys_exit.o)
    0x0000163c   0x0000163c   0x00000002   Code   RO         4014    .text               c_p.l(use_no_semi.o)
    0x0000163e   0x0000163e   0x00000000   Code   RO         4016    .text               c_p.l(indicate_semi.o)
    0x0000163e   0x0000163e   0x00000006   Code   RO          572    i.ADC_ClearIntPendingBit  ht32f5xxxx_adc.o
    0x00001644   0x00001644   0x00000012   Code   RO          573    i.ADC_Cmd           ht32f5xxxx_adc.o
    0x00001656   0x00001656   0x00000012   Code   RO          574    i.ADC_DeInit        ht32f5xxxx_adc.o
    0x00001668   0x00001668   0x0000001c   Code   RO         3308    i.ADC_EOC_interrupt_Callback  adc.o
    0x00001684   0x00001684   0x0000000c   Code   RO          577    i.ADC_GetIntStatus  ht32f5xxxx_adc.o
    0x00001690   0x00001690   0x00000258   Code   RO         3309    i.ADC_GetResult     adc.o
    0x000018e8   0x000018e8   0x00000018   Code   RO          195    i.ADC_IRQHandler    ht32f5xxxx_01_it.o
    0x00001900   0x00001900   0x00000012   Code   RO          578    i.ADC_IntConfig     ht32f5xxxx_adc.o
    0x00001912   0x00001912   0x0000001e   Code   RO          580    i.ADC_RegularChannelConfig  ht32f5xxxx_adc.o
    0x00001930   0x00001930   0x0000001a   Code   RO          581    i.ADC_RegularGroupConfig  ht32f5xxxx_adc.o
    0x0000194a   0x0000194a   0x0000000e   Code   RO          582    i.ADC_RegularTrigConfig  ht32f5xxxx_adc.o
    0x00001958   0x00001958   0x00000004   Code   RO          584    i.ADC_SamplingTimeConfig  ht32f5xxxx_adc.o
    0x0000195c   0x0000195c   0x00000014   Code   RO          585    i.ADC_SoftwareStartConvCmd  ht32f5xxxx_adc.o
    0x00001970   0x00001970   0x0000002c   Code   RO         1324    i.AFIO_EXTISourceConfig  ht32f5xxxx_gpio.o
    0x0000199c   0x0000199c   0x000000e4   Code   RO         1325    i.AFIO_GPxConfig    ht32f5xxxx_gpio.o
    0x00001a80   0x00001a80   0x00000028   Code   RO         3690    i.BatteryAlertResetDetect  battmonitor.o
    0x00001aa8   0x00001aa8   0x000000e4   Code   RO         3691    i.BatteryMonitorHandler  battmonitor.o
    0x00001b8c   0x00001b8c   0x00000014   Code   RO          764    i.CKCU_GetClockReadyStatus  ht32f5xxxx_ckcu.o
    0x00001ba0   0x00001ba0   0x00000018   Code   RO          774    i.CKCU_HSICmd       ht32f5xxxx_ckcu.o
    0x00001bb8   0x00001bb8   0x00000028   Code   RO          783    i.CKCU_PeripClockConfig  ht32f5xxxx_ckcu.o
    0x00001be0   0x00001be0   0x0000001c   Code   RO          784    i.CKCU_SetADCnPrescaler  ht32f5xxxx_ckcu.o
    0x00001bfc   0x00001bfc   0x00000010   Code   RO         1044    i.CRC_DeInit        ht32f5xxxx_crc.o
    0x00001c0c   0x00001c0c   0x00000198   Code   RO         3721    i.CalculateActualTemp  tempcontrol.o
    0x00001da4   0x00001da4   0x000000b4   Code   RO         3509    i.CheckForFlashLock  flashprot.o
    0x00001e58   0x00001e58   0x00000150   Code   RO         3535    i.ControlMainLEDHandler  modelogic.o
    0x00001fa8   0x00001fa8   0x0000001c   Code   RO         3656    i.DeepSleepTimerCallBack  deepsleep.o
    0x00001fc4   0x00001fc4   0x0000003c   Code   RO          337    i.DisableHBTimer    mcubeattimer.o
    0x00002000   0x00002000   0x000000d4   Code   RO         3692    i.DisplayBatteryVoltage  battmonitor.o
    0x000020d4   0x000020d4   0x000001c4   Code   RO         3722    i.DisplaySystemTemp  tempcontrol.o
    0x00002298   0x00002298   0x00000058   Code   RO         3723    i.DisplayTemp       tempcontrol.o
    0x000022f0   0x000022f0   0x00000018   Code   RO          196    i.EXTI4_15_IRQHandler  ht32f5xxxx_01_it.o
    0x00002308   0x00002308   0x00000010   Code   RO         1135    i.EXTI_ClearEdgeFlag  ht32f5xxxx_exti.o
    0x00002318   0x00002318   0x00000018   Code   RO         1138    i.EXTI_GetEdgeFlag  ht32f5xxxx_exti.o
    0x00002330   0x00002330   0x00000020   Code   RO         1142    i.EXTI_Init         ht32f5xxxx_exti.o
    0x00002350   0x00002350   0x0000001c   Code   RO         1143    i.EXTI_IntConfig    ht32f5xxxx_exti.o
    0x0000236c   0x0000236c   0x00000064   Code   RO          338    i.EnableHBTimer     mcubeattimer.o
    0x000023d0   0x000023d0   0x000000c0   Code   RO         3657    i.EnteredLowPowerMode  deepsleep.o
    0x00002490   0x00002490   0x000000e0   Code   RO         3658    i.ExitLowPowerMode  deepsleep.o
    0x00002570   0x00002570   0x0000001c   Code   RO         1229    i.FLASH_EraseOptionByte  ht32f5xxxx_flash.o
    0x0000258c   0x0000258c   0x00000014   Code   RO         1230    i.FLASH_ErasePage   ht32f5xxxx_flash.o
    0x000025a0   0x000025a0   0x00000034   Code   RO         1232    i.FLASH_GetOptionByteStatus  ht32f5xxxx_flash.o
    0x000025d4   0x000025d4   0x0000006c   Code   RO         1236    i.FLASH_ProgramOptionByte  ht32f5xxxx_flash.o
    0x00002640   0x00002640   0x00000018   Code   RO         1237    i.FLASH_ProgramWordData  ht32f5xxxx_flash.o
    0x00002658   0x00002658   0x00000058   Code   RO         1240    i.FLASH_WaitForOperationEnd  ht32f5xxxx_flash.o
    0x000026b0   0x000026b0   0x00000068   Code   RO         3724    i.FillThermalFilterBuf  tempcontrol.o
    0x00002718   0x00002718   0x00000004   Code   RO         1326    i.GPIO_ClearOutBits  ht32f5xxxx_gpio.o
    0x0000271c   0x0000271c   0x00000010   Code   RO         1328    i.GPIO_DirectionConfig  ht32f5xxxx_gpio.o
    0x0000272c   0x0000272c   0x00000038   Code   RO         1329    i.GPIO_DisableDebugPort  ht32f5xxxx_gpio.o
    0x00002764   0x00002764   0x00000038   Code   RO         1330    i.GPIO_DriveConfig  ht32f5xxxx_gpio.o
    0x0000279c   0x0000279c   0x00000010   Code   RO         1332    i.GPIO_InputConfig  ht32f5xxxx_gpio.o
    0x000027ac   0x000027ac   0x0000000a   Code   RO         1338    i.GPIO_ReadInBit    ht32f5xxxx_gpio.o
    0x000027b6   0x000027b6   0x00000004   Code   RO         1342    i.GPIO_SetOutBits   ht32f5xxxx_gpio.o
    0x000027ba   0x000027ba   0x00000002   PAD
    0x000027bc   0x000027bc   0x00000048   Code   RO          197    i.GPTM0_IRQHandler  ht32f5xxxx_01_it.o
    0x00002804   0x00002804   0x0000003c   Code   RO          198    i.GPTM1_IRQHandler  ht32f5xxxx_01_it.o
    0x00002840   0x00002840   0x0000004c   Code   RO          199    i.HardFault_Handler  ht32f5xxxx_01_it.o
    0x0000288c   0x0000288c   0x000000d0   Code   RO         3310    i.InternalADC_Init  adc.o
    0x0000295c   0x0000295c   0x00000138   Code   RO         3351    i.LEDMgmt_CallBack  ledmgmt.o
    0x00002a94   0x00002a94   0x0000004c   Code   RO         3352    i.LED_AddStrobe     ledmgmt.o
    0x00002ae0   0x00002ae0   0x00000068   Code   RO         3353    i.LED_Init          ledmgmt.o
    0x00002b48   0x00002b48   0x00000024   Code   RO         3354    i.LED_Reset         ledmgmt.o
    0x00002b6c   0x00002b6c   0x000000b4   Code   RO         3536    i.LightLogicSetup   modelogic.o
    0x00002c20   0x00002c20   0x00000388   Code   RO         3537    i.LightModeStateMachine  modelogic.o
    0x00002fa8   0x00002fa8   0x00000034   Code   RO         3538    i.LowVoltageAlertHandler  modelogic.o
    0x00002fdc   0x00002fdc   0x00000032   Code   RO         1735    i.MCTM_CHBRKCTRConfig  ht32f5xxxx_mctm.o
    0x0000300e   0x0000300e   0x00000012   Code   RO         1738    i.MCTM_CHMOECmd     ht32f5xxxx_mctm.o
    0x00003020   0x00003020   0x0000007c   Code   RO         3510    i.MainProgramRegionCRC  flashprot.o
    0x0000309c   0x0000309c   0x00000002   Code   RO          200    i.NMI_Handler       ht32f5xxxx_01_it.o
    0x0000309e   0x0000309e   0x00000002   PAD
    0x000030a0   0x000030a0   0x0000012c   Code   RO         3726    i.PIDStepdownCalc   tempcontrol.o
    0x000031cc   0x000031cc   0x0000009c   Code   RO         3483    i.PWMTimerInit      pwmdim.o
    0x00003268   0x00003268   0x00000020   Code   RO         1885    i.PWRCU_CheckReadyAccessed  ht32f5xxxx_pwrcu.o
    0x00003288   0x00003288   0x00000002   Code   RO          201    i.PendSV_Handler    ht32f5xxxx_01_it.o
    0x0000328a   0x0000328a   0x00000002   PAD
    0x0000328c   0x0000328c   0x00000028   Code   RO         2048    i.RSTCU_PeripReset  ht32f5xxxx_rstcu.o
    0x000032b4   0x000032b4   0x0000002c   Code   RO         2086    i.RTC_DeInit        ht32f5xxxx_rtc.o
    0x000032e0   0x000032e0   0x0000003c   Code   RO         2095    i.RTC_LSILoadTrimData  ht32f5xxxx_rtc.o
    0x0000331c   0x0000331c   0x000000bc   Code   RO         3539    i.RampAdjustHandler  modelogic.o
    0x000033d8   0x000033d8   0x00000068   Code   RO         3540    i.ReverseModeCycleOpHandler  modelogic.o
    0x00003440   0x00003440   0x00000002   Code   RO          202    i.SVC_Handler       ht32f5xxxx_01_it.o
    0x00003442   0x00003442   0x00000002   PAD
    0x00003444   0x00003444   0x00000018   Code   RO          482    i.SYSTICK_ClockSourceConfig  ht32_cm0plus_misc.o
    0x0000345c   0x0000345c   0x00000024   Code   RO          483    i.SYSTICK_CounterCmd  ht32_cm0plus_misc.o
    0x00003480   0x00003480   0x00000018   Code   RO          484    i.SYSTICK_IntConfig  ht32_cm0plus_misc.o
    0x00003498   0x00003498   0x00000050   Code   RO         3484    i.SetPWMDuty        pwmdim.o
    0x000034e8   0x000034e8   0x00000084   Code   RO         3400    i.SideKeyInit       sidekey.o
    0x0000356c   0x0000356c   0x000000a4   Code   RO         3401    i.SideKey_Callback  sidekey.o
    0x00003610   0x00003610   0x00000094   Code   RO         3402    i.SideKey_LogicHandler  sidekey.o
    0x000036a4   0x000036a4   0x00000044   Code   RO         3403    i.SideKey_TIM_Callback  sidekey.o
    0x000036e8   0x000036e8   0x00000014   Code   RO          203    i.SysTick_Handler   ht32f5xxxx_01_it.o
    0x000036fc   0x000036fc   0x0000010c   Code   RO          370    i.SystemInit        system_ht32f5xxxx_01.o
    0x00003808   0x00003808   0x0000000a   Code   RO         2477    i.TM_ClearFlag      ht32f5xxxx_tm.o
    0x00003812   0x00003812   0x00000014   Code   RO         2480    i.TM_Cmd            ht32f5xxxx_tm.o
    0x00003826   0x00003826   0x0000000a   Code   RO         2488    i.TM_GetFlagStatus  ht32f5xxxx_tm.o
    0x00003830   0x00003830   0x00000010   Code   RO         2493    i.TM_IntConfig      ht32f5xxxx_tm.o
    0x00003840   0x00003840   0x000000ac   Code   RO         2497    i.TM_OutputInit     ht32f5xxxx_tm.o
    0x000038ec   0x000038ec   0x00000006   Code   RO         2506    i.TM_SetCounterReload  ht32f5xxxx_tm.o
    0x000038f2   0x000038f2   0x00000002   PAD
    0x000038f4   0x000038f4   0x00000040   Code   RO         2511    i.TM_TimeBaseInit   ht32f5xxxx_tm.o
    0x00003934   0x00003934   0x0000002c   Code   RO         3874    i.__ARM_fpclassify  m_ps.l(fpclassify.o)
    0x00003960   0x00003960   0x000000ac   Code   RO         3876    i.__kernel_poly     m_ps.l(poly.o)
    0x00003a0c   0x00003a0c   0x00000014   Code   RO         3860    i.__mathlib_dbl_divzero  m_ps.l(dunder.o)
    0x00003a20   0x00003a20   0x0000000a   Code   RO         3861    i.__mathlib_dbl_infnan  m_ps.l(dunder.o)
    0x00003a2a   0x00003a2a   0x00000008   Code   RO         3862    i.__mathlib_dbl_infnan2  m_ps.l(dunder.o)
    0x00003a32   0x00003a32   0x00000010   Code   RO         3863    i.__mathlib_dbl_invalid  m_ps.l(dunder.o)
    0x00003a42   0x00003a42   0x00000002   PAD
    0x00003a44   0x00003a44   0x00000014   Code   RO         3864    i.__mathlib_dbl_overflow  m_ps.l(dunder.o)
    0x00003a58   0x00003a58   0x00000014   Code   RO         3866    i.__mathlib_dbl_underflow  m_ps.l(dunder.o)
    0x00003a6c   0x00003a6c   0x0000002c   Code   RO          266    i.delay_init        delay.o
    0x00003a98   0x00003a98   0x0000004c   Code   RO          267    i.delay_ms          delay.o
    0x00003ae4   0x00003ae4   0x0000004c   Code   RO          268    i.delay_us          delay.o
    0x00003b30   0x00003b30   0x00000026   Code   RO         3836    i.fmaxf             m_ps.l(fmaxf.o)
    0x00003b56   0x00003b56   0x00000026   Code   RO         3838    i.fminf             m_ps.l(fminf.o)
    0x00003b7c   0x00003b7c   0x00000024   Code   RO         3404    i.getSideKeyAnyHoldEvent  sidekey.o
    0x00003ba0   0x00003ba0   0x0000000c   Code   RO         3405    i.getSideKeyClickAndHoldEvent  sidekey.o
    0x00003bac   0x00003bac   0x0000000c   Code   RO         3406    i.getSideKeyDoubleClickAndHoldEvent  sidekey.o
    0x00003bb8   0x00003bb8   0x0000000c   Code   RO         3407    i.getSideKeyHoldEvent  sidekey.o
    0x00003bc4   0x00003bc4   0x00000018   Code   RO         3408    i.getSideKeyLongPressEvent  sidekey.o
    0x00003bdc   0x00003bdc   0x00000028   Code   RO         3409    i.getSideKeyShortPressCount  sidekey.o
    0x00003c04   0x00003c04   0x0000000c   Code   RO         3410    i.getSideKeyTripleClickAndHoldEvent  sidekey.o
    0x00003c10   0x00003c10   0x00000030   Code   RO          306    i.iroundf           lineartabop.o
    0x00003c40   0x00003c40   0x00000354   Code   RO         3817    i.log               m_ps.l(log.o)
    0x00003f94   0x00003f94   0x00000080   Code   RO            3    i.main              main.o
    0x00004014   0x00004014   0x000009fc   Code   RO         3827    i.pow               m_ps.l(pow.o)
    0x00004a10   0x00004a10   0x00000048   Code   RO         3880    i.sqrt              m_ps.l(sqrt.o)
    0x00004a58   0x00004a58   0x00000064   Code   RO         3847    x$fpl$deqf          fz_ps.l(deqf.o)
    0x00004abc   0x00004abc   0x00000068   Code   RO         3851    x$fpl$drleqf        fz_ps.l(drlef.o)
    0x00004b24   0x00004b24   0x0000008c   Code   RO         3791    x$fpl$fadd          fz_ps.l(faddsub.o)
    0x00004bb0   0x00004bb0   0x00000054   Code   RO         3808    x$fpl$fleqf         fz_ps.l(flef.o)
    0x00004c04   0x00004c04   0x000000b0   Code   RO         3810    x$fpl$fmul          fz_ps.l(fmul.o)
    0x00004cb4   0x00004cb4   0x00000018   Code   RO         3792    x$fpl$frsb          fz_ps.l(faddsub.o)
    0x00004ccc   0x00004ccc   0x000000d0   Code   RO         3793    x$fpl$fsub          fz_ps.l(faddsub.o)
    0x00004d9c   0x00004d9c   0x00000000   Code   RO         3859    x$fpl$usenofp       fz_ps.l(usenofp.o)
    0x00004d9c   0x00004d9c   0x00000014   Data   RO         3541    .constdata          modelogic.o
    0x00004db0   0x00004db0   0x00000080   Data   RO         3785    .constdata          fz_ps.l(ddiv.o)
    0x00004e30   0x00004e30   0x00000040   Data   RO         3798    .constdata          fz_ps.l(fdiv.o)
    0x00004e70   0x00004e70   0x00000038   Data   RO         3818    .constdata          m_ps.l(log.o)
    0x00004ea8   0x00004ea8   0x00000088   Data   RO         3828    .constdata          m_ps.l(pow.o)
    0x00004f30   0x00004f30   0x00000008   Data   RO         3878    .constdata          m_ps.l(qnan.o)
    0x00004f38   0x00004f38   0x000000d5   Data   RO         3356    .conststring        ledmgmt.o
    0x0000500d   0x0000500d   0x00000003   PAD
    0x00005010   0x00005010   0x00000020   Data   RO         4066    Region$$Table       anon$$obj.o


    Execution Region RW_IRAM1 (Exec base: 0x20000000, Load base: 0x00005030, Size: 0x00000f68, Max: 0x00004000, ABSOLUTE)

    Exec Addr    Load Addr    Size         Type   Attr      Idx    E Section Name        Object

    0x20000000   0x00005030   0x00000002   Data   RW            4    .data               main.o
    0x20000002   0x00005032   0x00000002   PAD
    0x20000004   0x00005034   0x00000004   Data   RW          204    .data               ht32f5xxxx_01_it.o
    0x20000008   0x00005038   0x00000001   Data   RW          269    .data               delay.o
    0x20000009   0x00005039   0x00000001   Data   RW         3312    .data               adc.o
    0x2000000a   0x0000503a   0x00000002   PAD
    0x2000000c   0x0000503c   0x00000098   Data   RW         3357    .data               ledmgmt.o
    0x200000a4   0x000050d4   0x0000000c   Data   RW         3411    .data               sidekey.o
    0x200000b0   0x000050e0   0x00000018   Data   RW         3542    .data               modelogic.o
    0x200000c8   0x000050f8   0x00000008   Data   RW         3659    .data               deepsleep.o
    0x200000d0   0x00005100   0x00000001   Data   RW         3693    .data               battmonitor.o
    0x200000d1   0x00005101   0x00000003   PAD
    0x200000d4   0x00005104   0x00000010   Data   RW         3728    .data               tempcontrol.o
    0x200000e4        -       0x00000040   Zero   RW         3355    .bss                ledmgmt.o
    0x20000124        -       0x000001e0   Zero   RW         3727    .bss                tempcontrol.o
    0x20000304        -       0x00000060   Zero   RW         3920    .bss                c_p.l(libspace.o)
    0x20000364   0x00005114   0x00000004   PAD
    0x20000368        -       0x00000000   Zero   RW          469    HEAP                startup_ht32f5xxxx_01.o
    0x20000368        -       0x00000c00   Zero   RW          468    STACK               startup_ht32f5xxxx_01.o


==============================================================================

Image component sizes


      Code (inc. data)   RO Data    RW Data    ZI Data      Debug   Object Name

       836         78          0          1          0      10853   adc.o
       480        106          0          1          0       2127   battmonitor.o
       444         46          0          8          0       2098   deepsleep.o
       196         18          0          1          0       1618   delay.o
       304         32          0          0          0       1815   flashprot.o
        84         12          0          0          0       1589   ht32_cm0plus_misc.o
       282         52          0          4          0       4016   ht32f5xxxx_01_it.o
       166          0          0          0          0       6027   ht32f5xxxx_adc.o
       112         20          0          0          0       4683   ht32f5xxxx_ckcu.o
        16          0          0          0          0        805   ht32f5xxxx_crc.o
       100         20          0          0          0       4961   ht32f5xxxx_exti.o
       320         50          0          0          0       5176   ht32f5xxxx_flash.o
       434         16          0          0          0       6503   ht32f5xxxx_gpio.o
        68          0          0          0          0       1522   ht32f5xxxx_mctm.o
        32         10          0          0          0       8503   ht32f5xxxx_pwrcu.o
        40          4          0          0          0        635   ht32f5xxxx_rstcu.o
       104         18          0          0          0       1035   ht32f5xxxx_rtc.o
       298          8          0          0          0       5452   ht32f5xxxx_tm.o
       528         36        213        152         64       3350   ledmgmt.o
        48          8          0          0          0        582   lineartabop.o
       128          8          0          2          0      64579   main.o
       160         22          0          0          0       9125   mcubeattimer.o
      1764        182         20         24          0      44743   modelogic.o
       236         28          0          0          0       1204   pwmdim.o
       660         94          0         12          0       6846   sidekey.o
       380        252          0          0       3072        720   startup_ht32f5xxxx_01.o
       268         24          0          0          0        653   system_ht32f5xxxx_01.o
      1352        244          0         16        480       4955   tempcontrol.o

    ----------------------------------------------------------------------
      9850       1388        268        228       3616     206175   Object Totals
         0          0         32          0          0          0   (incl. Generated)
        10          0          3          7          0          0   (incl. Padding)

    ----------------------------------------------------------------------

      Code (inc. data)   RO Data    RW Data    ZI Data      Debug   Library Member Name

         8          0          0          0          0         68   __main.o
         0          0          0          0          0          0   __rtentry.o
        12          0          0          0          0          0   __rtentry2.o
         6          0          0          0          0          0   __rtentry4.o
        60          8          0          0          0          0   __scatter.o
        26          0          0          0          0          0   __scatter_copy.o
        28          0          0          0          0          0   __scatter_zi.o
        22          0          0          0          0         92   _rserrno.o
       488          0          0          0          0         92   aeabi_sdivfast.o
        16          0          0          0          0         68   exit.o
         6          0          0          0          0        136   heapauxi.o
         0          0          0          0          0          0   indicate_semi.o
         2          0          0          0          0          0   libinit.o
         2          0          0          0          0          0   libinit2.o
         2          0          0          0          0          0   libshutdown.o
         2          0          0          0          0          0   libshutdown2.o
         8          4          0          0         96         68   libspace.o
         8          4          0          0          0         68   rt_errno_addr_intlibspace.o
        64          0          0          0          0        108   rt_memclr.o
         2          0          0          0          0          0   rtexit.o
        10          0          0          0          0          0   rtexit2.o
        36          0          0          0          0         68   strncat.o
        12          4          0          0          0         60   sys_exit.o
        62          0          0          0          0         80   sys_stackheap_outer.o
         2          0          0          0          0         68   use_no_semi.o
        46          0          0          0          0         60   cmpret.o
       124          4          0          0          0         72   d2f.o
       856         20          0          0          0        208   daddsub.o
       144          4          0          0          0         76   dcmpin.o
      1096         26        128          0          0        112   ddiv.o
       100          4          0          0          0         92   deqf.o
        88          0          0          0          0         92   dflti.o
       584         26          0          0          0         84   dmul.o
        20          6          0          0          0         68   dnan2.o
       104          4          0          0          0        104   drlef.o
        96         12          0          0          0         72   dscalbn.o
       256          8          0          0          0         76   dsqrt.o
        84          4          0          0          0         60   f2d.o
       372          8          0          0          0        240   faddsub.o
       176          6          0          0          0         76   fcmp4.o
       100          4          0          0          0         68   fcmpin.o
       352         10         64          0          0         92   fdiv.o
        76          0          0          0          0         68   ffixi.o
        48          0          0          0          0         60   ffixui.o
        94          0          0          0          0         92   fflti.o
        84          4          0          0          0         76   flef.o
       176          4          0          0          0         80   fmul.o
        16          6          0          0          0         68   fnan2.o
        68          4          0          0          0         68   fscalbn.o
        94          0          0          0          0         68   retnan.o
         0          0          0          0          0          0   usenofp.o
        94         14          0          0          0        408   dunder.o
        38          0          0          0          0         72   fmaxf.o
        38          0          0          0          0         72   fminf.o
        44          4          0          0          0         60   fpclassify.o
       852         62         56          0          0        136   log.o
       172          0          0          0          0         76   poly.o
      2556        196        136          0          0        240   pow.o
         0          0          8          0          0          0   qnan.o
        72          6          0          0          0         76   sqrt.o

    ----------------------------------------------------------------------
     10018        466        392          0        100       4348   Library Totals
        14          0          0          0          4          0   (incl. Padding)

    ----------------------------------------------------------------------

      Code (inc. data)   RO Data    RW Data    ZI Data      Debug   Library Name

       884         20          0          0         96        976   c_p.l
      5254        164        192          0          0       2232   fz_ps.l
      3866        282        200          0          0       1140   m_ps.l

    ----------------------------------------------------------------------
     10018        466        392          0        100       4348   Library Totals

    ----------------------------------------------------------------------

==============================================================================


      Code (inc. data)   RO Data    RW Data    ZI Data      Debug   

     19868       1854        660        228       3716     203891   Grand Totals
     19868       1854        660        228       3716     203891   ELF Image Totals
     19868       1854        660        228          0          0   ROM Totals

==============================================================================

    Total RO  Size (Code + RO Data)                20528 (  20.05kB)
    Total RW  Size (RW Data + ZI Data)              3944 (   3.85kB)
    Total ROM Size (Code + RO Data + RW Data)      20756 (  20.27kB)

==============================================================================

